LIVE BINANCE IMPULSE SHADOW ONLY: public Binance/MEXC WebSockets and read-only 
MEXC fee discovery; no execution adapter and no order endpoint.
symbols=DOGE_USDT,LINK_USDT,XRP_USDT notional=10000USDT latency=fixed:0/0ms 
slippage_each_side=0bps
SHADOW STATUS trades=0 W/L/F=0/0/0 pnl=+0.0000USDT books=0/3 Bquotes=0 Mdepth=0
state=WATCHING
SHADOW STATUS trades=0 W/L/F=0/0/0 pnl=+0.0000USDT books=3/3 Bquotes=150 
Mdepth=27 state=WATCHING
SHADOW STATUS trades=0 W/L/F=0/0/0 pnl=+0.0000USDT books=3/3 Bquotes=299 
Mdepth=44 state=WATCHING
SHADOW STATUS trades=0 W/L/F=0/0/0 pnl=+0.0000USDT books=3/3 Bquotes=599 
Mdepth=61 state=WATCHING
SHADOW STATUS trades=0 W/L/F=0/0/0 pnl=+0.0000USDT books=3/3 Bquotes=877 
Mdepth=75 state=WATCHING
SHADOW STATUS trades=0 W/L/F=0/0/0 pnl=+0.0000USDT books=3/3 Bquotes=1330 
Mdepth=92 state=WATCHING
SHADOW SIGNAL LINK_USDT SHORT impulse=-2.103bps threshold=1.252 spread=1.052
SHADOW ENTRY LINK_USDT SHORT impulse=-2.103bps spread=1.052 signal_to_fill=14ms
px=9.509
SHADOW EXIT LINK_USDT SHORT reason=binance_target_caught 
pnl=+3.155bps/+3.1549USDT hold=273ms
SHADOW STATUS trades=1 W/L/F=1/0/0 pnl=+3.1549USDT books=3/3 Bquotes=1697 
Mdepth=112 state=WATCHING
SHADOW SIGNAL LINK_USDT LONG impulse=+2.630bps threshold=1.252 spread=1.052
SHADOW ENTRY LINK_USDT LONG impulse=+2.630bps spread=1.052 signal_to_fill=5ms 
px=9.504
SHADOW EXIT LINK_USDT LONG reason=binance_target_caught 
pnl=+2.104bps/+2.1044USDT hold=459ms
SHADOW STATUS trades=2 W/L/F=2/0/0 pnl=+5.2593USDT books=3/3 Bquotes=2082 
Mdepth=138 state=WATCHING
SHADOW STATUS trades=2 W/L/F=2/0/0 pnl=+5.2593USDT books=3/3 Bquotes=2252 
Mdepth=155 state=WATCHING
SHADOW STATUS trades=2 W/L/F=2/0/0 pnl=+5.2593USDT books=3/3 Bquotes=2468 
Mdepth=169 state=WATCHING
SHADOW STATUS trades=2 W/L/F=2/0/0 pnl=+5.2593USDT books=3/3 Bquotes=2691 
Mdepth=184 state=WATCHING
SHADOW STATUS trades=2 W/L/F=2/0/0 pnl=+5.2593USDT books=3/3 Bquotes=2967 
Mdepth=201 state=WATCHING
SHADOW SIGNAL LINK_USDT LONG impulse=+2.104bps threshold=1.252 spread=1.052
SHADOW ENTRY LINK_USDT LONG impulse=+2.104bps spread=1.052 signal_to_fill=8ms 
px=9.505
SHADOW EXIT LINK_USDT LONG reason=live_adverse_cut pnl=-2.104bps/-2.1042USDT 
hold=24221ms
SHADOW STATUS trades=3 W/L/F=2/1/0 pnl=+3.1551USDT books=3/3 Bquotes=5006 
Mdepth=292 state=WATCHING
SHADOW SIGNAL LINK_USDT LONG impulse=+2.105bps threshold=1.253 spread=1.053
SHADOW ENTRY LINK_USDT LONG impulse=+2.105bps spread=1.053 signal_to_fill=9ms 
px=9.501
SHADOW EXIT LINK_USDT LONG reason=binance_target_caught 
pnl=+2.105bps/+2.1050USDT hold=2468ms
SHADOW STATUS trades=4 W/L/F=3/1/0 pnl=+5.2602USDT books=3/3 Bquotes=5564 
Mdepth=315 state=WATCHING
SHADOW STATUS trades=4 W/L/F=3/1/0 pnl=+5.2602USDT books=3/3 Bquotes=5905 
Mdepth=342 state=WATCHING
SHADOW STATUS trades=4 W/L/F=3/1/0 pnl=+5.2602USDT books=3/3 Bquotes=6181 
Mdepth=365 state=WATCHING
SHADOW STATUS trades=4 W/L/F=3/1/0 pnl=+5.2602USDT books=3/3 Bquotes=6451 
Mdepth=388 state=WATCHING
SHADOW STATUS trades=4 W/L/F=3/1/0 pnl=+5.2602USDT books=3/3 Bquotes=6807 
Mdepth=412 state=WATCHING
SHADOW STATUS trades=4 W/L/F=3/1/0 pnl=+5.2602USDT books=3/3 Bquotes=7116 
Mdepth=435 state=WATCHING
SHADOW STATUS trades=4 W/L/F=3/1/0 pnl=+5.2602USDT books=3/3 Bquotes=7281 
Mdepth=453 state=WATCHING
SHADOW SIGNAL LINK_USDT SHORT impulse=-2.106bps threshold=1.253 spread=1.053
SHADOW ENTRY LINK_USDT SHORT impulse=-2.106bps spread=1.053 signal_to_fill=8ms 
px=9.496
SHADOW EXIT LINK_USDT SHORT reason=binance_target_caught 
pnl=+2.106bps/+2.1061USDT hold=88ms
SHADOW SIGNAL LINK_USDT LONG impulse=+2.106bps threshold=1.253 spread=1.053
SHADOW ENTRY LINK_USDT LONG impulse=+2.106bps spread=1.053 signal_to_fill=5ms 
px=9.496
SHADOW EXIT LINK_USDT LONG reason=binance_target_caught 
pnl=+2.106bps/+2.1061USDT hold=27347ms
SHADOW STATUS trades=6 W/L/F=5/1/0 pnl=+9.4725USDT books=3/3 Bquotes=9174 
Mdepth=614 state=WATCHING
SHADOW SIGNAL LINK_USDT SHORT impulse=-2.106bps threshold=1.253 spread=1.053
SHADOW ENTRY LINK_USDT SHORT impulse=-2.106bps spread=1.053 signal_to_fill=5ms 
px=9.495
SHADOW EXIT LINK_USDT SHORT reason=binance_target_caught 
pnl=+2.106bps/+2.1064USDT hold=713ms
SHADOW STATUS trades=7 W/L/F=6/1/0 pnl=+11.5788USDT books=3/3 Bquotes=9530 
Mdepth=632 state=WATCHING
SHADOW STATUS trades=7 W/L/F=6/1/0 pnl=+11.5788USDT books=3/3 Bquotes=9876 
Mdepth=652 state=WATCHING
SHADOW STATUS trades=7 W/L/F=6/1/0 pnl=+11.5788USDT books=3/3 Bquotes=10230 
Mdepth=689 state=WATCHING
SHADOW STATUS trades=7 W/L/F=6/1/0 pnl=+11.5788USDT books=3/3 Bquotes=10488 
Mdepth=713 state=WATCHING
SHADOW STATUS trades=7 W/L/F=6/1/0 pnl=+11.5788USDT books=3/3 Bquotes=10840 
Mdepth=730 state=WATCHING
SHADOW STATUS trades=7 W/L/F=6/1/0 pnl=+11.5788USDT books=3/3 Bquotes=11144 
Mdepth=748 state=WATCHING
SHADOW SIGNAL LINK_USDT SHORT impulse=-2.106bps threshold=1.253 spread=1.053
SHADOW ENTRY LINK_USDT SHORT impulse=-2.106bps spread=1.053 signal_to_fill=7ms 
px=9.495
SHADOW EXIT LINK_USDT SHORT reason=binance_target_caught 
pnl=+2.106bps/+2.1064USDT hold=3050ms
SHADOW STATUS trades=8 W/L/F=7/1/0 pnl=+13.6852USDT books=3/3 Bquotes=11399 
Mdepth=769 state=WATCHING
SHADOW STATUS trades=8 W/L/F=7/1/0 pnl=+13.6852USDT books=3/3 Bquotes=11735 
Mdepth=784 state=WATCHING
SHADOW STATUS trades=8 W/L/F=7/1/0 pnl=+13.6852USDT books=3/3 Bquotes=11964 
Mdepth=801 state=WATCHING
SHADOW STATUS trades=8 W/L/F=7/1/0 pnl=+13.6852USDT books=3/3 Bquotes=12233 
Mdepth=836 state=WATCHING
SHADOW STATUS trades=8 W/L/F=7/1/0 pnl=+13.6852USDT books=3/3 Bquotes=13053 
Mdepth=872 state=WATCHING
SHADOW STATUS trades=8 W/L/F=7/1/0 pnl=+13.6852USDT books=3/3 Bquotes=13330 
Mdepth=896 state=WATCHING
SHADOW SIGNAL LINK_USDT SHORT impulse=-2.108bps threshold=1.254 spread=1.054
SHADOW ENTRY LINK_USDT SHORT impulse=-2.108bps spread=1.054 signal_to_fill=9ms 
px=9.489
SHADOW EXIT LINK_USDT SHORT reason=binance_target_caught 
pnl=+2.108bps/+2.1077USDT hold=1352ms
SHADOW STATUS trades=9 W/L/F=8/1/0 pnl=+15.7929USDT books=3/3 Bquotes=13690 
Mdepth=917 state=WATCHING
SHADOW SIGNAL LINK_USDT LONG impulse=+2.108bps threshold=1.254 spread=1.054
SHADOW ENTRY LINK_USDT LONG impulse=+2.108bps spread=1.054 signal_to_fill=4ms 
px=9.487
SHADOW EXIT LINK_USDT LONG reason=binance_target_caught 
pnl=+2.108bps/+2.1081USDT hold=19303ms
SHADOW STATUS trades=10 W/L/F=9/1/0 pnl=+17.9011USDT books=3/3 Bquotes=15027 
Mdepth=1001 state=WATCHING
SHADOW STATUS trades=10 W/L/F=9/1/0 pnl=+17.9011USDT books=3/3 Bquotes=15319 
Mdepth=1021 state=WATCHING
SHADOW STATUS trades=10 W/L/F=9/1/0 pnl=+17.9011USDT books=3/3 Bquotes=15516 
Mdepth=1039 state=WATCHING
SHADOW STATUS trades=10 W/L/F=9/1/0 pnl=+17.9011USDT books=3/3 Bquotes=15677 
Mdepth=1055 state=WATCHING
SHADOW SIGNAL LINK_USDT LONG impulse=+2.106bps threshold=1.253 spread=1.053
SHADOW ENTRY LINK_USDT LONG impulse=+2.106bps spread=1.053 signal_to_fill=10ms 
px=9.494
SHADOW EXIT LINK_USDT LONG reason=binance_target_caught 
pnl=+2.107bps/+2.1066USDT hold=397ms
SHADOW STATUS trades=11 W/L/F=10/1/0 pnl=+20.0077USDT books=3/3 Bquotes=16000 
Mdepth=1079 state=WATCHING
SHADOW STATUS trades=11 W/L/F=10/1/0 pnl=+20.0077USDT books=3/3 Bquotes=16187 
Mdepth=1097 state=WATCHING
SHADOW SIGNAL LINK_USDT LONG impulse=+2.106bps threshold=1.253 spread=1.053
SHADOW ENTRY LINK_USDT LONG impulse=+2.106bps spread=1.053 signal_to_fill=11ms 
px=9.496
SHADOW EXIT LINK_USDT LONG reason=binance_target_caught 
pnl=+2.106bps/+2.1061USDT hold=34366ms
SHADOW STATUS trades=12 W/L/F=11/1/0 pnl=+22.1138USDT books=3/3 Bquotes=18549 
Mdepth=1282 state=WATCHING
SHADOW STATUS trades=12 W/L/F=11/1/0 pnl=+22.1138USDT books=3/3 Bquotes=18684 
Mdepth=1308 state=WATCHING
SHADOW SIGNAL LINK_USDT SHORT impulse=-2.105bps threshold=1.253 spread=1.053
SHADOW ENTRY LINK_USDT SHORT impulse=-2.105bps spread=1.053 signal_to_fill=7ms 
px=9.5
SHADOW EXIT LINK_USDT SHORT reason=binance_target_caught 
pnl=+2.105bps/+2.1053USDT hold=13190ms
SHADOW STATUS trades=13 W/L/F=12/1/0 pnl=+24.2191USDT books=3/3 Bquotes=19361 
Mdepth=1385 state=WATCHING
SHADOW STATUS trades=13 W/L/F=12/1/0 pnl=+24.2191USDT books=3/3 Bquotes=19521 
Mdepth=1405 state=WATCHING
SHADOW STATUS trades=13 W/L/F=12/1/0 pnl=+24.2191USDT books=3/3 Bquotes=19815 
Mdepth=1424 state=WATCHING
SHADOW STATUS trades=13 W/L/F=12/1/0 pnl=+24.2191USDT books=3/3 Bquotes=20005 
Mdepth=1444 state=WATCHING
SHADOW SIGNAL LINK_USDT LONG impulse=+2.106bps threshold=1.253 spread=1.053
SHADOW ENTRY LINK_USDT LONG impulse=+2.106bps spread=1.053 signal_to_fill=5ms 
px=9.497
SHADOW EXIT LINK_USDT LONG reason=binance_target_caught 
pnl=+2.106bps/+2.1059USDT hold=296ms
SHADOW STATUS trades=14 W/L/F=13/1/0 pnl=+26.3250USDT books=3/3 Bquotes=20294 
Mdepth=1463 state=WATCHING
SHADOW STATUS trades=14 W/L/F=13/1/0 pnl=+26.3250USDT books=3/3 Bquotes=20561 
Mdepth=1483 state=WATCHING
SHADOW SIGNAL LINK_USDT LONG impulse=+2.104bps threshold=1.252 spread=1.052
SHADOW ENTRY LINK_USDT LONG impulse=+2.104bps spread=1.052 signal_to_fill=8ms 
px=9.503
SHADOW EXIT LINK_USDT LONG reason=binance_target_caught 
pnl=+3.157bps/+3.1569USDT hold=204ms
SHADOW STATUS trades=15 W/L/F=14/1/0 pnl=+29.4819USDT books=3/3 Bquotes=20948 
Mdepth=1514 state=WATCHING
SHADOW STATUS trades=15 W/L/F=14/1/0 pnl=+29.4819USDT books=3/3 Bquotes=21221 
Mdepth=1552 state=WATCHING
SHADOW STATUS trades=15 W/L/F=14/1/0 pnl=+29.4819USDT books=3/3 Bquotes=21599 
Mdepth=1575 state=WATCHING
SHADOW SIGNAL LINK_USDT LONG impulse=+2.103bps threshold=1.252 spread=1.052
SHADOW ENTRY LINK_USDT LONG impulse=+2.103bps spread=1.052 signal_to_fill=25ms 
px=9.509
SHADOW EXIT LINK_USDT LONG reason=binance_target_caught 
pnl=+2.103bps/+2.1033USDT hold=19188ms
SHADOW STATUS trades=16 W/L/F=15/1/0 pnl=+31.5852USDT books=3/3 Bquotes=23546 
Mdepth=1670 state=WATCHING
SHADOW STATUS trades=16 W/L/F=15/1/0 pnl=+31.5852USDT books=3/3 Bquotes=23821 
Mdepth=1706 state=WATCHING
SHADOW STATUS trades=16 W/L/F=15/1/0 pnl=+31.5852USDT books=3/3 Bquotes=24034 
Mdepth=1723 state=WATCHING
SHADOW STATUS trades=16 W/L/F=15/1/0 pnl=+31.5852USDT books=3/3 Bquotes=24211 
Mdepth=1743 state=WATCHING
SHADOW STATUS trades=16 W/L/F=15/1/0 pnl=+31.5852USDT books=3/3 Bquotes=24494 
Mdepth=1761 state=WATCHING
SHADOW STATUS trades=16 W/L/F=15/1/0 pnl=+31.5852USDT books=3/3 Bquotes=24716 
Mdepth=1775 state=WATCHING
SHADOW STATUS trades=16 W/L/F=15/1/0 pnl=+31.5852USDT books=3/3 Bquotes=24975 
Mdepth=1794 state=WATCHING
SHADOW SIGNAL XRP_USDT LONG impulse=+1.997bps threshold=1.198 spread=0.998
SHADOW ENTRY XRP_USDT LONG impulse=+1.997bps spread=0.998 signal_to_fill=8ms 
px=1.0017
SHADOW EXIT XRP_USDT LONG reason=timeout pnl=+0.998bps/+0.9983USDT hold=62159ms
SHADOW STATUS trades=17 W/L/F=16/1/0 pnl=+32.5835USDT books=3/3 Bquotes=28958 
Mdepth=2032 state=WATCHING
SHADOW SIGNAL LINK_USDT SHORT impulse=-1.576bps threshold=1.251 spread=1.051
SHADOW ENTRY LINK_USDT SHORT impulse=-1.576bps spread=1.051 signal_to_fill=8ms 
px=9.515
SHADOW EXIT LINK_USDT SHORT reason=binance_target_caught 
pnl=+4.204bps/+4.2039USDT hold=616ms
SHADOW STATUS trades=18 W/L/F=17/1/0 pnl=+36.7874USDT books=3/3 Bquotes=29335 
Mdepth=2050 state=WATCHING
SHADOW SIGNAL LINK_USDT LONG impulse=+2.103bps threshold=1.251 spread=1.051
SHADOW ENTRY LINK_USDT LONG impulse=+2.103bps spread=1.051 signal_to_fill=17ms 
px=9.511
SHADOW EXIT LINK_USDT LONG reason=binance_target_caught 
pnl=+2.103bps/+2.1028USDT hold=422ms
SHADOW SIGNAL LINK_USDT SHORT impulse=-2.102bps threshold=1.251 spread=1.051
SHADOW ENTRY LINK_USDT SHORT impulse=-2.102bps spread=1.051 signal_to_fill=7ms 
px=9.514
SHADOW EXIT LINK_USDT SHORT reason=live_adverse_cut pnl=-2.102bps/-2.1022USDT 
hold=12295ms
SHADOW STATUS trades=20 W/L/F=18/2/0 pnl=+36.7880USDT books=3/3 Bquotes=30443 
Mdepth=2106 state=WATCHING
SHADOW SIGNAL LINK_USDT LONG impulse=+2.102bps threshold=1.251 spread=1.051
SHADOW ENTRY LINK_USDT LONG impulse=+2.102bps spread=1.051 signal_to_fill=4ms 
px=9.516
SHADOW EXIT LINK_USDT LONG reason=binance_target_caught 
pnl=+2.102bps/+2.1017USDT hold=8056ms
SHADOW STATUS trades=21 W/L/F=19/2/0 pnl=+38.8897USDT books=3/3 Bquotes=31171 
Mdepth=2136 state=WATCHING
SHADOW STATUS trades=21 W/L/F=19/2/0 pnl=+38.8897USDT books=3/3 Bquotes=31531 
Mdepth=2153 state=WATCHING
SHADOW STATUS trades=21 W/L/F=19/2/0 pnl=+38.8897USDT books=3/3 Bquotes=31958 
Mdepth=2168 state=WATCHING
SHADOW STATUS trades=21 W/L/F=19/2/0 pnl=+38.8897USDT books=3/3 Bquotes=32429 
Mdepth=2185 state=WATCHING
SHADOW SIGNAL LINK_USDT LONG impulse=+1.575bps threshold=1.250 spread=1.050
SHADOW ENTRY LINK_USDT LONG impulse=+1.575bps spread=1.050 signal_to_fill=8ms 
px=9.523
SHADOW EXIT LINK_USDT LONG reason=binance_target_caught 
pnl=+2.100bps/+2.1002USDT hold=189ms
SHADOW STATUS trades=22 W/L/F=20/2/0 pnl=+40.9899USDT books=3/3 Bquotes=32884 
Mdepth=2209 state=WATCHING
SHADOW SIGNAL LINK_USDT LONG impulse=+2.099bps threshold=1.249 spread=1.049
SHADOW ENTRY LINK_USDT LONG impulse=+2.099bps spread=1.049 signal_to_fill=7ms 
px=9.529
SHADOW EXIT LINK_USDT LONG reason=binance_target_caught 
pnl=+2.099bps/+2.0989USDT hold=404ms
SHADOW STATUS trades=23 W/L/F=21/2/0 pnl=+43.0888USDT books=3/3 Bquotes=33294 
Mdepth=2229 state=WATCHING
SHADOW STATUS trades=23 W/L/F=21/2/0 pnl=+43.0888USDT books=3/3 Bquotes=33985 
Mdepth=2255 state=WATCHING
SHADOW SIGNAL LINK_USDT LONG impulse=+2.097bps threshold=1.248 spread=1.048
SHADOW ENTRY LINK_USDT LONG impulse=+2.097bps spread=1.048 signal_to_fill=3ms 
px=9.538
SHADOW EXIT LINK_USDT LONG reason=binance_target_caught 
pnl=+6.291bps/+6.2906USDT hold=4632ms
SHADOW STATUS trades=24 W/L/F=22/2/0 pnl=+49.3794USDT books=3/3 Bquotes=34661 
Mdepth=2299 state=WATCHING
SHADOW STATUS trades=24 W/L/F=22/2/0 pnl=+49.3794USDT books=3/3 Bquotes=35088 
Mdepth=2319 state=WATCHING
SHADOW STATUS trades=24 W/L/F=22/2/0 pnl=+49.3794USDT books=3/3 Bquotes=35365 
Mdepth=2337 state=WATCHING
SHADOW STATUS trades=24 W/L/F=22/2/0 pnl=+49.3794USDT books=3/3 Bquotes=35664 
Mdepth=2356 state=WATCHING
SHADOW STATUS trades=24 W/L/F=22/2/0 pnl=+49.3794USDT books=3/3 Bquotes=36281 
Mdepth=2374 state=WATCHING
SHADOW SIGNAL LINK_USDT SHORT impulse=-1.572bps threshold=1.248 spread=1.048
SHADOW ENTRY LINK_USDT SHORT impulse=-1.572bps spread=1.048 signal_to_fill=5ms 
px=9.543
SHADOW EXIT LINK_USDT SHORT reason=binance_target_caught 
pnl=+2.096bps/+2.0958USDT hold=460ms
SHADOW STATUS trades=25 W/L/F=23/2/0 pnl=+51.4752USDT books=3/3 Bquotes=36601 
Mdepth=2393 state=WATCHING
SHADOW STATUS trades=25 W/L/F=23/2/0 pnl=+51.4752USDT books=3/3 Bquotes=36974 
Mdepth=2413 state=WATCHING
SHADOW STATUS trades=25 W/L/F=23/2/0 pnl=+51.4752USDT books=3/3 Bquotes=37286 
Mdepth=2448 state=WATCHING
SHADOW SIGNAL LINK_USDT LONG impulse=+1.572bps threshold=1.248 spread=1.048
SHADOW ENTRY LINK_USDT LONG impulse=+1.572bps spread=1.048 signal_to_fill=8ms 
px=9.544
SHADOW EXIT LINK_USDT LONG reason=binance_target_caught 
pnl=+1.048bps/+1.0478USDT hold=908ms
SHADOW STATUS trades=26 W/L/F=24/2/0 pnl=+52.5230USDT books=3/3 Bquotes=37874 
Mdepth=2473 state=WATCHING
SHADOW STATUS trades=26 W/L/F=24/2/0 pnl=+52.5230USDT books=3/3 Bquotes=38288 
Mdepth=2493 state=WATCHING
SHADOW STATUS trades=26 W/L/F=24/2/0 pnl=+52.5230USDT books=3/3 Bquotes=39069 
Mdepth=2512 state=WATCHING
SHADOW STATUS trades=26 W/L/F=24/2/0 pnl=+52.5230USDT books=3/3 Bquotes=39332 
Mdepth=2531 state=WATCHING
SHADOW SIGNAL LINK_USDT SHORT impulse=-2.095bps threshold=1.247 spread=1.047
SHADOW ENTRY LINK_USDT SHORT impulse=-2.095bps spread=1.047 signal_to_fill=9ms 
px=9.547
SHADOW EXIT LINK_USDT SHORT reason=live_adverse_cut pnl=-3.142bps/-3.1423USDT 
hold=12517ms
SHADOW STATUS trades=27 W/L/F=24/3/0 pnl=+49.3806USDT books=3/3 Bquotes=40550 
Mdepth=2582 state=WATCHING
SHADOW STATUS trades=27 W/L/F=24/3/0 pnl=+49.3806USDT books=3/3 Bquotes=40857 
Mdepth=2599 state=WATCHING
SHADOW SIGNAL LINK_USDT LONG impulse=+1.571bps threshold=1.247 spread=1.047
SHADOW ENTRY LINK_USDT LONG impulse=+1.571bps spread=1.047 signal_to_fill=4ms 
px=9.549
SHADOW EXIT LINK_USDT LONG reason=live_adverse_cut pnl=-2.094bps/-2.0945USDT 
hold=492ms
SHADOW STATUS trades=28 W/L/F=24/4/0 pnl=+47.2862USDT books=3/3 Bquotes=41331 
Mdepth=2618 state=WATCHING
SHADOW STATUS trades=28 W/L/F=24/4/0 pnl=+47.2862USDT books=3/3 Bquotes=41843 
Mdepth=2648 state=WATCHING
SHADOW SIGNAL LINK_USDT SHORT impulse=-3.142bps threshold=2.294 spread=2.094
SHADOW ENTRY LINK_USDT SHORT impulse=-3.142bps spread=2.094 signal_to_fill=4ms 
px=9.549
SHADOW EXIT LINK_USDT SHORT reason=binance_target_caught 
pnl=+2.094bps/+2.0945USDT hold=513ms
SHADOW STATUS trades=29 W/L/F=25/4/0 pnl=+49.3806USDT books=3/3 Bquotes=42216 
Mdepth=2677 state=WATCHING
SHADOW STATUS trades=29 W/L/F=25/4/0 pnl=+49.3806USDT books=3/3 Bquotes=42491 
Mdepth=2702 state=WATCHING
SHADOW STATUS trades=29 W/L/F=25/4/0 pnl=+49.3806USDT books=3/3 Bquotes=42709 
Mdepth=2725 state=WATCHING
SHADOW STATUS trades=29 W/L/F=25/4/0 pnl=+49.3806USDT books=3/3 Bquotes=43036 
Mdepth=2744 state=WATCHING
SHADOW STATUS trades=29 W/L/F=25/4/0 pnl=+49.3806USDT books=3/3 Bquotes=43405 
Mdepth=2764 state=WATCHING
SHADOW STATUS trades=29 W/L/F=25/4/0 pnl=+49.3806USDT books=3/3 Bquotes=44075 
Mdepth=2784 state=WATCHING
SHADOW STATUS trades=29 W/L/F=25/4/0 pnl=+49.3806USDT books=3/3 Bquotes=44493 
Mdepth=2803 state=WATCHING
SHADOW STATUS trades=29 W/L/F=25/4/0 pnl=+49.3806USDT books=3/3 Bquotes=44855 
Mdepth=2823 state=WATCHING
SHADOW STATUS trades=29 W/L/F=25/4/0 pnl=+49.3806USDT books=3/3 Bquotes=45095 
Mdepth=2841 state=WATCHING
SHADOW SIGNAL LINK_USDT LONG impulse=+2.095bps threshold=1.248 spread=1.048
SHADOW ENTRY LINK_USDT LONG impulse=+2.095bps spread=1.048 signal_to_fill=11ms 
px=9.545
SHADOW EXIT LINK_USDT LONG reason=binance_target_caught 
pnl=+2.095bps/+2.0953USDT hold=97ms
SHADOW STATUS trades=30 W/L/F=26/4/0 pnl=+51.4760USDT books=3/3 Bquotes=45481 
Mdepth=2862 state=WATCHING
SHADOW STATUS trades=30 W/L/F=26/4/0 pnl=+51.4760USDT books=3/3 Bquotes=45684 
Mdepth=2877 state=WATCHING
SHADOW SIGNAL LINK_USDT SHORT impulse=-3.143bps threshold=1.247 spread=1.047
SHADOW ENTRY LINK_USDT SHORT impulse=-3.143bps spread=1.047 signal_to_fill=8ms 
px=9.547
SHADOW EXIT LINK_USDT SHORT reason=binance_target_caught 
pnl=+3.142bps/+3.1423USDT hold=399ms
SHADOW STATUS trades=31 W/L/F=27/4/0 pnl=+54.6183USDT books=3/3 Bquotes=46008 
Mdepth=2898 state=WATCHING
SHADOW SIGNAL LINK_USDT SHORT impulse=-2.096bps threshold=1.248 spread=1.048
SHADOW ENTRY LINK_USDT SHORT impulse=-2.096bps spread=1.048 signal_to_fill=3ms 
px=9.543
SHADOW EXIT LINK_USDT SHORT reason=binance_target_caught 
pnl=+2.096bps/+2.0958USDT hold=19372ms
SHADOW STATUS trades=32 W/L/F=28/4/0 pnl=+56.7141USDT books=3/3 Bquotes=47283 
Mdepth=2974 state=WATCHING
SHADOW SIGNAL LINK_USDT LONG impulse=+3.668bps threshold=1.248 spread=1.048
SHADOW ENTRY LINK_USDT LONG impulse=+3.668bps spread=1.048 signal_to_fill=10ms 
px=9.54
SHADOW EXIT LINK_USDT LONG reason=binance_target_caught 
pnl=+5.241bps/+5.2411USDT hold=448ms
SHADOW STATUS trades=33 W/L/F=29/4/0 pnl=+61.9552USDT books=3/3 Bquotes=47681 
Mdepth=2994 state=WATCHING
SHADOW STATUS trades=33 W/L/F=29/4/0 pnl=+61.9552USDT books=3/3 Bquotes=47944 
Mdepth=3019 state=WATCHING
SHADOW STATUS trades=33 W/L/F=29/4/0 pnl=+61.9552USDT books=3/3 Bquotes=48210 
Mdepth=3043 state=WATCHING
SHADOW STATUS trades=33 W/L/F=29/4/0 pnl=+61.9552USDT books=3/3 Bquotes=48510 
Mdepth=3062 state=WATCHING
SHADOW STATUS trades=33 W/L/F=29/4/0 pnl=+61.9552USDT books=3/3 Bquotes=48855 
Mdepth=3084 state=WATCHING
SHADOW STATUS trades=33 W/L/F=29/4/0 pnl=+61.9552USDT books=3/3 Bquotes=49093 
Mdepth=3106 state=WATCHING
SHADOW STATUS trades=33 W/L/F=29/4/0 pnl=+61.9552USDT books=3/3 Bquotes=49488 
Mdepth=3127 state=WATCHING
SHADOW STATUS trades=33 W/L/F=29/4/0 pnl=+61.9552USDT books=3/3 Bquotes=49867 
Mdepth=3147 state=WATCHING
SHADOW STATUS trades=33 W/L/F=29/4/0 pnl=+61.9552USDT books=3/3 Bquotes=50297 
Mdepth=3180 state=WATCHING
SHADOW STATUS trades=33 W/L/F=29/4/0 pnl=+61.9552USDT books=3/3 Bquotes=50694 
Mdepth=3200 state=WATCHING
SHADOW STATUS trades=33 W/L/F=29/4/0 pnl=+61.9552USDT books=3/3 Bquotes=50977 
Mdepth=3219 state=WATCHING
SHADOW SIGNAL LINK_USDT SHORT impulse=-1.571bps threshold=1.247 spread=1.047
SHADOW ENTRY LINK_USDT SHORT impulse=-1.571bps spread=1.047 signal_to_fill=15ms
px=9.551
SHADOW EXIT LINK_USDT SHORT reason=live_adverse_cut pnl=-4.188bps/-4.1880USDT 
hold=898ms
SHADOW STATUS trades=34 W/L/F=29/5/0 pnl=+57.7671USDT books=3/3 Bquotes=51368 
Mdepth=3238 state=WATCHING
SHADOW SIGNAL LINK_USDT SHORT impulse=-2.095bps threshold=1.247 spread=1.047
SHADOW ENTRY LINK_USDT SHORT impulse=-2.095bps spread=1.047 signal_to_fill=5ms 
px=9.549
SHADOW EXIT LINK_USDT SHORT reason=live_adverse_cut pnl=-2.094bps/-2.0945USDT 
hold=2755ms
SHADOW STATUS trades=35 W/L/F=29/6/0 pnl=+55.6727USDT books=3/3 Bquotes=51944 
Mdepth=3256 state=WATCHING
SHADOW STATUS trades=35 W/L/F=29/6/0 pnl=+55.6727USDT books=3/3 Bquotes=52211 
Mdepth=3273 state=WATCHING
SHADOW STATUS trades=35 W/L/F=29/6/0 pnl=+55.6727USDT books=3/3 Bquotes=52597 
Mdepth=3302 state=WATCHING
SHADOW STATUS trades=35 W/L/F=29/6/0 pnl=+55.6727USDT books=3/3 Bquotes=53222 
Mdepth=3332 state=WATCHING
SHADOW STATUS trades=35 W/L/F=29/6/0 pnl=+55.6727USDT books=3/3 Bquotes=53476 
Mdepth=3351 state=WATCHING
SHADOW STATUS trades=35 W/L/F=29/6/0 pnl=+55.6727USDT books=3/3 Bquotes=53843 
Mdepth=3369 state=WATCHING
SHADOW STATUS trades=35 W/L/F=29/6/0 pnl=+55.6727USDT books=3/3 Bquotes=54175 
Mdepth=3387 state=WATCHING
SHADOW STATUS trades=35 W/L/F=29/6/0 pnl=+55.6727USDT books=3/3 Bquotes=54396 
Mdepth=3404 state=WATCHING
SHADOW STATUS trades=35 W/L/F=29/6/0 pnl=+55.6727USDT books=3/3 Bquotes=54653 
Mdepth=3419 state=WATCHING
SHADOW STATUS trades=35 W/L/F=29/6/0 pnl=+55.6727USDT books=3/3 Bquotes=54983 
Mdepth=3435 state=WATCHING
SHADOW STATUS trades=35 W/L/F=29/6/0 pnl=+55.6727USDT books=3/3 Bquotes=55525 
Mdepth=3453 state=WATCHING
SHADOW STATUS trades=35 W/L/F=29/6/0 pnl=+55.6727USDT books=3/3 Bquotes=55811 
Mdepth=3480 state=WATCHING
SHADOW SIGNAL LINK_USDT LONG impulse=+2.094bps threshold=1.247 spread=1.047
SHADOW ENTRY LINK_USDT LONG impulse=+2.094bps spread=1.047 signal_to_fill=7ms 
px=9.55
SHADOW EXIT LINK_USDT LONG reason=binance_target_caught 
pnl=+3.141bps/+3.1414USDT hold=2395ms
SHADOW STATUS trades=36 W/L/F=30/6/0 pnl=+58.8140USDT books=3/3 Bquotes=57218 
Mdepth=3521 state=WATCHING
SHADOW STATUS trades=36 W/L/F=30/6/0 pnl=+58.8140USDT books=3/3 Bquotes=57418 
Mdepth=3535 state=WATCHING
SHADOW STATUS trades=36 W/L/F=30/6/0 pnl=+58.8140USDT books=3/3 Bquotes=57724 
Mdepth=3550 state=WATCHING
SHADOW SIGNAL LINK_USDT LONG impulse=+5.233bps threshold=1.247 spread=1.047
SHADOW STATUS trades=36 W/L/F=30/6/0 pnl=+58.8140USDT books=3/3 Bquotes=58192 
Mdepth=3567 state=ENTRY_PENDING
SHADOW ENTRY LINK_USDT LONG impulse=+5.233bps spread=1.047 signal_to_fill=16ms 
px=9.553
SHADOW EXIT LINK_USDT LONG reason=binance_target_caught 
pnl=+5.234bps/+5.2340USDT hold=4089ms
SHADOW STATUS trades=37 W/L/F=31/6/0 pnl=+64.0480USDT books=3/3 Bquotes=59110 
Mdepth=3592 state=WATCHING
SHADOW SIGNAL LINK_USDT SHORT impulse=-2.092bps threshold=1.246 spread=1.046
SHADOW ENTRY LINK_USDT SHORT impulse=-2.092bps spread=1.046 signal_to_fill=8ms 
px=9.563
SHADOW EXIT LINK_USDT SHORT reason=binance_target_caught 
pnl=+2.091bps/+2.0914USDT hold=293ms
SHADOW SIGNAL LINK_USDT SHORT impulse=-3.138bps threshold=2.292 spread=2.092
SHADOW ENTRY LINK_USDT SHORT impulse=-3.138bps spread=2.092 signal_to_fill=4ms 
px=9.559
SHADOW EXIT LINK_USDT SHORT reason=binance_target_caught 
pnl=+2.092bps/+2.0923USDT hold=603ms
SHADOW SIGNAL LINK_USDT SHORT impulse=-2.093bps threshold=1.246 spread=1.046
SHADOW ENTRY LINK_USDT SHORT impulse=-2.093bps spread=1.046 signal_to_fill=8ms 
px=9.556
SHADOW EXIT LINK_USDT SHORT reason=live_adverse_cut pnl=-2.093bps/-2.0929USDT 
hold=357ms
SHADOW STATUS trades=40 W/L/F=33/7/0 pnl=+66.1387USDT books=3/3 Bquotes=59853 
Mdepth=3618 state=WATCHING
SHADOW SIGNAL LINK_USDT SHORT impulse=-1.569bps threshold=1.246 spread=1.046
SHADOW ENTRY LINK_USDT SHORT impulse=-1.569bps spread=1.046 signal_to_fill=10ms
px=9.558
SHADOW EXIT LINK_USDT SHORT reason=binance_target_caught 
pnl=+2.092bps/+2.0925USDT hold=215ms
SHADOW SIGNAL LINK_USDT LONG impulse=+4.185bps threshold=1.247 spread=1.047
SHADOW ENTRY LINK_USDT LONG impulse=+4.185bps spread=1.047 signal_to_fill=10ms 
px=9.556
SHADOW EXIT LINK_USDT LONG reason=binance_target_caught 
pnl=+10.465bps/+10.4646USDT hold=369ms
SHADOW STATUS trades=42 W/L/F=35/7/0 pnl=+78.6958USDT books=3/3 Bquotes=60722 
Mdepth=3640 state=WATCHING
SHADOW SIGNAL LINK_USDT SHORT impulse=-1.568bps threshold=1.246 spread=1.046
SHADOW ENTRY LINK_USDT SHORT impulse=-1.568bps spread=1.046 signal_to_fill=3ms 
px=9.564
SHADOW EXIT LINK_USDT SHORT reason=binance_target_caught 
pnl=+4.182bps/+4.1824USDT hold=2599ms
SHADOW STATUS trades=43 W/L/F=36/7/0 pnl=+82.8782USDT books=3/3 Bquotes=61468 
Mdepth=3686 state=WATCHING
SHADOW SIGNAL LINK_USDT SHORT impulse=-7.325bps threshold=1.246 spread=1.046
SHADOW ENTRY LINK_USDT SHORT impulse=-7.325bps spread=1.046 signal_to_fill=12ms
px=9.559
SHADOW EXIT LINK_USDT SHORT reason=binance_target_caught 
pnl=+12.554bps/+12.5536USDT hold=286ms
SHADOW STATUS trades=44 W/L/F=37/7/0 pnl=+95.4318USDT books=3/3 Bquotes=62630 
Mdepth=3723 state=WATCHING
SHADOW SIGNAL LINK_USDT SHORT impulse=-1.572bps threshold=1.248 spread=1.048
SHADOW ENTRY LINK_USDT SHORT impulse=-1.572bps spread=1.048 signal_to_fill=4ms 
px=9.54
SHADOW EXIT LINK_USDT SHORT reason=binance_target_caught 
pnl=+1.048bps/+1.0482USDT hold=842ms
SHADOW SIGNAL LINK_USDT SHORT impulse=-2.097bps threshold=1.249 spread=1.049
SHADOW ENTRY LINK_USDT SHORT impulse=-2.097bps spread=1.049 signal_to_fill=9ms 
px=9.536
SHADOW EXIT LINK_USDT SHORT reason=binance_target_caught 
pnl=+2.097bps/+2.0973USDT hold=6404ms
SHADOW STATUS trades=46 W/L/F=39/7/0 pnl=+98.5773USDT books=3/3 Bquotes=63684 
Mdepth=3781 state=WATCHING
SHADOW STATUS trades=46 W/L/F=39/7/0 pnl=+98.5773USDT books=3/3 Bquotes=63922 
Mdepth=3803 state=WATCHING
SHADOW STATUS trades=46 W/L/F=39/7/0 pnl=+98.5773USDT books=3/3 Bquotes=64159 
Mdepth=3820 state=WATCHING
SHADOW STATUS trades=46 W/L/F=39/7/0 pnl=+98.5773USDT books=3/3 Bquotes=64372 
Mdepth=3837 state=WATCHING
SHADOW SIGNAL LINK_USDT LONG impulse=+4.195bps threshold=1.249 spread=1.049
SHADOW ENTRY LINK_USDT LONG impulse=+4.195bps spread=1.049 signal_to_fill=8ms 
px=9.533
SHADOW EXIT LINK_USDT LONG reason=binance_target_caught 
pnl=+4.196bps/+4.1960USDT hold=544ms
SHADOW SIGNAL LINK_USDT SHORT impulse=-2.097bps threshold=1.248 spread=1.048
SHADOW ENTRY LINK_USDT SHORT impulse=-2.097bps spread=1.048 signal_to_fill=3ms 
px=9.537
SHADOW EXIT LINK_USDT SHORT reason=binance_target_caught 
pnl=+2.097bps/+2.0971USDT hold=452ms
SHADOW STATUS trades=48 W/L/F=41/7/0 pnl=+104.8704USDT books=3/3 Bquotes=64862 
Mdepth=3861 state=WATCHING
SHADOW SIGNAL LINK_USDT LONG impulse=+2.098bps threshold=1.249 spread=1.049
SHADOW ENTRY LINK_USDT LONG impulse=+2.098bps spread=1.049 signal_to_fill=7ms 
px=9.534
SHADOW EXIT LINK_USDT LONG reason=binance_target_caught 
pnl=+2.098bps/+2.0978USDT hold=4859ms
SHADOW STATUS trades=49 W/L/F=42/7/0 pnl=+106.9681USDT books=3/3 Bquotes=65323 
Mdepth=3886 state=WATCHING
SHADOW SIGNAL LINK_USDT LONG impulse=+2.096bps threshold=1.248 spread=1.048
SHADOW ENTRY LINK_USDT LONG impulse=+2.096bps spread=1.048 signal_to_fill=5ms 
px=9.54
SHADOW EXIT LINK_USDT LONG reason=binance_target_caught 
pnl=+2.096bps/+2.0964USDT hold=423ms
SHADOW STATUS trades=50 W/L/F=43/7/0 pnl=+109.0646USDT books=3/3 Bquotes=65926 
Mdepth=3907 state=WATCHING
SHADOW SIGNAL LINK_USDT LONG impulse=+3.142bps threshold=1.248 spread=1.048
SHADOW ENTRY LINK_USDT LONG impulse=+3.142bps spread=1.048 signal_to_fill=6ms 
px=9.546
SHADOW EXIT LINK_USDT LONG reason=binance_target_caught 
pnl=+3.143bps/+3.1427USDT hold=297ms
SHADOW SIGNAL LINK_USDT SHORT impulse=-2.094bps threshold=1.247 spread=1.047
SHADOW ENTRY LINK_USDT SHORT impulse=-2.094bps spread=1.047 signal_to_fill=9ms 
px=9.55
SHADOW EXIT LINK_USDT SHORT reason=binance_target_caught 
pnl=+2.094bps/+2.0942USDT hold=2018ms
SHADOW STATUS trades=52 W/L/F=45/7/0 pnl=+114.3015USDT books=3/3 Bquotes=66456 
Mdepth=3936 state=WATCHING
SHADOW STATUS trades=52 W/L/F=45/7/0 pnl=+114.3015USDT books=3/3 Bquotes=66785 
Mdepth=3964 state=WATCHING
SHADOW STATUS trades=52 W/L/F=45/7/0 pnl=+114.3015USDT books=3/3 Bquotes=66999 
Mdepth=3977 state=WATCHING
SHADOW STATUS trades=52 W/L/F=45/7/0 pnl=+114.3015USDT books=3/3 Bquotes=67451 
Mdepth=3996 state=WATCHING
SHADOW STATUS trades=52 W/L/F=45/7/0 pnl=+114.3015USDT books=3/3 Bquotes=67812 
Mdepth=4012 state=WATCHING
SHADOW STATUS trades=52 W/L/F=45/7/0 pnl=+114.3015USDT books=3/3 Bquotes=68149 
Mdepth=4030 state=WATCHING
SHADOW STATUS trades=52 W/L/F=45/7/0 pnl=+114.3015USDT books=3/3 Bquotes=68899 
Mdepth=4051 state=WATCHING
SHADOW STATUS trades=52 W/L/F=45/7/0 pnl=+114.3015USDT books=3/3 Bquotes=69254 
Mdepth=4068 state=WATCHING
SHADOW SIGNAL LINK_USDT SHORT impulse=-2.095bps threshold=1.247 spread=1.047
SHADOW ENTRY LINK_USDT SHORT impulse=-2.095bps spread=1.047 signal_to_fill=9ms 
px=9.549
SHADOW EXIT LINK_USDT SHORT reason=binance_target_caught 
pnl=+2.094bps/+2.0945USDT hold=274ms
SHADOW STATUS trades=53 W/L/F=46/7/0 pnl=+116.3960USDT books=3/3 Bquotes=69646 
Mdepth=4089 state=WATCHING
SHADOW STATUS trades=53 W/L/F=46/7/0 pnl=+116.3960USDT books=3/3 Bquotes=69955 
Mdepth=4107 state=WATCHING
SHADOW STATUS trades=53 W/L/F=46/7/0 pnl=+116.3960USDT books=3/3 Bquotes=70343 
Mdepth=4131 state=WATCHING
SHADOW STATUS trades=53 W/L/F=46/7/0 pnl=+116.3960USDT books=3/3 Bquotes=70584 
Mdepth=4147 state=WATCHING
SHADOW STATUS trades=53 W/L/F=46/7/0 pnl=+116.3960USDT books=3/3 Bquotes=71041 
Mdepth=4163 state=WATCHING
SHADOW STATUS trades=53 W/L/F=46/7/0 pnl=+116.3960USDT books=3/3 Bquotes=71332 
Mdepth=4181 state=WATCHING
SHADOW STATUS trades=53 W/L/F=46/7/0 pnl=+116.3960USDT books=3/3 Bquotes=71646 
Mdepth=4196 state=WATCHING
SHADOW STATUS trades=53 W/L/F=46/7/0 pnl=+116.3960USDT books=3/3 Bquotes=72050 
Mdepth=4221 state=WATCHING
SHADOW STATUS trades=53 W/L/F=46/7/0 pnl=+116.3960USDT books=3/3 Bquotes=72352 
Mdepth=4240 state=WATCHING
SHADOW STATUS trades=53 W/L/F=46/7/0 pnl=+116.3960USDT books=3/3 Bquotes=72806 
Mdepth=4260 state=WATCHING
SHADOW STATUS trades=53 W/L/F=46/7/0 pnl=+116.3960USDT books=3/3 Bquotes=73082 
Mdepth=4276 state=WATCHING
SHADOW SIGNAL LINK_USDT LONG impulse=+2.096bps threshold=1.248 spread=1.048
SHADOW ENTRY LINK_USDT LONG impulse=+2.096bps spread=1.048 signal_to_fill=8ms 
px=9.541
SHADOW EXIT LINK_USDT LONG reason=live_adverse_cut pnl=-2.096bps/-2.0962USDT 
hold=8436ms
SHADOW STATUS trades=54 W/L/F=46/8/0 pnl=+114.2997USDT books=3/3 Bquotes=73721 
Mdepth=4333 state=WATCHING
SHADOW SIGNAL LINK_USDT LONG impulse=+2.620bps threshold=1.248 spread=1.048
SHADOW ENTRY LINK_USDT LONG impulse=+2.620bps spread=1.048 signal_to_fill=9ms 
px=9.543
SHADOW EXIT LINK_USDT LONG reason=binance_target_caught 
pnl=+3.144bps/+3.1437USDT hold=236ms
SHADOW SIGNAL LINK_USDT SHORT impulse=-2.095bps threshold=1.247 spread=1.047
SHADOW ENTRY LINK_USDT SHORT impulse=-2.095bps spread=1.047 signal_to_fill=5ms 
px=9.548
SHADOW EXIT LINK_USDT SHORT reason=live_adverse_cut pnl=-2.095bps/-2.0947USDT 
hold=5865ms
SHADOW STATUS trades=56 W/L/F=47/9/0 pnl=+115.3487USDT books=3/3 Bquotes=74850 
Mdepth=4372 state=WATCHING
SHADOW STATUS trades=56 W/L/F=47/9/0 pnl=+115.3487USDT books=3/3 Bquotes=75113 
Mdepth=4392 state=WATCHING
SHADOW STATUS trades=56 W/L/F=47/9/0 pnl=+115.3487USDT books=3/3 Bquotes=75460 
Mdepth=4413 state=WATCHING
SHADOW STATUS trades=56 W/L/F=47/9/0 pnl=+115.3487USDT books=3/3 Bquotes=75729 
Mdepth=4442 state=WATCHING
SHADOW STATUS trades=56 W/L/F=47/9/0 pnl=+115.3487USDT books=3/3 Bquotes=75970 
Mdepth=4468 state=WATCHING
SHADOW STATUS trades=56 W/L/F=47/9/0 pnl=+115.3487USDT books=3/3 Bquotes=76238 
Mdepth=4482 state=WATCHING
SHADOW SIGNAL LINK_USDT SHORT impulse=-2.095bps threshold=1.247 spread=1.047
SHADOW ENTRY LINK_USDT SHORT impulse=-2.095bps spread=1.047 signal_to_fill=10ms
px=9.548
SHADOW EXIT LINK_USDT SHORT reason=binance_target_caught 
pnl=+2.095bps/+2.0947USDT hold=2063ms
SHADOW STATUS trades=57 W/L/F=48/9/0 pnl=+117.4434USDT books=3/3 Bquotes=77392 
Mdepth=4500 state=WATCHING
SHADOW STATUS trades=57 W/L/F=48/9/0 pnl=+117.4434USDT books=3/3 Bquotes=78010 
Mdepth=4523 state=WATCHING
SHADOW STATUS trades=57 W/L/F=48/9/0 pnl=+117.4434USDT books=3/3 Bquotes=78395 
Mdepth=4542 state=WATCHING
SHADOW STATUS trades=57 W/L/F=48/9/0 pnl=+117.4434USDT books=3/3 Bquotes=78660 
Mdepth=4561 state=WATCHING
SHADOW SIGNAL LINK_USDT LONG impulse=+4.191bps threshold=1.248 spread=1.048
SHADOW ENTRY LINK_USDT LONG impulse=+4.191bps spread=1.048 signal_to_fill=9ms 
px=9.544
SHADOW EXIT LINK_USDT LONG reason=live_adverse_cut pnl=-2.096bps/-2.0956USDT 
hold=15042ms
SHADOW STATUS trades=58 W/L/F=48/10/0 pnl=+115.3478USDT books=3/3 Bquotes=80090
Mdepth=4634 state=WATCHING
SHADOW STATUS trades=58 W/L/F=48/10/0 pnl=+115.3478USDT books=3/3 Bquotes=80252
Mdepth=4646 state=WATCHING
SHADOW STATUS trades=58 W/L/F=48/10/0 pnl=+115.3478USDT books=3/3 Bquotes=80461
Mdepth=4663 state=WATCHING
SHADOW STATUS trades=58 W/L/F=48/10/0 pnl=+115.3478USDT books=3/3 Bquotes=80683
Mdepth=4682 state=WATCHING
SHADOW STATUS trades=58 W/L/F=48/10/0 pnl=+115.3478USDT books=3/3 Bquotes=80853
Mdepth=4718 state=WATCHING
SHADOW STATUS trades=58 W/L/F=48/10/0 pnl=+115.3478USDT books=3/3 Bquotes=81140
Mdepth=4744 state=WATCHING
SHADOW SIGNAL LINK_USDT SHORT impulse=-2.096bps threshold=1.248 spread=1.048
SHADOW ENTRY LINK_USDT SHORT impulse=-2.096bps spread=1.048 signal_to_fill=4ms 
px=9.54
SHADOW EXIT LINK_USDT SHORT reason=binance_target_caught 
pnl=+5.241bps/+5.2411USDT hold=243ms
SHADOW SIGNAL LINK_USDT SHORT impulse=-2.622bps threshold=1.249 spread=1.049
SHADOW ENTRY LINK_USDT SHORT impulse=-2.622bps spread=1.049 signal_to_fill=4ms 
px=9.534
SHADOW EXIT LINK_USDT SHORT reason=live_adverse_cut pnl=-3.147bps/-3.1466USDT 
hold=3787ms
SHADOW STATUS trades=60 W/L/F=49/11/0 pnl=+117.4423USDT books=3/3 Bquotes=82188
Mdepth=4787 state=WATCHING
SHADOW SIGNAL LINK_USDT LONG impulse=+3.146bps threshold=1.249 spread=1.049
SHADOW ENTRY LINK_USDT LONG impulse=+3.146bps spread=1.049 signal_to_fill=7ms 
px=9.537
SHADOW EXIT LINK_USDT LONG reason=live_adverse_cut pnl=-2.097bps/-2.0971USDT 
hold=3792ms
SHADOW STATUS trades=61 W/L/F=49/12/0 pnl=+115.3452USDT books=3/3 Bquotes=82792
Mdepth=4810 state=WATCHING
SHADOW SIGNAL LINK_USDT LONG impulse=+2.621bps threshold=1.248 spread=1.048
SHADOW ENTRY LINK_USDT LONG impulse=+2.621bps spread=1.048 signal_to_fill=11ms 
px=9.538
SHADOW EXIT LINK_USDT LONG reason=binance_target_caught 
pnl=+2.097bps/+2.0969USDT hold=326ms
SHADOW SIGNAL LINK_USDT SHORT impulse=-2.097bps threshold=1.248 spread=1.048
SHADOW ENTRY LINK_USDT SHORT impulse=-2.097bps spread=1.048 signal_to_fill=7ms 
px=9.54
SHADOW EXIT LINK_USDT SHORT reason=binance_target_caught 
pnl=+2.096bps/+2.0964USDT hold=7085ms
SHADOW STATUS trades=63 W/L/F=51/12/0 pnl=+119.5385USDT books=3/3 Bquotes=83905
Mdepth=4858 state=WATCHING
SHADOW STATUS trades=63 W/L/F=51/12/0 pnl=+119.5385USDT books=3/3 Bquotes=84396
Mdepth=4886 state=WATCHING
SHADOW STATUS trades=63 W/L/F=51/12/0 pnl=+119.5385USDT books=3/3 Bquotes=84778
Mdepth=4912 state=WATCHING
SHADOW STATUS trades=63 W/L/F=51/12/0 pnl=+119.5385USDT books=3/3 Bquotes=85066
Mdepth=4934 state=WATCHING
SHADOW SIGNAL LINK_USDT LONG impulse=+9.436bps threshold=4.405 spread=4.195
SHADOW ENTRY LINK_USDT LONG impulse=+9.436bps spread=4.195 signal_to_fill=6ms 
px=9.537
SHADOW EXIT LINK_USDT LONG reason=positive_trailing_stop 
pnl=+2.097bps/+2.0971USDT hold=16744ms
SHADOW STATUS trades=64 W/L/F=52/12/0 pnl=+121.6356USDT books=3/3 Bquotes=86624
Mdepth=5010 state=WATCHING
SHADOW SIGNAL LINK_USDT LONG impulse=+2.097bps threshold=1.248 spread=1.048
SHADOW ENTRY LINK_USDT LONG impulse=+2.097bps spread=1.048 signal_to_fill=5ms 
px=9.539
SHADOW EXIT LINK_USDT LONG reason=binance_target_caught 
pnl=+2.097bps/+2.0967USDT hold=254ms
SHADOW STATUS trades=65 W/L/F=53/12/0 pnl=+123.7323USDT books=3/3 Bquotes=87012
Mdepth=5033 state=WATCHING
SHADOW SIGNAL LINK_USDT LONG impulse=+2.096bps threshold=1.248 spread=1.048
SHADOW ENTRY LINK_USDT LONG impulse=+2.096bps spread=1.048 signal_to_fill=11ms 
px=9.543
SHADOW EXIT LINK_USDT LONG reason=binance_target_caught 
pnl=+2.096bps/+2.0958USDT hold=6083ms
SHADOW STATUS trades=66 W/L/F=54/12/0 pnl=+125.8280USDT books=3/3 Bquotes=87653
Mdepth=5084 state=WATCHING
SHADOW STATUS trades=66 W/L/F=54/12/0 pnl=+125.8280USDT books=3/3 Bquotes=87985
Mdepth=5124 state=WATCHING
SHADOW STATUS trades=66 W/L/F=54/12/0 pnl=+125.8280USDT books=3/3 Bquotes=88205
Mdepth=5150 state=WATCHING
SHADOW SIGNAL LINK_USDT LONG impulse=+2.095bps threshold=1.248 spread=1.048
SHADOW ENTRY LINK_USDT LONG impulse=+2.095bps spread=1.048 signal_to_fill=3ms 
px=9.546
SHADOW EXIT LINK_USDT LONG reason=binance_target_caught 
pnl=+2.095bps/+2.0951USDT hold=261ms
SHADOW STATUS trades=67 W/L/F=55/12/0 pnl=+127.9232USDT books=3/3 Bquotes=88685
Mdepth=5171 state=WATCHING
SHADOW STATUS trades=67 W/L/F=55/12/0 pnl=+127.9232USDT books=3/3 Bquotes=88909
Mdepth=5189 state=WATCHING
SHADOW STATUS trades=67 W/L/F=55/12/0 pnl=+127.9232USDT books=3/3 Bquotes=89272
Mdepth=5213 state=WATCHING
SHADOW SIGNAL LINK_USDT LONG impulse=+1.570bps threshold=1.247 spread=1.047
SHADOW ENTRY LINK_USDT LONG impulse=+1.570bps spread=1.047 signal_to_fill=8ms 
px=9.552
SHADOW EXIT LINK_USDT LONG reason=binance_target_caught 
pnl=+2.094bps/+2.0938USDT hold=605ms
SHADOW STATUS trades=68 W/L/F=56/12/0 pnl=+130.0170USDT books=3/3 Bquotes=89743
Mdepth=5235 state=WATCHING
SHADOW STATUS trades=68 W/L/F=56/12/0 pnl=+130.0170USDT books=3/3 Bquotes=90023
Mdepth=5256 state=WATCHING
SHADOW SIGNAL LINK_USDT SHORT impulse=-3.140bps threshold=1.246 spread=1.046
SHADOW ENTRY LINK_USDT SHORT impulse=-3.140bps spread=1.046 signal_to_fill=14ms
px=9.557
SHADOW EXIT LINK_USDT SHORT reason=live_adverse_cut pnl=-3.139bps/-3.1391USDT 
hold=17111ms
SHADOW STATUS trades=69 W/L/F=56/13/0 pnl=+126.8779USDT books=3/3 Bquotes=91558
Mdepth=5419 state=WATCHING
SHADOW SIGNAL LINK_USDT SHORT impulse=-2.093bps threshold=1.246 spread=1.046
SHADOW ENTRY LINK_USDT SHORT impulse=-2.093bps spread=1.046 signal_to_fill=13ms
px=9.559
SHADOW EXIT LINK_USDT SHORT reason=live_adverse_cut pnl=-3.138bps/-3.1384USDT 
hold=8791ms
SHADOW STATUS trades=70 W/L/F=56/14/0 pnl=+123.7395USDT books=3/3 Bquotes=92400
Mdepth=5466 state=WATCHING
SHADOW SIGNAL LINK_USDT LONG impulse=+1.569bps threshold=1.246 spread=1.046
SHADOW ENTRY LINK_USDT LONG impulse=+1.569bps spread=1.046 signal_to_fill=9ms 
px=9.562
SHADOW EXIT LINK_USDT LONG reason=binance_target_caught 
pnl=+1.046bps/+1.0458USDT hold=1730ms
SHADOW STATUS trades=71 W/L/F=57/14/0 pnl=+124.7853USDT books=3/3 Bquotes=92910
Mdepth=5483 state=WATCHING
SHADOW SIGNAL LINK_USDT LONG impulse=+1.568bps threshold=1.245 spread=1.045
SHADOW ENTRY LINK_USDT LONG impulse=+1.568bps spread=1.045 signal_to_fill=4ms 
px=9.567
SHADOW EXIT LINK_USDT LONG reason=binance_target_caught 
pnl=+4.181bps/+4.1810USDT hold=769ms
SHADOW STATUS trades=72 W/L/F=58/14/0 pnl=+128.9663USDT books=3/3 Bquotes=93548
Mdepth=5510 state=WATCHING
SHADOW SIGNAL LINK_USDT LONG impulse=+2.090bps threshold=1.245 spread=1.045
SHADOW ENTRY LINK_USDT LONG impulse=+2.090bps spread=1.045 signal_to_fill=18ms 
px=9.571
SHADOW EXIT LINK_USDT LONG reason=binance_target_caught 
pnl=+4.179bps/+4.1793USDT hold=5096ms
SHADOW STATUS trades=73 W/L/F=59/14/0 pnl=+133.1456USDT books=3/3 Bquotes=94903
Mdepth=5554 state=WATCHING
SHADOW STATUS trades=73 W/L/F=59/14/0 pnl=+133.1456USDT books=3/3 Bquotes=95507
Mdepth=5582 state=WATCHING
SHADOW SIGNAL LINK_USDT SHORT impulse=-2.089bps threshold=1.245 spread=1.045
SHADOW ENTRY LINK_USDT SHORT impulse=-2.089bps spread=1.045 signal_to_fill=7ms 
px=9.573
SHADOW EXIT LINK_USDT SHORT reason=binance_target_caught 
pnl=+3.134bps/+3.1338USDT hold=3486ms
SHADOW STATUS trades=74 W/L/F=60/14/0 pnl=+136.2795USDT books=3/3 Bquotes=95939
Mdepth=5607 state=WATCHING
SHADOW SIGNAL LINK_USDT LONG impulse=+2.090bps threshold=1.245 spread=1.045
SHADOW ENTRY LINK_USDT LONG impulse=+2.090bps spread=1.045 signal_to_fill=4ms 
px=9.57
SHADOW EXIT LINK_USDT LONG reason=binance_target_caught 
pnl=+2.090bps/+2.0899USDT hold=2271ms
SHADOW STATUS trades=75 W/L/F=61/14/0 pnl=+138.3693USDT books=3/3 Bquotes=96630
Mdepth=5630 state=WATCHING
SHADOW STATUS trades=75 W/L/F=61/14/0 pnl=+138.3693USDT books=3/3 Bquotes=96784
Mdepth=5648 state=WATCHING
SHADOW SIGNAL LINK_USDT LONG impulse=+1.567bps threshold=1.244 spread=1.044
SHADOW ENTRY LINK_USDT LONG impulse=+1.567bps spread=1.044 signal_to_fill=10ms 
px=9.575
SHADOW EXIT LINK_USDT LONG reason=binance_target_caught 
pnl=+1.044bps/+1.0444USDT hold=5449ms
SHADOW STATUS trades=76 W/L/F=62/14/0 pnl=+139.4137USDT books=3/3 Bquotes=97402
Mdepth=5679 state=WATCHING
SHADOW SIGNAL LINK_USDT LONG impulse=+1.567bps threshold=1.244 spread=1.044
SHADOW ENTRY LINK_USDT LONG impulse=+1.567bps spread=1.044 signal_to_fill=7ms 
px=9.575
SHADOW EXIT LINK_USDT LONG reason=binance_target_caught 
pnl=+1.044bps/+1.0444USDT hold=358ms
SHADOW SIGNAL LINK_USDT LONG impulse=+2.088bps threshold=1.244 spread=1.044
SHADOW ENTRY LINK_USDT LONG impulse=+2.088bps spread=1.044 signal_to_fill=5ms 
px=9.577
SHADOW EXIT LINK_USDT LONG reason=binance_target_caught 
pnl=+7.309bps/+7.3092USDT hold=791ms
SHADOW STATUS trades=78 W/L/F=64/14/0 pnl=+147.7673USDT books=3/3 Bquotes=98246
Mdepth=5705 state=WATCHING
SHADOW SIGNAL LINK_USDT LONG impulse=+2.087bps threshold=1.243 spread=1.043
SHADOW ENTRY LINK_USDT LONG impulse=+2.087bps spread=1.043 signal_to_fill=8ms 
px=9.584
SHADOW EXIT LINK_USDT LONG reason=live_adverse_cut pnl=-3.130bps/-3.1302USDT 
hold=818ms
SHADOW STATUS trades=79 W/L/F=64/15/0 pnl=+144.6371USDT books=3/3 Bquotes=98820
Mdepth=5739 state=WATCHING
SHADOW STATUS trades=79 W/L/F=64/15/0 pnl=+144.6371USDT books=3/3 Bquotes=99067
Mdepth=5781 state=WATCHING
SHADOW STATUS trades=79 W/L/F=64/15/0 pnl=+144.6371USDT books=3/3 Bquotes=99796
Mdepth=5825 state=WATCHING
SHADOW SIGNAL LINK_USDT SHORT impulse=-3.134bps threshold=1.244 spread=1.044
SHADOW ENTRY LINK_USDT SHORT impulse=-3.134bps spread=1.044 signal_to_fill=57ms
px=9.574
SHADOW EXIT LINK_USDT SHORT reason=binance_target_caught 
pnl=+3.133bps/+3.1335USDT hold=522ms
SHADOW STATUS trades=80 W/L/F=65/15/0 pnl=+147.7705USDT books=3/3 
Bquotes=100401 Mdepth=5866 state=WATCHING
SHADOW SIGNAL LINK_USDT LONG impulse=+2.090bps threshold=1.245 spread=1.045
SHADOW ENTRY LINK_USDT LONG impulse=+2.090bps spread=1.045 signal_to_fill=12ms 
px=9.571
SHADOW EXIT LINK_USDT LONG reason=live_adverse_cut pnl=-3.134bps/-3.1345USDT 
hold=3589ms
SHADOW STATUS trades=81 W/L/F=65/16/0 pnl=+144.6361USDT books=3/3 
Bquotes=100961 Mdepth=5908 state=WATCHING
SHADOW SIGNAL LINK_USDT LONG impulse=+1.568bps threshold=1.245 spread=1.045
SHADOW ENTRY LINK_USDT LONG impulse=+1.568bps spread=1.045 signal_to_fill=9ms 
px=9.567
SHADOW EXIT LINK_USDT LONG reason=live_adverse_cut pnl=-2.091bps/-2.0905USDT 
hold=10620ms
SHADOW STATUS trades=82 W/L/F=65/17/0 pnl=+142.5456USDT books=3/3 
Bquotes=102020 Mdepth=5973 state=WATCHING
SHADOW STATUS trades=82 W/L/F=65/17/0 pnl=+142.5456USDT books=3/3 
Bquotes=102219 Mdepth=5987 state=WATCHING
SHADOW STATUS trades=82 W/L/F=65/17/0 pnl=+142.5456USDT books=3/3 
Bquotes=102432 Mdepth=6008 state=WATCHING
SHADOW SIGNAL DOGE_USDT SHORT impulse=-2.858bps threshold=1.629 spread=1.429
SHADOW ENTRY DOGE_USDT SHORT impulse=-2.858bps spread=1.429 signal_to_fill=10ms
px=0.06998
SHADOW EXIT DOGE_USDT SHORT reason=timeout pnl=+1.429bps/+1.4290USDT 
hold=61102ms
SHADOW STATUS trades=83 W/L/F=66/17/0 pnl=+143.9745USDT books=3/3 
Bquotes=107098 Mdepth=6288 state=WATCHING
SHADOW STATUS trades=83 W/L/F=66/17/0 pnl=+143.9745USDT books=3/3 
Bquotes=107242 Mdepth=6298 state=WATCHING
SHADOW STATUS trades=83 W/L/F=66/17/0 pnl=+143.9745USDT books=3/3 
Bquotes=107524 Mdepth=6315 state=WATCHING
SHADOW STATUS trades=83 W/L/F=66/17/0 pnl=+143.9745USDT books=3/3 
Bquotes=107728 Mdepth=6346 state=WATCHING
SHADOW SIGNAL LINK_USDT LONG impulse=+2.091bps threshold=1.246 spread=1.046
SHADOW ENTRY LINK_USDT LONG impulse=+2.091bps spread=1.046 signal_to_fill=8ms 
px=9.565
SHADOW EXIT LINK_USDT LONG reason=binance_target_caught 
pnl=+2.091bps/+2.0910USDT hold=742ms
SHADOW STATUS trades=84 W/L/F=67/17/0 pnl=+146.0655USDT books=3/3 
Bquotes=108093 Mdepth=6368 state=WATCHING
SHADOW SIGNAL LINK_USDT SHORT impulse=-1.568bps threshold=1.245 spread=1.045
SHADOW ENTRY LINK_USDT SHORT impulse=-1.568bps spread=1.045 signal_to_fill=5ms 
px=9.567
SHADOW EXIT LINK_USDT SHORT reason=binance_target_caught 
pnl=+4.181bps/+4.1810USDT hold=9274ms
SHADOW STATUS trades=85 W/L/F=68/17/0 pnl=+150.2465USDT books=3/3 
Bquotes=108690 Mdepth=6405 state=WATCHING
SHADOW STATUS trades=85 W/L/F=68/17/0 pnl=+150.2465USDT books=3/3 
Bquotes=109040 Mdepth=6426 state=WATCHING
SHADOW SIGNAL XRP_USDT SHORT impulse=-1.997bps threshold=1.199 spread=0.999
SHADOW ENTRY XRP_USDT SHORT impulse=-1.997bps spread=0.999 signal_to_fill=10ms 
px=1.0014
SHADOW EXIT XRP_USDT SHORT reason=binance_target_caught 
pnl=+1.997bps/+1.9972USDT hold=45268ms
SHADOW STATUS trades=86 W/L/F=69/17/0 pnl=+152.2437USDT books=3/3 
Bquotes=112746 Mdepth=6628 state=WATCHING
SHADOW STATUS trades=86 W/L/F=69/17/0 pnl=+152.2437USDT books=3/3 
Bquotes=112970 Mdepth=6641 state=WATCHING
SHADOW STATUS trades=86 W/L/F=69/17/0 pnl=+152.2437USDT books=3/3 
Bquotes=113173 Mdepth=6657 state=WATCHING
SHADOW SIGNAL LINK_USDT SHORT impulse=-2.091bps threshold=1.246 spread=1.046
SHADOW ENTRY LINK_USDT SHORT impulse=-2.091bps spread=1.046 signal_to_fill=8ms 
px=9.564
SHADOW EXIT LINK_USDT SHORT reason=binance_target_caught 
pnl=+4.182bps/+4.1824USDT hold=415ms
SHADOW STATUS trades=87 W/L/F=70/17/0 pnl=+156.4261USDT books=3/3 
Bquotes=113566 Mdepth=6677 state=WATCHING
SHADOW SIGNAL LINK_USDT LONG impulse=+2.092bps threshold=1.246 spread=1.046
SHADOW ENTRY LINK_USDT LONG impulse=+2.092bps spread=1.046 signal_to_fill=4ms 
px=9.558
SHADOW EXIT LINK_USDT LONG reason=binance_target_caught 
pnl=+3.139bps/+3.1387USDT hold=164ms
SHADOW STATUS trades=88 W/L/F=71/17/0 pnl=+159.5648USDT books=3/3 
Bquotes=114087 Mdepth=6697 state=WATCHING
SHADOW STATUS trades=88 W/L/F=71/17/0 pnl=+159.5648USDT books=3/3 
Bquotes=114422 Mdepth=6739 state=WATCHING
SHADOW STATUS trades=88 W/L/F=71/17/0 pnl=+159.5648USDT books=3/3 
Bquotes=114694 Mdepth=6772 state=WATCHING
SHADOW STATUS trades=88 W/L/F=71/17/0 pnl=+159.5648USDT books=3/3 
Bquotes=115235 Mdepth=6793 state=WATCHING
SHADOW STATUS trades=88 W/L/F=71/17/0 pnl=+159.5648USDT books=3/3 
Bquotes=115488 Mdepth=6812 state=WATCHING
SHADOW STATUS trades=88 W/L/F=71/17/0 pnl=+159.5648USDT books=3/3 
Bquotes=115711 Mdepth=6833 state=WATCHING
SHADOW STATUS trades=88 W/L/F=71/17/0 pnl=+159.5648USDT books=3/3 
Bquotes=116014 Mdepth=6852 state=WATCHING
SHADOW SIGNAL LINK_USDT SHORT impulse=-2.092bps threshold=1.246 spread=1.046
SHADOW ENTRY LINK_USDT SHORT impulse=-2.092bps spread=1.046 signal_to_fill=8ms 
px=9.563
SHADOW EXIT LINK_USDT SHORT reason=binance_target_caught 
pnl=+2.091bps/+2.0914USDT hold=379ms
SHADOW STATUS trades=89 W/L/F=72/17/0 pnl=+161.6562USDT books=3/3 
Bquotes=116976 Mdepth=6869 state=WATCHING
SHADOW SIGNAL XRP_USDT SHORT impulse=-1.998bps threshold=1.199 spread=0.999
SHADOW ENTRY XRP_USDT SHORT impulse=-1.998bps spread=0.999 signal_to_fill=13ms 
px=1.0013
SHADOW EXIT XRP_USDT SHORT reason=timeout pnl=-0.999bps/-0.9987USDT 
hold=60062ms
SHADOW STATUS trades=90 W/L/F=72/18/0 pnl=+160.6575USDT books=3/3 
Bquotes=122270 Mdepth=7141 state=WATCHING
SHADOW SIGNAL LINK_USDT SHORT impulse=-2.091bps threshold=1.245 spread=1.045
SHADOW ENTRY LINK_USDT SHORT impulse=-2.091bps spread=1.045 signal_to_fill=5ms 
px=9.565
SHADOW EXIT LINK_USDT SHORT reason=binance_target_caught 
pnl=+5.227bps/+5.2274USDT hold=487ms
SHADOW STATUS trades=91 W/L/F=73/18/0 pnl=+165.8849USDT books=3/3 
Bquotes=122724 Mdepth=7158 state=WATCHING
SHADOW STATUS trades=91 W/L/F=73/18/0 pnl=+165.8849USDT books=3/3 
Bquotes=122899 Mdepth=7175 state=WATCHING
SHADOW SIGNAL LINK_USDT LONG impulse=+2.092bps threshold=1.246 spread=1.046
SHADOW ENTRY LINK_USDT LONG impulse=+2.092bps spread=1.046 signal_to_fill=8ms 
px=9.563
SHADOW EXIT LINK_USDT LONG reason=binance_target_caught 
pnl=+2.091bps/+2.0914USDT hold=1932ms
SHADOW STATUS trades=92 W/L/F=74/18/0 pnl=+167.9763USDT books=3/3 
Bquotes=123414 Mdepth=7200 state=WATCHING
SHADOW STATUS trades=92 W/L/F=74/18/0 pnl=+167.9763USDT books=3/3 
Bquotes=123718 Mdepth=7219 state=WATCHING
SHADOW STATUS trades=92 W/L/F=74/18/0 pnl=+167.9763USDT books=3/3 
Bquotes=124026 Mdepth=7234 state=WATCHING
SHADOW STATUS trades=92 W/L/F=74/18/0 pnl=+167.9763USDT books=3/3 
Bquotes=124277 Mdepth=7250 state=WATCHING
SHADOW STATUS trades=92 W/L/F=74/18/0 pnl=+167.9763USDT books=3/3 
Bquotes=124481 Mdepth=7261 state=WATCHING
SHADOW SIGNAL LINK_USDT LONG impulse=+1.568bps threshold=1.245 spread=1.045
SHADOW ENTRY LINK_USDT LONG impulse=+1.568bps spread=1.045 signal_to_fill=4ms 
px=9.567
SHADOW EXIT LINK_USDT LONG reason=binance_target_caught 
pnl=+6.272bps/+6.2716USDT hold=4906ms
SHADOW STATUS trades=93 W/L/F=75/18/0 pnl=+174.2478USDT books=3/3 
Bquotes=125316 Mdepth=7285 state=WATCHING
SHADOW STATUS trades=93 W/L/F=75/18/0 pnl=+174.2478USDT books=3/3 
Bquotes=125640 Mdepth=7327 state=WATCHING
SHADOW SIGNAL LINK_USDT LONG impulse=+2.088bps threshold=1.244 spread=1.044
SHADOW ENTRY LINK_USDT LONG impulse=+2.088bps spread=1.044 signal_to_fill=8ms 
px=9.576
SHADOW EXIT LINK_USDT LONG reason=binance_target_caught 
pnl=+2.089bps/+2.0886USDT hold=2074ms
SHADOW STATUS trades=94 W/L/F=76/18/0 pnl=+176.3364USDT books=3/3 
Bquotes=126297 Mdepth=7389 state=WATCHING
SHADOW SIGNAL LINK_USDT SHORT impulse=-2.087bps threshold=1.244 spread=1.044
SHADOW ENTRY LINK_USDT SHORT impulse=-2.087bps spread=1.044 signal_to_fill=9ms 
px=9.582
SHADOW EXIT LINK_USDT SHORT reason=live_adverse_cut pnl=-2.087bps/-2.0872USDT 
hold=331ms
SHADOW STATUS trades=95 W/L/F=76/19/0 pnl=+174.2492USDT books=3/3 
Bquotes=126650 Mdepth=7407 state=WATCHING
SHADOW STATUS trades=95 W/L/F=76/19/0 pnl=+174.2492USDT books=3/3 
Bquotes=127082 Mdepth=7428 state=WATCHING
SHADOW STATUS trades=95 W/L/F=76/19/0 pnl=+174.2492USDT books=3/3 
Bquotes=127361 Mdepth=7444 state=WATCHING
SHADOW STATUS trades=95 W/L/F=76/19/0 pnl=+174.2492USDT books=3/3 
Bquotes=127714 Mdepth=7461 state=WATCHING
SHADOW STATUS trades=95 W/L/F=76/19/0 pnl=+174.2492USDT books=3/3 
Bquotes=128054 Mdepth=7479 state=WATCHING
SHADOW STATUS trades=95 W/L/F=76/19/0 pnl=+174.2492USDT books=3/3 
Bquotes=128813 Mdepth=7500 state=WATCHING
SHADOW SIGNAL LINK_USDT LONG impulse=+2.087bps threshold=1.244 spread=1.044
SHADOW ENTRY LINK_USDT LONG impulse=+2.087bps spread=1.044 signal_to_fill=4ms 
px=9.58
SHADOW EXIT LINK_USDT LONG reason=binance_target_caught 
pnl=+2.088bps/+2.0877USDT hold=319ms
SHADOW STATUS trades=96 W/L/F=77/19/0 pnl=+176.3368USDT books=3/3 
Bquotes=129113 Mdepth=7539 state=WATCHING
SHADOW SIGNAL LINK_USDT LONG impulse=+2.087bps threshold=1.243 spread=1.043
SHADOW ENTRY LINK_USDT LONG impulse=+2.087bps spread=1.043 signal_to_fill=13ms 
px=9.585
SHADOW EXIT LINK_USDT LONG reason=binance_target_caught 
pnl=+3.130bps/+3.1299USDT hold=594ms
SHADOW STATUS trades=97 W/L/F=78/19/0 pnl=+179.4667USDT books=3/3 
Bquotes=129658 Mdepth=7566 state=WATCHING
SHADOW SIGNAL LINK_USDT SHORT impulse=-2.086bps threshold=1.243 spread=1.043
SHADOW ENTRY LINK_USDT SHORT impulse=-2.086bps spread=1.043 signal_to_fill=4ms 
px=9.59
SHADOW EXIT LINK_USDT SHORT reason=live_adverse_cut pnl=-4.171bps/-4.1710USDT 
hold=11575ms
SHADOW STATUS trades=98 W/L/F=78/20/0 pnl=+175.2957USDT books=3/3 
Bquotes=130829 Mdepth=7613 state=WATCHING
SHADOW STATUS trades=98 W/L/F=78/20/0 pnl=+175.2957USDT books=3/3 
Bquotes=131132 Mdepth=7631 state=WATCHING
SHADOW STATUS trades=98 W/L/F=78/20/0 pnl=+175.2957USDT books=3/3 
Bquotes=131406 Mdepth=7647 state=WATCHING
SHADOW STATUS trades=98 W/L/F=78/20/0 pnl=+175.2957USDT books=3/3 
Bquotes=131754 Mdepth=7680 state=WATCHING
SHADOW STATUS trades=98 W/L/F=78/20/0 pnl=+175.2957USDT books=3/3 
Bquotes=132185 Mdepth=7707 state=WATCHING
SHADOW STATUS trades=98 W/L/F=78/20/0 pnl=+175.2957USDT books=3/3 
Bquotes=132515 Mdepth=7730 state=WATCHING
SHADOW STATUS trades=98 W/L/F=78/20/0 pnl=+175.2957USDT books=3/3 
Bquotes=132870 Mdepth=7749 state=WATCHING
SHADOW SIGNAL LINK_USDT LONG impulse=+2.086bps threshold=1.243 spread=1.043
SHADOW ENTRY LINK_USDT LONG impulse=+2.086bps spread=1.043 signal_to_fill=15ms 
px=9.587
SHADOW EXIT LINK_USDT LONG reason=live_adverse_cut pnl=-4.172bps/-4.1723USDT 
hold=9992ms
SHADOW STATUS trades=99 W/L/F=78/21/0 pnl=+171.1234USDT books=3/3 
Bquotes=133635 Mdepth=7793 state=WATCHING
SHADOW SIGNAL LINK_USDT SHORT impulse=-2.086bps threshold=1.243 spread=1.043
SHADOW ENTRY LINK_USDT SHORT impulse=-2.086bps spread=1.043 signal_to_fill=6ms 
px=9.586
SHADOW EXIT LINK_USDT SHORT reason=binance_target_caught 
pnl=+2.086bps/+2.0864USDT hold=2380ms
SHADOW COMPLETE trades=100 W/L/F=79/21/0 winrate=79.00% PF=4.126 
ZERO_FEE_PNL=+173.209777USDT 
CSV=D:\Mexc_tick_scalper\MEXC-Tick-scalper\binance_impulse_live_shadow_instant_
100_20260815.csv
READ-ONLY CONFIRMED: no LIVE or Demo order adapter was constructed.
