LIVE BINANCE IMPULSE SHADOW ONLY: public Binance/MEXC WebSockets and read-only 
MEXC fee discovery; no execution adapter and no order endpoint.
symbols=DOGE_USDT,LINK_USDT,XRP_USDT notional=10000USDT entry_latency=650ms 
exit_latency=350ms slippage_each_side=0bps
SHADOW STATUS trades=0 W/L/F=0/0/0 pnl=+0.0000USDT books=0/3 Bquotes=0 Mdepth=0
state=WATCHING
SHADOW STATUS trades=0 W/L/F=0/0/0 pnl=+0.0000USDT books=3/3 Bquotes=204 
Mdepth=16 state=WATCHING
SHADOW STATUS trades=0 W/L/F=0/0/0 pnl=+0.0000USDT books=3/3 Bquotes=422 
Mdepth=33 state=WATCHING
SHADOW STATUS trades=0 W/L/F=0/0/0 pnl=+0.0000USDT books=3/3 Bquotes=537 
Mdepth=69 state=WATCHING
SHADOW STATUS trades=0 W/L/F=0/0/0 pnl=+0.0000USDT books=3/3 Bquotes=670 
Mdepth=108 state=WATCHING
SHADOW STATUS trades=0 W/L/F=0/0/0 pnl=+0.0000USDT books=3/3 Bquotes=1092 
Mdepth=149 state=WATCHING
SHADOW STATUS trades=0 W/L/F=0/0/0 pnl=+0.0000USDT books=3/3 Bquotes=1241 
Mdepth=174 state=WATCHING
SHADOW STATUS trades=0 W/L/F=0/0/0 pnl=+0.0000USDT books=3/3 Bquotes=1511 
Mdepth=188 state=WATCHING
SHADOW STATUS trades=0 W/L/F=0/0/0 pnl=+0.0000USDT books=3/3 Bquotes=1735 
Mdepth=202 state=WATCHING
SHADOW STATUS trades=0 W/L/F=0/0/0 pnl=+0.0000USDT books=3/3 Bquotes=2025 
Mdepth=221 state=WATCHING
SHADOW STATUS trades=0 W/L/F=0/0/0 pnl=+0.0000USDT books=3/3 Bquotes=2274 
Mdepth=236 state=WATCHING
SHADOW STATUS trades=0 W/L/F=0/0/0 pnl=+0.0000USDT books=3/3 Bquotes=2472 
Mdepth=252 state=WATCHING
SHADOW STATUS trades=0 W/L/F=0/0/0 pnl=+0.0000USDT books=3/3 Bquotes=2743 
Mdepth=271 state=WATCHING
SHADOW STATUS trades=0 W/L/F=0/0/0 pnl=+0.0000USDT books=3/3 Bquotes=3133 
Mdepth=287 state=WATCHING
SHADOW SIGNAL LINK_USDT LONG impulse=+2.108bps threshold=1.254 spread=1.054
SHADOW ENTRY LINK_USDT LONG impulse=+2.108bps spread=1.054 signal_to_fill=657ms
px=9.489
SHADOW EXIT LINK_USDT LONG reason=binance_target_caught 
pnl=+1.054bps/+1.0539USDT hold=7495ms
SHADOW STATUS trades=1 W/L/F=1/0/0 pnl=+1.0539USDT books=3/3 Bquotes=3590 
Mdepth=313 state=WATCHING
SHADOW STATUS trades=1 W/L/F=1/0/0 pnl=+1.0539USDT books=3/3 Bquotes=3795 
Mdepth=330 state=WATCHING
SHADOW STATUS trades=1 W/L/F=1/0/0 pnl=+1.0539USDT books=3/3 Bquotes=3899 
Mdepth=346 state=WATCHING
SHADOW STATUS trades=1 W/L/F=1/0/0 pnl=+1.0539USDT books=3/3 Bquotes=4090 
Mdepth=360 state=WATCHING
SHADOW STATUS trades=1 W/L/F=1/0/0 pnl=+1.0539USDT books=3/3 Bquotes=4348 
Mdepth=390 state=WATCHING
SHADOW SIGNAL LINK_USDT SHORT impulse=-1.581bps threshold=1.254 spread=1.054
SHADOW ENTRY LINK_USDT SHORT impulse=-1.581bps spread=1.054 
signal_to_fill=670ms px=9.484
SHADOW EXIT LINK_USDT SHORT reason=live_adverse_cut pnl=-3.163bps/-3.1632USDT 
hold=9165ms
SHADOW STATUS trades=2 W/L/F=1/1/0 pnl=-2.1094USDT books=3/3 Bquotes=5127 
Mdepth=451 state=WATCHING
SHADOW STATUS trades=2 W/L/F=1/1/0 pnl=-2.1094USDT books=3/3 Bquotes=5358 
Mdepth=470 state=WATCHING
SHADOW STATUS trades=2 W/L/F=1/1/0 pnl=-2.1094USDT books=3/3 Bquotes=5535 
Mdepth=489 state=WATCHING
SHADOW STATUS trades=2 W/L/F=1/1/0 pnl=-2.1094USDT books=3/3 Bquotes=5937 
Mdepth=505 state=WATCHING
