LIVE MICROSPREAD -> DEMO: 1 symbol(s); event-driven Binance bookTicker + MEXC 
DEMO depth; all order writes TESTNET only.
Fee gate: Demo exact 0/0 + explicit Demo-only experiment
Excursion telemetry CSV: 
D:\Mexc_tick_scalper\MEXC-Tick-scalper\xaut_10k_restored_100_excursions_2026081
5.csv
Residual telemetry CSV: 
D:\Mexc_tick_scalper\MEXC-Tick-scalper\xaut_10k_restored_100_residuals_20260815
.csv
Symbols: XAUT_USDT
Micro gate: residual >= max(1.00bps, LIVE spread+0.60bps, spread*1.05); Binance
micro-move >= 0.020bps; basis baseline=8s excluding newest 1000ms.
Demo sizing: available=47044.6USDT mode=10000USDT target IOC notional
MICRO HEARTBEAT state=warming symbols=1 signal_source=demo books=1 demo_books=1
Bquotes=0 Mdepth=0 Ddepth=8 above_floor=0 max_residual=0.000bps candidates=0 
fee_age=0ms
MICRO HEARTBEAT state=watching symbols=1 signal_source=demo books=1 
demo_books=1 Bquotes=29 Mdepth=0 Ddepth=98 above_floor=0 max_residual=0.000bps 
candidates=0 fee_age=4321ms
MICRO HEARTBEAT state=watching symbols=1 signal_source=demo books=1 
demo_books=1 Bquotes=64 Mdepth=0 Ddepth=196 above_floor=0 max_residual=0.000bps
candidates=0 fee_age=4299ms
MICRO HEARTBEAT state=watching symbols=1 signal_source=demo books=1 
demo_books=1 Bquotes=81 Mdepth=0 Ddepth=287 above_floor=0 max_residual=0.000bps
candidates=0 fee_age=4278ms
MICRO HEARTBEAT state=watching symbols=1 signal_source=demo books=1 
demo_books=1 Bquotes=110 Mdepth=0 Ddepth=377 above_floor=0 
max_residual=0.000bps candidates=0 fee_age=4230ms
MICRO HEARTBEAT state=watching symbols=1 signal_source=demo books=1 
demo_books=1 Bquotes=135 Mdepth=0 Ddepth=476 above_floor=0 
max_residual=0.000bps candidates=0 fee_age=4177ms
MICRO HEARTBEAT state=watching symbols=1 signal_source=demo books=1 
demo_books=1 Bquotes=160 Mdepth=0 Ddepth=571 above_floor=0 
max_residual=0.000bps candidates=0 fee_age=4136ms
MICRO HEARTBEAT state=watching symbols=1 signal_source=demo books=1 
demo_books=1 Bquotes=206 Mdepth=0 Ddepth=667 above_floor=0 
max_residual=0.000bps candidates=0 fee_age=4072ms
MICRO HEARTBEAT state=watching symbols=1 signal_source=demo books=1 
demo_books=1 Bquotes=221 Mdepth=0 Ddepth=764 above_floor=0 
max_residual=0.000bps candidates=0 fee_age=3989ms
MICRO HEARTBEAT state=watching symbols=1 signal_source=demo books=1 
demo_books=1 Bquotes=259 Mdepth=0 Ddepth=859 above_floor=0 
max_residual=0.000bps candidates=0 fee_age=3878ms
MICRO HEARTBEAT state=watching symbols=1 signal_source=demo books=1 
demo_books=1 Bquotes=277 Mdepth=0 Ddepth=952 above_floor=0 
max_residual=0.000bps candidates=0 fee_age=3851ms
MICRO HEARTBEAT state=watching symbols=1 signal_source=demo books=1 
demo_books=1 Bquotes=306 Mdepth=0 Ddepth=1050 above_floor=0 
max_residual=0.000bps candidates=0 fee_age=3764ms
MICRO HEARTBEAT state=watching symbols=1 signal_source=demo books=1 
demo_books=1 Bquotes=336 Mdepth=0 Ddepth=1146 above_floor=0 
max_residual=0.000bps candidates=0 fee_age=3260ms
MICRO HEARTBEAT state=watching symbols=1 signal_source=demo books=1 
demo_books=1 Bquotes=371 Mdepth=0 Ddepth=1189 above_floor=0 
max_residual=0.000bps candidates=0 fee_age=3721ms
MICRO HEARTBEAT state=watching symbols=1 signal_source=demo books=1 
demo_books=1 Bquotes=416 Mdepth=0 Ddepth=1214 above_floor=0 
max_residual=0.000bps candidates=0 fee_age=3672ms
MICRO HEARTBEAT state=watching symbols=1 signal_source=demo books=1 
demo_books=1 Bquotes=450 Mdepth=0 Ddepth=1232 above_floor=0 
max_residual=0.000bps candidates=0 fee_age=3678ms
MICRO HEARTBEAT state=watching symbols=1 signal_source=demo books=1 
demo_books=1 Bquotes=474 Mdepth=0 Ddepth=1253 above_floor=0 
max_residual=0.000bps candidates=0 fee_age=3602ms
MICRO HEARTBEAT state=watching symbols=1 signal_source=demo books=1 
demo_books=1 Bquotes=518 Mdepth=0 Ddepth=1286 above_floor=0 
max_residual=0.000bps candidates=0 fee_age=3552ms
MICRO HEARTBEAT state=watching symbols=1 signal_source=demo books=1 
demo_books=1 Bquotes=546 Mdepth=0 Ddepth=1328 above_floor=0 
max_residual=0.000bps candidates=0 fee_age=3055ms
MICRO HEARTBEAT state=watching symbols=1 signal_source=demo books=1 
demo_books=1 Bquotes=635 Mdepth=0 Ddepth=1398 above_floor=0 
max_residual=0.000bps candidates=0 fee_age=3355ms
MICRO HEARTBEAT state=watching symbols=1 signal_source=demo books=1 
demo_books=1 Bquotes=787 Mdepth=0 Ddepth=1484 above_floor=0 
max_residual=0.000bps candidates=0 fee_age=3340ms
MICRO HEARTBEAT state=watching symbols=1 signal_source=demo books=1 
demo_books=1 Bquotes=827 Mdepth=0 Ddepth=1580 above_floor=0 
max_residual=0.000bps candidates=0 fee_age=3309ms
MICRO HEARTBEAT state=watching symbols=1 signal_source=demo books=1 
demo_books=1 Bquotes=860 Mdepth=0 Ddepth=1674 above_floor=0 
max_residual=0.000bps candidates=0 fee_age=3211ms
MICRO HEARTBEAT state=watching symbols=1 signal_source=demo books=1 
demo_books=1 Bquotes=887 Mdepth=0 Ddepth=1772 above_floor=0 
max_residual=0.000bps candidates=0 fee_age=3112ms
MICRO HEARTBEAT state=watching symbols=1 signal_source=demo books=1 
demo_books=1 Bquotes=941 Mdepth=0 Ddepth=1873 above_floor=0 
max_residual=0.000bps candidates=0 fee_age=3023ms
MICRO HEARTBEAT state=watching symbols=1 signal_source=demo books=1 
demo_books=1 Bquotes=1043 Mdepth=0 Ddepth=1970 above_floor=0 
max_residual=0.000bps candidates=0 fee_age=3074ms
MICRO HEARTBEAT state=watching symbols=1 signal_source=demo books=1 
demo_books=1 Bquotes=1139 Mdepth=0 Ddepth=2074 above_floor=0 
max_residual=0.000bps candidates=0 fee_age=2960ms
MICRO HEARTBEAT state=watching symbols=1 signal_source=demo books=1 
demo_books=1 Bquotes=1168 Mdepth=0 Ddepth=2177 above_floor=0 
max_residual=0.000bps candidates=0 fee_age=2962ms
MICRO HEARTBEAT state=watching symbols=1 signal_source=demo books=1 
demo_books=1 Bquotes=1201 Mdepth=0 Ddepth=2279 above_floor=0 
max_residual=0.000bps candidates=0 fee_age=2864ms
MICRO HEARTBEAT state=watching symbols=1 signal_source=demo books=1 
demo_books=1 Bquotes=1236 Mdepth=0 Ddepth=2320 above_floor=0 
max_residual=0.000bps candidates=0 fee_age=2860ms
MICRO HEARTBEAT state=watching symbols=1 signal_source=demo books=1 
demo_books=1 Bquotes=1244 Mdepth=0 Ddepth=2340 above_floor=0 
max_residual=0.000bps candidates=0 fee_age=2734ms
MICRO HEARTBEAT state=watching symbols=1 signal_source=demo books=1 
demo_books=1 Bquotes=1278 Mdepth=0 Ddepth=2369 above_floor=0 
max_residual=0.000bps candidates=0 fee_age=2749ms
MICRO HEARTBEAT state=watching symbols=1 signal_source=demo books=1 
demo_books=1 Bquotes=1394 Mdepth=0 Ddepth=2392 above_floor=0 
max_residual=0.000bps candidates=0 fee_age=2606ms
MICRO HEARTBEAT state=watching symbols=1 signal_source=demo books=1 
demo_books=1 Bquotes=1429 Mdepth=0 Ddepth=2413 above_floor=0 
max_residual=0.000bps candidates=0 fee_age=2592ms
MICRO HEARTBEAT state=watching symbols=1 signal_source=demo books=1 
demo_books=1 Bquotes=1543 Mdepth=0 Ddepth=2443 above_floor=0 
max_residual=0.000bps candidates=0 fee_age=2544ms
MICRO HEARTBEAT state=watching symbols=1 signal_source=demo books=1 
demo_books=1 Bquotes=1565 Mdepth=0 Ddepth=2510 above_floor=0 
max_residual=0.000bps candidates=0 fee_age=2517ms
MICRO HEARTBEAT state=watching symbols=1 signal_source=demo books=1 
demo_books=1 Bquotes=1600 Mdepth=0 Ddepth=2616 above_floor=0 
max_residual=0.000bps candidates=0 fee_age=2397ms
MICRO HEARTBEAT state=watching symbols=1 signal_source=demo books=1 
demo_books=1 Bquotes=1672 Mdepth=0 Ddepth=2721 above_floor=0 
max_residual=0.000bps candidates=0 fee_age=2339ms
MICRO HEARTBEAT state=watching symbols=1 signal_source=demo books=1 
demo_books=1 Bquotes=1710 Mdepth=0 Ddepth=2829 above_floor=0 
max_residual=0.000bps candidates=0 fee_age=2266ms
MICRO HEARTBEAT state=watching symbols=1 signal_source=demo books=1 
demo_books=1 Bquotes=1768 Mdepth=0 Ddepth=2933 above_floor=0 
max_residual=0.000bps candidates=0 fee_age=2178ms
MICRO HEARTBEAT state=watching symbols=1 signal_source=demo books=1 
demo_books=1 Bquotes=1835 Mdepth=0 Ddepth=3043 above_floor=0 
max_residual=0.000bps candidates=0 fee_age=2115ms
MICRO HEARTBEAT state=watching symbols=1 signal_source=demo books=1 
demo_books=1 Bquotes=1887 Mdepth=0 Ddepth=3147 above_floor=0 
max_residual=0.000bps candidates=0 fee_age=1921ms
MICRO HEARTBEAT state=watching symbols=1 signal_source=demo books=1 
demo_books=1 Bquotes=1959 Mdepth=0 Ddepth=3253 above_floor=0 
max_residual=0.000bps candidates=0 fee_age=1534ms
MICRO HEARTBEAT state=watching symbols=1 signal_source=demo books=1 
demo_books=1 Bquotes=2036 Mdepth=0 Ddepth=3354 above_floor=0 
max_residual=0.000bps candidates=0 fee_age=1972ms
MICRO HEARTBEAT state=watching symbols=1 signal_source=demo books=1 
demo_books=1 Bquotes=2093 Mdepth=0 Ddepth=3459 above_floor=0 
max_residual=0.000bps candidates=0 fee_age=1831ms
MICRO HEARTBEAT state=watching symbols=1 signal_source=demo books=1 
demo_books=1 Bquotes=2181 Mdepth=0 Ddepth=3569 above_floor=0 
max_residual=0.000bps candidates=0 fee_age=1729ms
MICRO HEARTBEAT state=watching symbols=1 signal_source=demo books=1 
demo_books=1 Bquotes=2236 Mdepth=0 Ddepth=3674 above_floor=0 
max_residual=0.000bps candidates=0 fee_age=1756ms
MICRO HEARTBEAT state=watching symbols=1 signal_source=demo books=1 
demo_books=1 Bquotes=2320 Mdepth=0 Ddepth=3778 above_floor=0 
max_residual=0.000bps candidates=0 fee_age=1700ms
MICRO HEARTBEAT state=watching symbols=1 signal_source=demo books=1 
demo_books=1 Bquotes=2358 Mdepth=0 Ddepth=3889 above_floor=0 
max_residual=0.000bps candidates=0 fee_age=1737ms
MICRO HEARTBEAT state=watching symbols=1 signal_source=demo books=1 
demo_books=1 Bquotes=2398 Mdepth=0 Ddepth=3994 above_floor=0 
max_residual=0.000bps candidates=0 fee_age=1218ms
MICRO HEARTBEAT state=watching symbols=1 signal_source=demo books=1 
demo_books=1 Bquotes=2436 Mdepth=0 Ddepth=4097 above_floor=0 
max_residual=0.000bps candidates=0 fee_age=1677ms
MICRO HEARTBEAT state=watching symbols=1 signal_source=demo books=1 
demo_books=1 Bquotes=2465 Mdepth=0 Ddepth=4202 above_floor=0 
max_residual=0.000bps candidates=0 fee_age=1570ms
MICRO HEARTBEAT state=watching symbols=1 signal_source=demo books=1 
demo_books=1 Bquotes=2498 Mdepth=0 Ddepth=4300 above_floor=0 
max_residual=0.000bps candidates=0 fee_age=1508ms
MICRO HEARTBEAT state=watching symbols=1 signal_source=demo books=1 
demo_books=1 Bquotes=2547 Mdepth=0 Ddepth=4355 above_floor=0 
max_residual=0.000bps candidates=0 fee_age=1462ms
MICRO HEARTBEAT state=watching symbols=1 signal_source=demo books=1 
demo_books=1 Bquotes=2572 Mdepth=0 Ddepth=4379 above_floor=0 
max_residual=0.000bps candidates=0 fee_age=1485ms
MICRO HEARTBEAT state=watching symbols=1 signal_source=demo books=1 
demo_books=1 Bquotes=2623 Mdepth=0 Ddepth=4401 above_floor=0 
max_residual=0.000bps candidates=0 fee_age=981ms
MICRO HEARTBEAT state=watching symbols=1 signal_source=demo books=1 
demo_books=1 Bquotes=2673 Mdepth=0 Ddepth=4430 above_floor=0 
max_residual=0.000bps candidates=0 fee_age=1354ms
MICRO HEARTBEAT state=watching symbols=1 signal_source=demo books=1 
demo_books=1 Bquotes=2717 Mdepth=0 Ddepth=4457 above_floor=0 
max_residual=0.000bps candidates=0 fee_age=1241ms
MICRO HEARTBEAT state=watching symbols=1 signal_source=demo books=1 
demo_books=1 Bquotes=2755 Mdepth=0 Ddepth=4493 above_floor=0 
max_residual=0.000bps candidates=0 fee_age=1226ms
MICRO HEARTBEAT state=watching symbols=1 signal_source=demo books=1 
demo_books=1 Bquotes=2792 Mdepth=0 Ddepth=4561 above_floor=0 
max_residual=0.000bps candidates=0 fee_age=842ms
MICRO HEARTBEAT state=watching symbols=1 signal_source=demo books=1 
demo_books=1 Bquotes=2828 Mdepth=0 Ddepth=4661 above_floor=0 
max_residual=0.000bps candidates=0 fee_age=1161ms
MICRO HEARTBEAT state=watching symbols=1 signal_source=demo books=1 
demo_books=1 Bquotes=2869 Mdepth=0 Ddepth=4758 above_floor=0 
max_residual=0.000bps candidates=0 fee_age=860ms
MICRO HEARTBEAT state=watching symbols=1 signal_source=demo books=1 
demo_books=1 Bquotes=2903 Mdepth=0 Ddepth=4858 above_floor=0 
max_residual=0.000bps candidates=0 fee_age=1004ms
MICRO HEARTBEAT state=watching symbols=1 signal_source=demo books=1 
demo_books=1 Bquotes=2934 Mdepth=0 Ddepth=4960 above_floor=0 
max_residual=0.000bps candidates=0 fee_age=997ms
MICRO HEARTBEAT state=watching symbols=1 signal_source=demo books=1 
demo_books=1 Bquotes=2967 Mdepth=0 Ddepth=5063 above_floor=0 
max_residual=0.000bps candidates=0 fee_age=939ms
MICRO HEARTBEAT state=watching symbols=1 signal_source=demo books=1 
demo_books=1 Bquotes=2996 Mdepth=0 Ddepth=5172 above_floor=0 
max_residual=0.000bps candidates=0 fee_age=865ms
MICRO HEARTBEAT state=watching symbols=1 signal_source=demo books=1 
demo_books=1 Bquotes=3025 Mdepth=0 Ddepth=5279 above_floor=0 
max_residual=0.000bps candidates=0 fee_age=797ms
MICRO HEARTBEAT state=watching symbols=1 signal_source=demo books=1 
demo_books=1 Bquotes=3054 Mdepth=0 Ddepth=5379 above_floor=0 
max_residual=0.000bps candidates=0 fee_age=727ms
MICRO HEARTBEAT state=watching symbols=1 signal_source=demo books=1 
demo_books=1 Bquotes=3092 Mdepth=0 Ddepth=5476 above_floor=0 
max_residual=0.000bps candidates=0 fee_age=581ms
MICRO HEARTBEAT state=watching symbols=1 signal_source=demo books=1 
demo_books=1 Bquotes=3128 Mdepth=0 Ddepth=5574 above_floor=0 
max_residual=0.000bps candidates=0 fee_age=611ms
MICRO HEARTBEAT state=watching symbols=1 signal_source=demo books=1 
demo_books=1 Bquotes=3162 Mdepth=0 Ddepth=5667 above_floor=0 
max_residual=0.000bps candidates=0 fee_age=548ms
MICRO HEARTBEAT state=watching symbols=1 signal_source=demo books=1 
demo_books=1 Bquotes=3207 Mdepth=0 Ddepth=5751 above_floor=0 
max_residual=0.000bps candidates=0 fee_age=0ms
MICRO HEARTBEAT state=watching symbols=1 signal_source=demo books=1 
demo_books=1 Bquotes=3239 Mdepth=0 Ddepth=5838 above_floor=0 
max_residual=0.000bps candidates=0 fee_age=470ms
MICRO HEARTBEAT state=watching symbols=1 signal_source=demo books=1 
demo_books=1 Bquotes=3276 Mdepth=0 Ddepth=5881 above_floor=0 
max_residual=0.000bps candidates=0 fee_age=324ms
MICRO HEARTBEAT state=watching symbols=1 signal_source=demo books=1 
demo_books=1 Bquotes=3313 Mdepth=0 Ddepth=5910 above_floor=0 
max_residual=0.000bps candidates=0 fee_age=229ms
MICRO HEARTBEAT state=watching symbols=1 signal_source=demo books=1 
demo_books=1 Bquotes=3353 Mdepth=0 Ddepth=5929 above_floor=0 
max_residual=0.000bps candidates=0 fee_age=236ms
MICRO HEARTBEAT state=watching symbols=1 signal_source=demo books=1 
demo_books=1 Bquotes=3391 Mdepth=0 Ddepth=5951 above_floor=0 
max_residual=0.000bps candidates=0 fee_age=185ms
MICRO HEARTBEAT state=watching symbols=1 signal_source=demo books=1 
demo_books=1 Bquotes=3441 Mdepth=0 Ddepth=5988 above_floor=0 
max_residual=0.000bps candidates=0 fee_age=0ms
MICRO HEARTBEAT state=watching symbols=1 signal_source=demo books=1 
demo_books=1 Bquotes=3481 Mdepth=0 Ddepth=6032 above_floor=0 
max_residual=0.000bps candidates=0 fee_age=353ms
MICRO HEARTBEAT state=watching symbols=1 signal_source=demo books=1 
demo_books=1 Bquotes=3513 Mdepth=0 Ddepth=6111 above_floor=0 
max_residual=0.000bps candidates=0 fee_age=329ms
MICRO HEARTBEAT state=watching symbols=1 signal_source=demo books=1 
demo_books=1 Bquotes=3555 Mdepth=0 Ddepth=6210 above_floor=0 
max_residual=0.000bps candidates=0 fee_age=323ms
MICRO HEARTBEAT state=watching symbols=1 signal_source=demo books=1 
demo_books=1 Bquotes=3741 Mdepth=0 Ddepth=6306 above_floor=0 
max_residual=0.000bps candidates=0 fee_age=0ms
MICRO HEARTBEAT state=watching symbols=1 signal_source=demo books=1 
demo_books=1 Bquotes=3854 Mdepth=0 Ddepth=6394 above_floor=0 
max_residual=0.000bps candidates=0 fee_age=375ms
MICRO HEARTBEAT state=watching symbols=1 signal_source=demo books=1 
demo_books=1 Bquotes=3932 Mdepth=0 Ddepth=6486 above_floor=0 
max_residual=0.000bps candidates=0 fee_age=301ms
MICRO HEARTBEAT state=watching symbols=1 signal_source=demo books=1 
demo_books=1 Bquotes=4105 Mdepth=0 Ddepth=6576 above_floor=0 
max_residual=0.000bps candidates=0 fee_age=265ms
MICRO HEARTBEAT state=watching symbols=1 signal_source=demo books=1 
demo_books=1 Bquotes=4186 Mdepth=0 Ddepth=6669 above_floor=0 
max_residual=0.000bps candidates=0 fee_age=250ms
MICRO HEARTBEAT state=watching symbols=1 signal_source=demo books=1 
demo_books=1 Bquotes=4266 Mdepth=0 Ddepth=6769 above_floor=0 
max_residual=0.000bps candidates=0 fee_age=16ms
MICRO HEARTBEAT state=watching symbols=1 signal_source=demo books=1 
demo_books=1 Bquotes=4349 Mdepth=0 Ddepth=6859 above_floor=0 
max_residual=0.000bps candidates=0 fee_age=46ms
MICRO HEARTBEAT state=watching symbols=1 signal_source=demo books=1 
demo_books=1 Bquotes=4427 Mdepth=0 Ddepth=6951 above_floor=0 
max_residual=0.000bps candidates=0 fee_age=52ms
MICRO HEARTBEAT state=watching symbols=1 signal_source=demo books=1 
demo_books=1 Bquotes=4465 Mdepth=0 Ddepth=7043 above_floor=0 
max_residual=0.000bps candidates=0 fee_age=52ms
MICRO HEARTBEAT state=watching symbols=1 signal_source=demo books=1 
demo_books=1 Bquotes=4503 Mdepth=0 Ddepth=7132 above_floor=0 
max_residual=0.000bps candidates=0 fee_age=0ms
MICRO HEARTBEAT state=watching symbols=1 signal_source=demo books=1 
demo_books=1 Bquotes=4552 Mdepth=0 Ddepth=7223 above_floor=0 
max_residual=0.000bps candidates=0 fee_age=0ms
MICRO HEARTBEAT state=watching symbols=1 signal_source=demo books=1 
demo_books=1 Bquotes=4595 Mdepth=0 Ddepth=7299 above_floor=0 
max_residual=0.000bps candidates=0 fee_age=56ms
MICRO HEARTBEAT state=watching symbols=1 signal_source=demo books=1 
demo_books=1 Bquotes=4640 Mdepth=0 Ddepth=7326 above_floor=0 
max_residual=0.000bps candidates=0 fee_age=0ms
MICRO HEARTBEAT state=watching symbols=1 signal_source=demo books=1 
demo_books=1 Bquotes=4682 Mdepth=0 Ddepth=7349 above_floor=0 
max_residual=0.000bps candidates=0 fee_age=0ms
MICRO HEARTBEAT state=watching symbols=1 signal_source=demo books=1 
demo_books=1 Bquotes=4733 Mdepth=0 Ddepth=7382 above_floor=0 
max_residual=0.000bps candidates=0 fee_age=0ms
MICRO HEARTBEAT state=watching symbols=1 signal_source=demo books=1 
demo_books=1 Bquotes=4880 Mdepth=0 Ddepth=7404 above_floor=0 
max_residual=0.000bps candidates=0 fee_age=1ms
MICRO HEARTBEAT state=watching symbols=1 signal_source=demo books=1 
demo_books=1 Bquotes=4916 Mdepth=0 Ddepth=7425 above_floor=0 
max_residual=0.000bps candidates=0 fee_age=60ms
MICRO HEARTBEAT state=watching symbols=1 signal_source=demo books=1 
demo_books=1 Bquotes=4957 Mdepth=0 Ddepth=7478 above_floor=0 
max_residual=0.000bps candidates=0 fee_age=435ms
MICRO HEARTBEAT state=watching symbols=1 signal_source=demo books=1 
demo_books=1 Bquotes=5001 Mdepth=0 Ddepth=7575 above_floor=0 
max_residual=0.000bps candidates=0 fee_age=270ms
MICRO HEARTBEAT state=watching symbols=1 signal_source=demo books=1 
demo_books=1 Bquotes=5077 Mdepth=0 Ddepth=7666 above_floor=0 
max_residual=0.000bps candidates=0 fee_age=225ms
MICRO HEARTBEAT state=watching symbols=1 signal_source=demo books=1 
demo_books=1 Bquotes=5151 Mdepth=0 Ddepth=7764 above_floor=0 
max_residual=0.000bps candidates=0 fee_age=42ms
MICRO HEARTBEAT state=watching symbols=1 signal_source=demo books=1 
demo_books=1 Bquotes=5218 Mdepth=0 Ddepth=7870 above_floor=0 
max_residual=0.000bps candidates=0 fee_age=86ms
MICRO HEARTBEAT state=watching symbols=1 signal_source=demo books=1 
demo_books=1 Bquotes=5258 Mdepth=0 Ddepth=7977 above_floor=0 
max_residual=0.000bps candidates=0 fee_age=112ms
MICRO HEARTBEAT state=watching symbols=1 signal_source=demo books=1 
demo_books=1 Bquotes=5306 Mdepth=0 Ddepth=8078 above_floor=0 
max_residual=0.000bps candidates=0 fee_age=0ms
MICRO HEARTBEAT state=watching symbols=1 signal_source=demo books=1 
demo_books=1 Bquotes=5361 Mdepth=0 Ddepth=8179 above_floor=0 
max_residual=0.000bps candidates=0 fee_age=439ms
MICRO HEARTBEAT state=watching symbols=1 signal_source=demo books=1 
demo_books=1 Bquotes=5416 Mdepth=0 Ddepth=8281 above_floor=0 
max_residual=0.000bps candidates=0 fee_age=297ms
MICRO HEARTBEAT state=watching symbols=1 signal_source=demo books=1 
demo_books=1 Bquotes=5461 Mdepth=0 Ddepth=8385 above_floor=0 
max_residual=0.000bps candidates=0 fee_age=234ms
MICRO HEARTBEAT state=watching symbols=1 signal_source=demo books=1 
demo_books=1 Bquotes=5511 Mdepth=0 Ddepth=8488 above_floor=0 
max_residual=0.000bps candidates=0 fee_age=173ms
MICRO HEARTBEAT state=watching symbols=1 signal_source=demo books=1 
demo_books=1 Bquotes=5545 Mdepth=0 Ddepth=8585 above_floor=0 
max_residual=0.000bps candidates=0 fee_age=57ms
MICRO HEARTBEAT state=watching symbols=1 signal_source=demo books=1 
demo_books=1 Bquotes=5583 Mdepth=0 Ddepth=8684 above_floor=0 
max_residual=0.000bps candidates=0 fee_age=0ms
MICRO HEARTBEAT state=watching symbols=1 signal_source=demo books=1 
demo_books=1 Bquotes=5616 Mdepth=0 Ddepth=8792 above_floor=0 
max_residual=0.000bps candidates=0 fee_age=0ms
MICRO HEARTBEAT state=watching symbols=1 signal_source=demo books=1 
demo_books=1 Bquotes=5662 Mdepth=0 Ddepth=8875 above_floor=0 
max_residual=0.000bps candidates=0 fee_age=438ms
MICRO HEARTBEAT state=watching symbols=1 signal_source=demo books=1 
demo_books=1 Bquotes=5703 Mdepth=0 Ddepth=8907 above_floor=0 
max_residual=0.000bps candidates=0 fee_age=402ms
MICRO HEARTBEAT state=watching symbols=1 signal_source=demo books=1 
demo_books=1 Bquotes=5734 Mdepth=0 Ddepth=8927 above_floor=0 
max_residual=0.000bps candidates=0 fee_age=0ms
MICRO HEARTBEAT state=watching symbols=1 signal_source=demo books=1 
demo_books=1 Bquotes=5776 Mdepth=0 Ddepth=8957 above_floor=0 
max_residual=0.000bps candidates=0 fee_age=451ms
MICRO HEARTBEAT state=watching symbols=1 signal_source=demo books=1 
demo_books=1 Bquotes=5845 Mdepth=0 Ddepth=8989 above_floor=0 
max_residual=0.000bps candidates=0 fee_age=400ms
MICRO HEARTBEAT state=watching symbols=1 signal_source=demo books=1 
demo_books=1 Bquotes=5889 Mdepth=0 Ddepth=9011 above_floor=0 
max_residual=0.000bps candidates=0 fee_age=223ms
MICRO HEARTBEAT state=watching symbols=1 signal_source=demo books=1 
demo_books=1 Bquotes=5925 Mdepth=0 Ddepth=9066 above_floor=0 
max_residual=0.000bps candidates=0 fee_age=297ms
MICRO HEARTBEAT state=watching symbols=1 signal_source=demo books=1 
demo_books=1 Bquotes=5969 Mdepth=0 Ddepth=9158 above_floor=0 
max_residual=0.000bps candidates=0 fee_age=173ms
MICRO HEARTBEAT state=watching symbols=1 signal_source=demo books=1 
demo_books=1 Bquotes=6015 Mdepth=0 Ddepth=9250 above_floor=0 
max_residual=0.000bps candidates=0 fee_age=63ms
MICRO HEARTBEAT state=watching symbols=1 signal_source=demo books=1 
demo_books=1 Bquotes=6057 Mdepth=0 Ddepth=9353 above_floor=0 
max_residual=0.000bps candidates=0 fee_age=56ms
MICRO HEARTBEAT state=watching symbols=1 signal_source=demo books=1 
demo_books=1 Bquotes=6117 Mdepth=0 Ddepth=9453 above_floor=0 
max_residual=0.000bps candidates=0 fee_age=0ms
MICRO HEARTBEAT state=watching symbols=1 signal_source=demo books=1 
demo_books=1 Bquotes=6154 Mdepth=0 Ddepth=9562 above_floor=0 
max_residual=0.000bps candidates=0 fee_age=0ms
MICRO HEARTBEAT state=watching symbols=1 signal_source=demo books=1 
demo_books=1 Bquotes=6201 Mdepth=0 Ddepth=9665 above_floor=0 
max_residual=0.000bps candidates=0 fee_age=0ms
MICRO HEARTBEAT state=watching symbols=1 signal_source=demo books=1 
demo_books=1 Bquotes=6273 Mdepth=0 Ddepth=9773 above_floor=0 
max_residual=0.000bps candidates=0 fee_age=0ms
MICRO HEARTBEAT state=watching symbols=1 signal_source=demo books=1 
demo_books=1 Bquotes=6347 Mdepth=0 Ddepth=9875 above_floor=0 
max_residual=0.000bps candidates=0 fee_age=0ms
MICRO SIGNAL XAUT_USDT SHORT residual=-1.101bps threshold=1.000 spread=0.229 
net=+0.101 B100=-1.101 M100=+0.000 Bage=2ms Mage=47ms DemoCross=1.0bps
DEMO ENTRY XAUT_USDT SHORT qty=2.294 LIVEEntry=4358.7 residual=-1.101 
notional=9998.86USDT leverage=1000x requested_margin=10.0000USDT 
strategy_equity=60.0000USDT sizing=TARGET_NOTIONAL spread=0.229 
DemoFeeReported=0
MICRO POSITION XAUT_USDT mark=-0.229bps MFE=+0.000 MAE=-0.229 
DemoNetMark=-0.229400USDT DemoNet=-0.229bps DemoMFE=+0.000 DemoMAE=-0.229 
TRAIL=OFF residual=+0.000bps B100=+0.000
MICRO POSITION XAUT_USDT mark=-0.229bps MFE=+0.000 MAE=-0.229 
DemoNetMark=-0.229400USDT DemoNet=-0.229bps DemoMFE=+0.000 DemoMAE=-0.229 
TRAIL=OFF residual=+0.000bps B100=+0.000
MICRO POSITION XAUT_USDT mark=-0.229bps MFE=+0.000 MAE=-0.229 
DemoNetMark=-0.229400USDT DemoNet=-0.229bps DemoMFE=+0.000 DemoMAE=-0.229 
TRAIL=OFF residual=+0.000bps B100=+0.000
MICRO POSITION XAUT_USDT mark=-0.229bps MFE=+0.000 MAE=-0.229 
DemoNetMark=-0.229400USDT DemoNet=-0.229bps DemoMFE=+0.000 DemoMAE=-0.229 
TRAIL=OFF residual=+0.000bps B100=+0.000
MICRO POSITION XAUT_USDT mark=-0.229bps MFE=+0.000 MAE=-0.229 
DemoNetMark=-0.229400USDT DemoNet=-0.229bps DemoMFE=+0.000 DemoMAE=-0.229 
TRAIL=OFF residual=+0.000bps B100=+0.000
MICRO POSITION XAUT_USDT mark=-0.229bps MFE=+0.000 MAE=-0.229 
DemoNetMark=-0.229400USDT DemoNet=-0.229bps DemoMFE=+0.000 DemoMAE=-0.229 
TRAIL=OFF residual=+0.000bps B100=+0.000
MICRO POSITION XAUT_USDT mark=-0.000bps MFE=+0.000 MAE=-0.229 
DemoNetMark=-0.000000USDT DemoNet=-0.000bps DemoMFE=+0.000 DemoMAE=-0.229 
TRAIL=OFF residual=+0.000bps B100=+0.000
MICRO POSITION XAUT_USDT mark=-0.000bps MFE=+0.000 MAE=-0.229 
DemoNetMark=-0.000000USDT DemoNet=-0.000bps DemoMFE=+0.000 DemoMAE=-0.229 
TRAIL=OFF residual=+0.000bps B100=+0.000
MICRO POSITION XAUT_USDT mark=-0.000bps MFE=+0.000 MAE=-0.229 
DemoNetMark=-0.000000USDT DemoNet=-0.000bps DemoMFE=+0.000 DemoMAE=-0.229 
TRAIL=OFF residual=+0.000bps B100=+0.000
MICRO POSITION XAUT_USDT mark=-0.229bps MFE=+0.000 MAE=-0.229 
DemoNetMark=-0.229400USDT DemoNet=-0.229bps DemoMFE=+0.000 DemoMAE=-0.229 
TRAIL=OFF residual=-0.115bps B100=+0.000
MICRO POSITION XAUT_USDT mark=-0.229bps MFE=+0.000 MAE=-0.229 
DemoNetMark=-0.229400USDT DemoNet=-0.229bps DemoMFE=+0.000 DemoMAE=-0.229 
TRAIL=OFF residual=+0.000bps B100=+0.000
MICRO POSITION XAUT_USDT mark=-0.229bps MFE=+0.000 MAE=-0.229 
DemoNetMark=-0.229400USDT DemoNet=-0.229bps DemoMFE=+0.000 DemoMAE=-0.229 
TRAIL=OFF residual=+0.000bps B100=+0.000
MICRO POSITION XAUT_USDT mark=-0.229bps MFE=+0.000 MAE=-0.229 
DemoNetMark=-0.229400USDT DemoNet=-0.229bps DemoMFE=+0.000 DemoMAE=-0.229 
TRAIL=OFF residual=+0.000bps B100=+0.000
MICRO POSITION XAUT_USDT mark=-0.229bps MFE=+0.000 MAE=-0.229 
DemoNetMark=-0.229400USDT DemoNet=-0.229bps DemoMFE=+0.000 DemoMAE=-0.229 
TRAIL=OFF residual=+0.000bps B100=+0.000
MICRO POSITION XAUT_USDT mark=-0.229bps MFE=+0.000 MAE=-0.229 
DemoNetMark=-0.229400USDT DemoNet=-0.229bps DemoMFE=+0.000 DemoMAE=-0.229 
TRAIL=OFF residual=+0.000bps B100=+0.000
MICRO POSITION XAUT_USDT mark=-0.229bps MFE=+0.000 MAE=-0.229 
DemoNetMark=-0.229400USDT DemoNet=-0.229bps DemoMFE=+0.000 DemoMAE=-0.229 
TRAIL=OFF residual=+0.000bps B100=+0.000
MICRO POSITION XAUT_USDT mark=-0.229bps MFE=+0.000 MAE=-0.229 
DemoNetMark=-0.229400USDT DemoNet=-0.229bps DemoMFE=+0.000 DemoMAE=-0.229 
TRAIL=OFF residual=+0.000bps B100=+0.000
MICRO POSITION XAUT_USDT mark=-0.229bps MFE=+0.000 MAE=-0.229 
DemoNetMark=-0.229400USDT DemoNet=-0.229bps DemoMFE=+0.000 DemoMAE=-0.229 
TRAIL=OFF residual=+0.000bps B100=+0.000
MICRO POSITION XAUT_USDT mark=-0.229bps MFE=+0.000 MAE=-0.229 
DemoNetMark=-0.229400USDT DemoNet=-0.229bps DemoMFE=+0.000 DemoMAE=-0.229 
TRAIL=OFF residual=+0.000bps B100=+0.000
MICRO POSITION XAUT_USDT mark=-0.229bps MFE=+0.000 MAE=-0.229 
DemoNetMark=-0.229400USDT DemoNet=-0.229bps DemoMFE=+0.000 DemoMAE=-0.229 
TRAIL=OFF residual=+0.000bps B100=+0.000
MICRO POSITION XAUT_USDT mark=-0.229bps MFE=+0.000 MAE=-0.229 
DemoNetMark=-0.229400USDT DemoNet=-0.229bps DemoMFE=+0.000 DemoMAE=-0.229 
TRAIL=OFF residual=+0.000bps B100=+0.000
MICRO POSITION XAUT_USDT mark=-0.229bps MFE=+0.000 MAE=-0.229 
DemoNetMark=-0.229400USDT DemoNet=-0.229bps DemoMFE=+0.000 DemoMAE=-0.229 
TRAIL=OFF residual=+0.000bps B100=+0.000
MICRO POSITION XAUT_USDT mark=-0.229bps MFE=+0.000 MAE=-0.229 
DemoNetMark=-0.229400USDT DemoNet=-0.229bps DemoMFE=+0.000 DemoMAE=-0.229 
TRAIL=OFF residual=+0.000bps B100=+0.000
