LIVE MICROSPREAD -> DEMO: 1 symbol(s); event-driven Binance bookTicker + MEXC 
depth; all order writes TESTNET only.
Fee gate: Demo exact 0/0 + explicit Demo-only experiment
Excursion telemetry CSV: 
D:\Mexc_tick_scalper\MEXC-Tick-scalper\microspread_excursions_1786727281.csv
Symbols: XAUT_USDT
Micro gate: residual >= max(1.50bps, LIVE spread+0.20bps, spread*1.05); Binance
micro-move >= 0.020bps; basis baseline=8s excluding newest 1000ms.
Demo sizing: available=47036.3USDT mode=0.1USDT margin cap
MICRO HEARTBEAT state=warming symbols=1 books=1 demo_books=1 Bquotes=6 Mdepth=1
Ddepth=8 above_floor=0 max_residual=0.000bps candidates=0 fee_age=0ms
MICRO HEARTBEAT state=watching symbols=1 books=1 demo_books=1 Bquotes=164 
Mdepth=27 Ddepth=121 above_floor=0 max_residual=0.711bps candidates=0 
fee_age=3265ms
MICRO SIGNAL XAUT_USDT LONG residual=+1.696bps threshold=1.500 spread=0.688 
net=+0.196 B100=+1.696 M100=+0.000 Bage=1ms Mage=22ms DemoCross=1.0bps
DEMO ENTRY XAUT_USDT LONG qty=0.022 LIVEEntry=4361.4 residual=+1.696 
notional=95.9508USDT leverage=1000x spread=0.688 DemoFeeReported=0
MICRO EXIT XAUT_USDT reason=microspread_converged LIVEpnl=-0.006600USDT 
move=-0.688bps MFE=+0.000 MAE=-0.688 hold=1631ms DemoExit=4361.1 DemoFee=0
MICRO HEARTBEAT state=watching symbols=1 books=1 demo_books=1 Bquotes=399 
Mdepth=42 Ddepth=237 above_floor=0 max_residual=0.000bps candidates=0 
fee_age=921ms
MICRO HEARTBEAT state=watching symbols=1 books=1 demo_books=1 Bquotes=621 
Mdepth=73 Ddepth=340 above_floor=0 max_residual=0.688bps candidates=0 
fee_age=4512ms
MICRO HEARTBEAT state=watching symbols=1 books=1 demo_books=1 Bquotes=710 
Mdepth=87 Ddepth=445 above_floor=0 max_residual=0.000bps candidates=0 
fee_age=1796ms
MICRO HEARTBEAT state=watching symbols=1 books=1 demo_books=1 Bquotes=893 
Mdepth=102 Ddepth=546 above_floor=0 max_residual=0.000bps candidates=0 
fee_age=4873ms
MICRO HEARTBEAT state=watching symbols=1 books=1 demo_books=1 Bquotes=1023 
Mdepth=126 Ddepth=644 above_floor=0 max_residual=0.000bps candidates=0 
fee_age=2215ms
MICRO HEARTBEAT state=watching symbols=1 books=1 demo_books=1 Bquotes=1177 
Mdepth=142 Ddepth=740 above_floor=0 max_residual=0.000bps candidates=0 
fee_age=0ms
