LIVE MICROSPREAD -> DEMO: 1 symbol(s); event-driven Binance bookTicker + MEXC 
DEMO depth; all order writes TESTNET only.
Fee gate: Demo exact 0/0 + explicit Demo-only experiment
Excursion telemetry CSV: 
D:\Mexc_tick_scalper\MEXC-Tick-scalper\xaut_10k_notional_retry_excursions_20260
815.csv
Residual telemetry CSV: 
D:\Mexc_tick_scalper\MEXC-Tick-scalper\xaut_10k_notional_retry_residuals_202608
15.csv
Symbols: XAUT_USDT
Micro gate: residual >= max(1.00bps, LIVE spread+0.60bps, spread*1.05); Binance
micro-move >= 0.020bps; basis baseline=8s excluding newest 1000ms.
Demo sizing: available=47044.9USDT mode=10000USDT target IOC notional
MICRO HEARTBEAT state=warming symbols=1 signal_source=demo books=1 demo_books=1
Bquotes=0 Mdepth=0 Ddepth=8 above_floor=0 max_residual=0.000bps candidates=0 
fee_age=0ms
MICRO HEARTBEAT state=watching symbols=1 signal_source=demo books=1 
demo_books=1 Bquotes=90 Mdepth=0 Ddepth=116 above_floor=0 max_residual=0.000bps
candidates=0 fee_age=4283ms
MICRO HEARTBEAT state=watching symbols=1 signal_source=demo books=1 
demo_books=1 Bquotes=119 Mdepth=0 Ddepth=227 above_floor=0 
max_residual=0.000bps candidates=0 fee_age=4281ms
MICRO HEARTBEAT state=watching symbols=1 signal_source=demo books=1 
demo_books=1 Bquotes=154 Mdepth=0 Ddepth=328 above_floor=0 
max_residual=0.000bps candidates=0 fee_age=4253ms
MICRO HEARTBEAT state=watching symbols=1 signal_source=demo books=1 
demo_books=1 Bquotes=178 Mdepth=0 Ddepth=437 above_floor=0 
max_residual=0.000bps candidates=0 fee_age=4231ms
MICRO HEARTBEAT state=watching symbols=1 signal_source=demo books=1 
demo_books=1 Bquotes=204 Mdepth=0 Ddepth=543 above_floor=0 
max_residual=0.000bps candidates=0 fee_age=4185ms
MICRO HEARTBEAT state=watching symbols=1 signal_source=demo books=1 
demo_books=1 Bquotes=223 Mdepth=0 Ddepth=643 above_floor=0 
max_residual=0.000bps candidates=0 fee_age=4165ms
MICRO HEARTBEAT state=watching symbols=1 signal_source=demo books=1 
demo_books=1 Bquotes=263 Mdepth=0 Ddepth=743 above_floor=0 
max_residual=0.000bps candidates=0 fee_age=4088ms
MICRO HEARTBEAT state=watching symbols=1 signal_source=demo books=1 
demo_books=1 Bquotes=302 Mdepth=0 Ddepth=842 above_floor=0 
max_residual=0.000bps candidates=0 fee_age=4041ms
MICRO HEARTBEAT state=watching symbols=1 signal_source=demo books=1 
demo_books=1 Bquotes=382 Mdepth=0 Ddepth=939 above_floor=0 
max_residual=0.000bps candidates=0 fee_age=3976ms
MICRO HEARTBEAT state=watching symbols=1 signal_source=demo books=1 
demo_books=1 Bquotes=484 Mdepth=0 Ddepth=1030 above_floor=0 
max_residual=0.000bps candidates=0 fee_age=3970ms
MICRO HEARTBEAT state=watching symbols=1 signal_source=demo books=1 
demo_books=1 Bquotes=767 Mdepth=0 Ddepth=1121 above_floor=0 
max_residual=0.000bps candidates=0 fee_age=3926ms
MICRO HEARTBEAT state=watching symbols=1 signal_source=demo books=1 
demo_books=1 Bquotes=927 Mdepth=0 Ddepth=1211 above_floor=0 
max_residual=0.000bps candidates=0 fee_age=3801ms
MICRO HEARTBEAT state=watching symbols=1 signal_source=demo books=1 
demo_books=1 Bquotes=1030 Mdepth=0 Ddepth=1282 above_floor=0 
max_residual=0.000bps candidates=0 fee_age=3826ms
MICRO HEARTBEAT state=watching symbols=1 signal_source=demo books=1 
demo_books=1 Bquotes=1152 Mdepth=0 Ddepth=1309 above_floor=0 
max_residual=0.000bps candidates=0 fee_age=3746ms
MICRO HEARTBEAT state=watching symbols=1 signal_source=demo books=1 
demo_books=1 Bquotes=1421 Mdepth=0 Ddepth=1327 above_floor=0 
max_residual=0.000bps candidates=0 fee_age=3727ms
MICRO HEARTBEAT state=watching symbols=1 signal_source=demo books=1 
demo_books=1 Bquotes=1534 Mdepth=0 Ddepth=1364 above_floor=0 
max_residual=0.000bps candidates=0 fee_age=3697ms
MICRO HEARTBEAT state=watching symbols=1 signal_source=demo books=1 
demo_books=1 Bquotes=1640 Mdepth=0 Ddepth=1388 above_floor=0 
max_residual=0.000bps candidates=0 fee_age=3586ms
MICRO HEARTBEAT state=watching symbols=1 signal_source=demo books=1 
demo_books=1 Bquotes=1754 Mdepth=0 Ddepth=1411 above_floor=0 
max_residual=0.000bps candidates=0 fee_age=3633ms
MICRO HEARTBEAT state=watching symbols=1 signal_source=demo books=1 
demo_books=1 Bquotes=1807 Mdepth=0 Ddepth=1447 above_floor=0 
max_residual=0.000bps candidates=0 fee_age=3534ms
MICRO HEARTBEAT state=watching symbols=1 signal_source=demo books=1 
demo_books=1 Bquotes=1879 Mdepth=0 Ddepth=1537 above_floor=0 
max_residual=0.000bps candidates=0 fee_age=3457ms
MICRO HEARTBEAT state=watching symbols=1 signal_source=demo books=1 
demo_books=1 Bquotes=1931 Mdepth=0 Ddepth=1644 above_floor=0 
max_residual=0.000bps candidates=0 fee_age=3443ms
MICRO HEARTBEAT state=watching symbols=1 signal_source=demo books=1 
demo_books=1 Bquotes=1981 Mdepth=0 Ddepth=1746 above_floor=0 
max_residual=0.000bps candidates=0 fee_age=3397ms
MICRO HEARTBEAT state=watching symbols=1 signal_source=demo books=1 
demo_books=1 Bquotes=2040 Mdepth=0 Ddepth=1856 above_floor=0 
max_residual=0.000bps candidates=0 fee_age=3311ms
MICRO HEARTBEAT state=watching symbols=1 signal_source=demo books=1 
demo_books=1 Bquotes=2101 Mdepth=0 Ddepth=1956 above_floor=0 
max_residual=0.000bps candidates=0 fee_age=3176ms
MICRO HEARTBEAT state=watching symbols=1 signal_source=demo books=1 
demo_books=1 Bquotes=2161 Mdepth=0 Ddepth=2053 above_floor=0 
max_residual=0.000bps candidates=0 fee_age=3150ms
MICRO HEARTBEAT state=watching symbols=1 signal_source=demo books=1 
demo_books=1 Bquotes=2310 Mdepth=0 Ddepth=2154 above_floor=0 
max_residual=0.000bps candidates=0 fee_age=3137ms
MICRO HEARTBEAT state=watching symbols=1 signal_source=demo books=1 
demo_books=1 Bquotes=2355 Mdepth=0 Ddepth=2258 above_floor=0 
max_residual=0.000bps candidates=0 fee_age=3153ms
MICRO HEARTBEAT state=watching symbols=1 signal_source=demo books=1 
demo_books=1 Bquotes=2410 Mdepth=0 Ddepth=2362 above_floor=0 
max_residual=0.000bps candidates=0 fee_age=3069ms
MICRO HEARTBEAT state=watching symbols=1 signal_source=demo books=1 
demo_books=1 Bquotes=2469 Mdepth=0 Ddepth=2460 above_floor=0 
max_residual=0.000bps candidates=0 fee_age=2974ms
MICRO HEARTBEAT state=watching symbols=1 signal_source=demo books=1 
demo_books=1 Bquotes=2512 Mdepth=0 Ddepth=2566 above_floor=0 
max_residual=0.000bps candidates=0 fee_age=2955ms
MICRO HEARTBEAT state=watching symbols=1 signal_source=demo books=1 
demo_books=1 Bquotes=2554 Mdepth=0 Ddepth=2666 above_floor=0 
max_residual=0.000bps candidates=0 fee_age=2994ms
MICRO HEARTBEAT state=watching symbols=1 signal_source=demo books=1 
demo_books=1 Bquotes=2726 Mdepth=0 Ddepth=2782 above_floor=0 
max_residual=0.000bps candidates=0 fee_age=2961ms
MICRO SIGNAL XAUT_USDT LONG residual=+1.010bps threshold=1.000 spread=0.229 
net=+0.010 B100=+0.826 M100=+0.000 Bage=47ms Mage=114ms DemoCross=1.0bps
DEMO ENTRY XAUT_USDT LONG qty=2.294 LIVEEntry=4358.6 residual=+1.010 
notional=9998.63USDT leverage=1000x requested_margin=10.0000USDT 
strategy_equity=60.0000USDT sizing=TARGET_NOTIONAL spread=0.229 
DemoFeeReported=0
MICRO POSITION XAUT_USDT mark=-0.229bps MFE=+0.000 MAE=-0.229 
DemoNetMark=-0.229400USDT DemoNet=-0.229bps DemoMFE=+0.000 DemoMAE=-0.229 
TRAIL=OFF residual=+0.000bps B100=+0.000
MICRO POSITION XAUT_USDT mark=-0.229bps MFE=+0.000 MAE=-0.229 
DemoNetMark=-0.229400USDT DemoNet=-0.229bps DemoMFE=+0.000 DemoMAE=-0.229 
TRAIL=OFF residual=+0.000bps B100=+0.000
MICRO POSITION XAUT_USDT mark=-0.229bps MFE=+0.000 MAE=-0.229 
DemoNetMark=-0.229400USDT DemoNet=-0.229bps DemoMFE=+0.000 DemoMAE=-0.229 
TRAIL=OFF residual=+0.000bps B100=+0.000
MICRO POSITION XAUT_USDT mark=-0.229bps MFE=+0.000 MAE=-0.229 
DemoNetMark=-0.229400USDT DemoNet=-0.229bps DemoMFE=+0.000 DemoMAE=-0.229 
TRAIL=OFF residual=+0.000bps B100=+0.000
MICRO POSITION XAUT_USDT mark=-0.229bps MFE=+0.000 MAE=-0.229 
DemoNetMark=-0.229400USDT DemoNet=-0.229bps DemoMFE=+0.000 DemoMAE=-0.229 
TRAIL=OFF residual=+0.482bps B100=+0.000
MICRO EXIT XAUT_USDT reason=microspread_converged LIVEpnl=+1.605800USDT 
move=+1.606bps MFE=+1.606 MAE=-0.229 hold=74783ms DemoExit=4359.5 
DemoGross=+2.064600 DemoNet=+2.064600 DemoFee=0
MICRO HEARTBEAT state=watching symbols=1 signal_source=demo books=1 
demo_books=1 Bquotes=3520 Mdepth=0 Ddepth=2981 above_floor=0 
max_residual=0.459bps candidates=0 fee_age=441ms
MICRO HEARTBEAT state=watching symbols=1 signal_source=demo books=1 
demo_books=1 Bquotes=3678 Mdepth=0 Ddepth=3025 above_floor=0 
max_residual=0.000bps candidates=0 fee_age=390ms
MICRO HEARTBEAT state=watching symbols=1 signal_source=demo books=1 
demo_books=1 Bquotes=3857 Mdepth=0 Ddepth=3101 above_floor=0 
max_residual=0.000bps candidates=0 fee_age=328ms
MICRO HEARTBEAT state=watching symbols=1 signal_source=demo books=1 
demo_books=1 Bquotes=3962 Mdepth=0 Ddepth=3196 above_floor=0 
max_residual=0.000bps candidates=0 fee_age=252ms
MICRO HEARTBEAT state=watching symbols=1 signal_source=demo books=1 
demo_books=1 Bquotes=4130 Mdepth=0 Ddepth=3299 above_floor=0 
max_residual=0.000bps candidates=0 fee_age=112ms
MICRO HEARTBEAT state=watching symbols=1 signal_source=demo books=1 
demo_books=1 Bquotes=4646 Mdepth=0 Ddepth=3387 above_floor=0 
max_residual=0.000bps candidates=0 fee_age=59ms
MICRO HEARTBEAT state=watching symbols=1 signal_source=demo books=1 
demo_books=1 Bquotes=4676 Mdepth=0 Ddepth=3478 above_floor=0 
max_residual=0.000bps candidates=0 fee_age=0ms
MICRO HEARTBEAT state=watching symbols=1 signal_source=demo books=1 
demo_books=1 Bquotes=4712 Mdepth=0 Ddepth=3577 above_floor=0 
max_residual=0.000bps candidates=0 fee_age=0ms
MICRO HEARTBEAT state=watching symbols=1 signal_source=demo books=1 
demo_books=1 Bquotes=4745 Mdepth=0 Ddepth=3670 above_floor=0 
max_residual=0.000bps candidates=0 fee_age=0ms
MICRO HEARTBEAT state=watching symbols=1 signal_source=demo books=1 
demo_books=1 Bquotes=4778 Mdepth=0 Ddepth=3766 above_floor=0 
max_residual=0.000bps candidates=0 fee_age=0ms
MICRO HEARTBEAT state=watching symbols=1 signal_source=demo books=1 
demo_books=1 Bquotes=4817 Mdepth=0 Ddepth=3858 above_floor=0 
max_residual=0.000bps candidates=0 fee_age=0ms
MICRO HEARTBEAT state=watching symbols=1 signal_source=demo books=1 
demo_books=1 Bquotes=4850 Mdepth=0 Ddepth=3943 above_floor=0 
max_residual=0.000bps candidates=0 fee_age=0ms
MICRO HEARTBEAT state=watching symbols=1 signal_source=demo books=1 
demo_books=1 Bquotes=5008 Mdepth=0 Ddepth=4048 above_floor=0 
max_residual=0.000bps candidates=0 fee_age=0ms
MICRO HEARTBEAT state=watching symbols=1 signal_source=demo books=1 
demo_books=1 Bquotes=5170 Mdepth=0 Ddepth=4157 above_floor=1 
max_residual=1.147bps candidates=0 fee_age=0ms
MICRO HEARTBEAT state=watching symbols=1 signal_source=demo books=1 
demo_books=1 Bquotes=5198 Mdepth=0 Ddepth=4268 above_floor=0 
max_residual=0.000bps candidates=0 fee_age=0ms
MICRO HEARTBEAT state=watching symbols=1 signal_source=demo books=1 
demo_books=1 Bquotes=5284 Mdepth=0 Ddepth=4339 above_floor=0 
max_residual=0.000bps candidates=0 fee_age=0ms
MICRO HEARTBEAT state=watching symbols=1 signal_source=demo books=1 
demo_books=1 Bquotes=5294 Mdepth=0 Ddepth=4368 above_floor=0 
max_residual=0.000bps candidates=0 fee_age=0ms
MICRO HEARTBEAT state=watching symbols=1 signal_source=demo books=1 
demo_books=1 Bquotes=5312 Mdepth=0 Ddepth=4387 above_floor=0 
max_residual=0.000bps candidates=0 fee_age=57ms
MICRO HEARTBEAT state=watching symbols=1 signal_source=demo books=1 
demo_books=1 Bquotes=5335 Mdepth=0 Ddepth=4410 above_floor=0 
max_residual=0.000bps candidates=0 fee_age=176ms
MICRO HEARTBEAT state=watching symbols=1 signal_source=demo books=1 
demo_books=1 Bquotes=5361 Mdepth=0 Ddepth=4444 above_floor=0 
max_residual=0.000bps candidates=0 fee_age=171ms
MICRO HEARTBEAT state=watching symbols=1 signal_source=demo books=1 
demo_books=1 Bquotes=5431 Mdepth=0 Ddepth=4466 above_floor=0 
max_residual=0.000bps candidates=0 fee_age=158ms
MICRO HEARTBEAT state=watching symbols=1 signal_source=demo books=1 
demo_books=1 Bquotes=5539 Mdepth=0 Ddepth=4506 above_floor=0 
max_residual=0.000bps candidates=0 fee_age=127ms
MICRO HEARTBEAT state=watching symbols=1 signal_source=demo books=1 
demo_books=1 Bquotes=5592 Mdepth=0 Ddepth=4587 above_floor=0 
max_residual=0.000bps candidates=0 fee_age=81ms
MICRO HEARTBEAT state=watching symbols=1 signal_source=demo books=1 
demo_books=1 Bquotes=5685 Mdepth=0 Ddepth=4693 above_floor=0 
max_residual=0.000bps candidates=0 fee_age=0ms
MICRO HEARTBEAT state=watching symbols=1 signal_source=demo books=1 
demo_books=1 Bquotes=5742 Mdepth=0 Ddepth=4803 above_floor=0 
max_residual=0.000bps candidates=0 fee_age=0ms
MICRO HEARTBEAT state=watching symbols=1 signal_source=demo books=1 
demo_books=1 Bquotes=5769 Mdepth=0 Ddepth=4902 above_floor=0 
max_residual=0.000bps candidates=0 fee_age=0ms
MICRO HEARTBEAT state=watching symbols=1 signal_source=demo books=1 
demo_books=1 Bquotes=5804 Mdepth=0 Ddepth=5008 above_floor=0 
max_residual=0.000bps candidates=0 fee_age=0ms
MICRO HEARTBEAT state=watching symbols=1 signal_source=demo books=1 
demo_books=1 Bquotes=5830 Mdepth=0 Ddepth=5108 above_floor=0 
max_residual=0.000bps candidates=0 fee_age=62ms
MICRO HEARTBEAT state=watching symbols=1 signal_source=demo books=1 
demo_books=1 Bquotes=5972 Mdepth=0 Ddepth=5217 above_floor=0 
max_residual=0.000bps candidates=0 fee_age=0ms
MICRO HEARTBEAT state=watching symbols=1 signal_source=demo books=1 
demo_books=1 Bquotes=5984 Mdepth=0 Ddepth=5322 above_floor=0 
max_residual=0.000bps candidates=0 fee_age=0ms
MICRO HEARTBEAT state=watching symbols=1 signal_source=demo books=1 
demo_books=1 Bquotes=6010 Mdepth=0 Ddepth=5427 above_floor=0 
max_residual=0.000bps candidates=0 fee_age=0ms
MICRO HEARTBEAT state=watching symbols=1 signal_source=demo books=1 
demo_books=1 Bquotes=6036 Mdepth=0 Ddepth=5531 above_floor=0 
max_residual=0.000bps candidates=0 fee_age=0ms
MICRO HEARTBEAT state=watching symbols=1 signal_source=demo books=1 
demo_books=1 Bquotes=6055 Mdepth=0 Ddepth=5635 above_floor=0 
max_residual=0.000bps candidates=0 fee_age=444ms
MICRO HEARTBEAT state=watching symbols=1 signal_source=demo books=1 
demo_books=1 Bquotes=6065 Mdepth=0 Ddepth=5742 above_floor=0 
max_residual=0.000bps candidates=0 fee_age=353ms
MICRO HEARTBEAT state=watching symbols=1 signal_source=demo books=1 
demo_books=1 Bquotes=6093 Mdepth=0 Ddepth=5852 above_floor=0 
max_residual=0.000bps candidates=0 fee_age=324ms
MICRO HEARTBEAT state=watching symbols=1 signal_source=demo books=1 
demo_books=1 Bquotes=6118 Mdepth=0 Ddepth=5910 above_floor=0 
max_residual=0.000bps candidates=0 fee_age=287ms
MICRO HEARTBEAT state=watching symbols=1 signal_source=demo books=1 
demo_books=1 Bquotes=6141 Mdepth=0 Ddepth=5942 above_floor=0 
max_residual=0.000bps candidates=0 fee_age=256ms
MICRO HEARTBEAT state=watching symbols=1 signal_source=demo books=1 
demo_books=1 Bquotes=6149 Mdepth=0 Ddepth=5972 above_floor=0 
max_residual=0.000bps candidates=0 fee_age=224ms
MICRO HEARTBEAT state=watching symbols=1 signal_source=demo books=1 
demo_books=1 Bquotes=6175 Mdepth=0 Ddepth=5993 above_floor=0 
max_residual=0.000bps candidates=0 fee_age=105ms
MICRO HEARTBEAT state=watching symbols=1 signal_source=demo books=1 
demo_books=1 Bquotes=6401 Mdepth=0 Ddepth=6015 above_floor=1 
max_residual=1.192bps candidates=0 fee_age=0ms
MICRO HEARTBEAT state=watching symbols=1 signal_source=demo books=1 
demo_books=1 Bquotes=6444 Mdepth=0 Ddepth=6049 above_floor=0 
max_residual=0.000bps candidates=0 fee_age=232ms
MICRO HEARTBEAT state=watching symbols=1 signal_source=demo books=1 
demo_books=1 Bquotes=6552 Mdepth=0 Ddepth=6104 above_floor=0 
max_residual=0.000bps candidates=0 fee_age=218ms
MICRO HEARTBEAT state=watching symbols=1 signal_source=demo books=1 
demo_books=1 Bquotes=6574 Mdepth=0 Ddepth=6197 above_floor=0 
max_residual=0.000bps candidates=0 fee_age=232ms
MICRO HEARTBEAT state=watching symbols=1 signal_source=demo books=1 
demo_books=1 Bquotes=6611 Mdepth=0 Ddepth=6305 above_floor=0 
max_residual=0.000bps candidates=0 fee_age=181ms
MICRO HEARTBEAT state=watching symbols=1 signal_source=demo books=1 
demo_books=1 Bquotes=6635 Mdepth=0 Ddepth=6414 above_floor=0 
max_residual=0.000bps candidates=0 fee_age=183ms
MICRO HEARTBEAT state=watching symbols=1 signal_source=demo books=1 
demo_books=1 Bquotes=6727 Mdepth=0 Ddepth=6517 above_floor=0 
max_residual=0.000bps candidates=0 fee_age=107ms
MICRO HEARTBEAT state=watching symbols=1 signal_source=demo books=1 
demo_books=1 Bquotes=6740 Mdepth=0 Ddepth=6622 above_floor=0 
max_residual=0.000bps candidates=0 fee_age=108ms
MICRO HEARTBEAT state=watching symbols=1 signal_source=demo books=1 
demo_books=1 Bquotes=6791 Mdepth=0 Ddepth=6721 above_floor=0 
max_residual=0.000bps candidates=0 fee_age=38ms
MICRO HEARTBEAT state=watching symbols=1 signal_source=demo books=1 
demo_books=1 Bquotes=6804 Mdepth=0 Ddepth=6828 above_floor=0 
max_residual=0.000bps candidates=0 fee_age=0ms
MICRO HEARTBEAT state=watching symbols=1 signal_source=demo books=1 
demo_books=1 Bquotes=6833 Mdepth=0 Ddepth=6934 above_floor=0 
max_residual=0.000bps candidates=0 fee_age=0ms
MICRO HEARTBEAT state=watching symbols=1 signal_source=demo books=1 
demo_books=1 Bquotes=6845 Mdepth=0 Ddepth=7036 above_floor=0 
max_residual=0.000bps candidates=0 fee_age=0ms
MICRO HEARTBEAT state=watching symbols=1 signal_source=demo books=1 
demo_books=1 Bquotes=6883 Mdepth=0 Ddepth=7095 above_floor=0 
max_residual=0.000bps candidates=0 fee_age=0ms
MICRO HEARTBEAT state=watching symbols=1 signal_source=demo books=1 
demo_books=1 Bquotes=6919 Mdepth=0 Ddepth=7125 above_floor=0 
max_residual=0.000bps candidates=0 fee_age=56ms
MICRO HEARTBEAT state=watching symbols=1 signal_source=demo books=1 
demo_books=1 Bquotes=6935 Mdepth=0 Ddepth=7152 above_floor=0 
max_residual=0.000bps candidates=0 fee_age=57ms
MICRO HEARTBEAT state=watching symbols=1 signal_source=demo books=1 
demo_books=1 Bquotes=7015 Mdepth=0 Ddepth=7187 above_floor=0 
max_residual=0.000bps candidates=0 fee_age=0ms
MICRO HEARTBEAT state=watching symbols=1 signal_source=demo books=1 
demo_books=1 Bquotes=7060 Mdepth=0 Ddepth=7221 above_floor=0 
max_residual=0.000bps candidates=0 fee_age=0ms
MICRO HEARTBEAT state=watching symbols=1 signal_source=demo books=1 
demo_books=1 Bquotes=7089 Mdepth=0 Ddepth=7242 above_floor=0 
max_residual=0.000bps candidates=0 fee_age=0ms
MICRO HEARTBEAT state=watching symbols=1 signal_source=demo books=1 
demo_books=1 Bquotes=7204 Mdepth=0 Ddepth=7300 above_floor=0 
max_residual=0.000bps candidates=0 fee_age=0ms
MICRO HEARTBEAT state=watching symbols=1 signal_source=demo books=1 
demo_books=1 Bquotes=7220 Mdepth=0 Ddepth=7405 above_floor=0 
max_residual=0.000bps candidates=0 fee_age=0ms
MICRO HEARTBEAT state=watching symbols=1 signal_source=demo books=1 
demo_books=1 Bquotes=7277 Mdepth=0 Ddepth=7504 above_floor=0 
max_residual=0.000bps candidates=0 fee_age=0ms
MICRO HEARTBEAT state=watching symbols=1 signal_source=demo books=1 
demo_books=1 Bquotes=7315 Mdepth=0 Ddepth=7611 above_floor=0 
max_residual=0.000bps candidates=0 fee_age=0ms
MICRO HEARTBEAT state=watching symbols=1 signal_source=demo books=1 
demo_books=1 Bquotes=7330 Mdepth=0 Ddepth=7715 above_floor=0 
max_residual=0.000bps candidates=0 fee_age=0ms
MICRO HEARTBEAT state=watching symbols=1 signal_source=demo books=1 
demo_books=1 Bquotes=7349 Mdepth=0 Ddepth=7812 above_floor=0 
max_residual=0.000bps candidates=0 fee_age=0ms
MICRO HEARTBEAT state=watching symbols=1 signal_source=demo books=1 
demo_books=1 Bquotes=7396 Mdepth=0 Ddepth=7913 above_floor=0 
max_residual=0.000bps candidates=0 fee_age=0ms
MICRO HEARTBEAT state=watching symbols=1 signal_source=demo books=1 
demo_books=1 Bquotes=7431 Mdepth=0 Ddepth=8014 above_floor=0 
max_residual=0.000bps candidates=0 fee_age=0ms
MICRO HEARTBEAT state=watching symbols=1 signal_source=demo books=1 
demo_books=1 Bquotes=7447 Mdepth=0 Ddepth=8113 above_floor=0 
max_residual=0.000bps candidates=0 fee_age=0ms
MICRO HEARTBEAT state=watching symbols=1 signal_source=demo books=1 
demo_books=1 Bquotes=7466 Mdepth=0 Ddepth=8216 above_floor=0 
max_residual=0.000bps candidates=0 fee_age=0ms
MICRO HEARTBEAT state=watching symbols=1 signal_source=demo books=1 
demo_books=1 Bquotes=7515 Mdepth=0 Ddepth=8327 above_floor=0 
max_residual=0.000bps candidates=0 fee_age=0ms
MICRO HEARTBEAT state=watching symbols=1 signal_source=demo books=1 
demo_books=1 Bquotes=8031 Mdepth=0 Ddepth=8430 above_floor=0 
max_residual=0.310bps candidates=0 fee_age=487ms
MICRO SIGNAL XAUT_USDT SHORT residual=-1.078bps threshold=1.000 spread=0.229 
net=+0.078 B100=-0.757 M100=+0.000 Bage=3ms Mage=57ms DemoCross=1.0bps
DEMO ENTRY XAUT_USDT SHORT qty=2.293 LIVEEntry=4360.8 residual=-1.078 
notional=9999.31USDT leverage=1000x requested_margin=10.0000USDT 
strategy_equity=62.0646USDT sizing=TARGET_NOTIONAL spread=0.229 
DemoFeeReported=0
MICRO EXIT XAUT_USDT reason=demo_adverse_cut LIVEpnl=-1.146500USDT 
move=-1.147bps MFE=+0.000 MAE=-1.147 hold=1914ms DemoExit=4361.5 
DemoGross=-1.605100 DemoNet=-1.605100 DemoFee=0
MICRO HEARTBEAT state=watching symbols=1 signal_source=demo books=1 
demo_books=1 Bquotes=8177 Mdepth=0 Ddepth=8536 above_floor=0 
max_residual=0.000bps candidates=0 fee_age=412ms
MICRO HEARTBEAT state=watching symbols=1 signal_source=demo books=1 
demo_books=1 Bquotes=8234 Mdepth=0 Ddepth=8642 above_floor=0 
max_residual=0.000bps candidates=0 fee_age=364ms
MICRO HEARTBEAT state=watching symbols=1 signal_source=demo books=1 
demo_books=1 Bquotes=8321 Mdepth=0 Ddepth=8756 above_floor=0 
max_residual=0.000bps candidates=0 fee_age=311ms
MICRO HEARTBEAT state=watching symbols=1 signal_source=demo books=1 
demo_books=1 Bquotes=8389 Mdepth=0 Ddepth=8861 above_floor=0 
max_residual=0.000bps candidates=0 fee_age=177ms
MICRO HEARTBEAT state=watching symbols=1 signal_source=demo books=1 
demo_books=1 Bquotes=8514 Mdepth=0 Ddepth=8962 above_floor=0 
max_residual=0.000bps candidates=0 fee_age=131ms
MICRO HEARTBEAT state=watching symbols=1 signal_source=demo books=1 
demo_books=1 Bquotes=8539 Mdepth=0 Ddepth=9062 above_floor=0 
max_residual=0.000bps candidates=0 fee_age=54ms
MICRO HEARTBEAT state=watching symbols=1 signal_source=demo books=1 
demo_books=1 Bquotes=8580 Mdepth=0 Ddepth=9114 above_floor=0 
max_residual=0.000bps candidates=0 fee_age=53ms
MICRO HEARTBEAT state=watching symbols=1 signal_source=demo books=1 
demo_books=1 Bquotes=8594 Mdepth=0 Ddepth=9137 above_floor=0 
max_residual=0.000bps candidates=0 fee_age=0ms
MICRO HEARTBEAT state=watching symbols=1 signal_source=demo books=1 
demo_books=1 Bquotes=8618 Mdepth=0 Ddepth=9167 above_floor=0 
max_residual=0.000bps candidates=0 fee_age=0ms
MICRO HEARTBEAT state=watching symbols=1 signal_source=demo books=1 
demo_books=1 Bquotes=8726 Mdepth=0 Ddepth=9188 above_floor=0 
max_residual=0.000bps candidates=0 fee_age=0ms
MICRO HEARTBEAT state=watching symbols=1 signal_source=demo books=1 
demo_books=1 Bquotes=8827 Mdepth=0 Ddepth=9208 above_floor=0 
max_residual=0.000bps candidates=0 fee_age=54ms
MICRO HEARTBEAT state=watching symbols=1 signal_source=demo books=1 
demo_books=1 Bquotes=8848 Mdepth=0 Ddepth=9237 above_floor=0 
max_residual=0.000bps candidates=0 fee_age=65ms
MICRO HEARTBEAT state=watching symbols=1 signal_source=demo books=1 
demo_books=1 Bquotes=8859 Mdepth=0 Ddepth=9308 above_floor=0 
max_residual=0.000bps candidates=0 fee_age=53ms
MICRO HEARTBEAT state=watching symbols=1 signal_source=demo books=1 
demo_books=1 Bquotes=8886 Mdepth=0 Ddepth=9411 above_floor=0 
max_residual=0.000bps candidates=0 fee_age=0ms
MICRO HEARTBEAT state=watching symbols=1 signal_source=demo books=1 
demo_books=1 Bquotes=8923 Mdepth=0 Ddepth=9520 above_floor=0 
max_residual=0.000bps candidates=0 fee_age=0ms
MICRO HEARTBEAT state=watching symbols=1 signal_source=demo books=1 
demo_books=1 Bquotes=8942 Mdepth=0 Ddepth=9622 above_floor=0 
max_residual=0.000bps candidates=0 fee_age=0ms
MICRO HEARTBEAT state=watching symbols=1 signal_source=demo books=1 
demo_books=1 Bquotes=9036 Mdepth=0 Ddepth=9732 above_floor=0 
max_residual=0.000bps candidates=0 fee_age=0ms
MICRO HEARTBEAT state=watching symbols=1 signal_source=demo books=1 
demo_books=1 Bquotes=9158 Mdepth=0 Ddepth=9839 above_floor=0 
max_residual=0.000bps candidates=0 fee_age=0ms
MICRO HEARTBEAT state=watching symbols=1 signal_source=demo books=1 
demo_books=1 Bquotes=9197 Mdepth=0 Ddepth=9940 above_floor=0 
max_residual=0.000bps candidates=0 fee_age=466ms
MICRO HEARTBEAT state=watching symbols=1 signal_source=demo books=1 
demo_books=1 Bquotes=9217 Mdepth=0 Ddepth=10043 above_floor=0 
max_residual=0.000bps candidates=0 fee_age=322ms
MICRO HEARTBEAT state=watching symbols=1 signal_source=demo books=1 
demo_books=1 Bquotes=9232 Mdepth=0 Ddepth=10152 above_floor=0 
max_residual=0.000bps candidates=0 fee_age=285ms
MICRO HEARTBEAT state=watching symbols=1 signal_source=demo books=1 
demo_books=1 Bquotes=9277 Mdepth=0 Ddepth=10265 above_floor=0 
max_residual=0.000bps candidates=0 fee_age=182ms
MICRO HEARTBEAT state=watching symbols=1 signal_source=demo books=1 
demo_books=1 Bquotes=9368 Mdepth=0 Ddepth=10359 above_floor=0 
max_residual=0.000bps candidates=0 fee_age=121ms
MICRO HEARTBEAT state=watching symbols=1 signal_source=demo books=1 
demo_books=1 Bquotes=9416 Mdepth=0 Ddepth=10459 above_floor=0 
max_residual=0.000bps candidates=0 fee_age=83ms
MICRO HEARTBEAT state=watching symbols=1 signal_source=demo books=1 
demo_books=1 Bquotes=9459 Mdepth=0 Ddepth=10566 above_floor=0 
max_residual=0.000bps candidates=0 fee_age=68ms
MICRO HEARTBEAT state=watching symbols=1 signal_source=demo books=1 
demo_books=1 Bquotes=9612 Mdepth=0 Ddepth=10668 above_floor=0 
max_residual=0.000bps candidates=0 fee_age=0ms
MICRO HEARTBEAT state=watching symbols=1 signal_source=demo books=1 
demo_books=1 Bquotes=9626 Mdepth=0 Ddepth=10703 above_floor=0 
max_residual=0.000bps candidates=0 fee_age=1ms
MICRO HEARTBEAT state=watching symbols=1 signal_source=demo books=1 
demo_books=1 Bquotes=9647 Mdepth=0 Ddepth=10728 above_floor=0 
max_residual=0.000bps candidates=0 fee_age=59ms
MICRO HEARTBEAT state=watching symbols=1 signal_source=demo books=1 
demo_books=1 Bquotes=9686 Mdepth=0 Ddepth=10751 above_floor=0 
max_residual=0.000bps candidates=0 fee_age=0ms
MICRO HEARTBEAT state=watching symbols=1 signal_source=demo books=1 
demo_books=1 Bquotes=9706 Mdepth=0 Ddepth=10773 above_floor=0 
max_residual=0.000bps candidates=0 fee_age=53ms
MICRO HEARTBEAT state=watching symbols=1 signal_source=demo books=1 
demo_books=1 Bquotes=9741 Mdepth=0 Ddepth=10811 above_floor=0 
max_residual=0.000bps candidates=0 fee_age=0ms
MICRO HEARTBEAT state=watching symbols=1 signal_source=demo books=1 
demo_books=1 Bquotes=9786 Mdepth=0 Ddepth=10846 above_floor=0 
max_residual=0.000bps candidates=0 fee_age=0ms
MICRO HEARTBEAT state=watching symbols=1 signal_source=demo books=1 
demo_books=1 Bquotes=9809 Mdepth=0 Ddepth=10901 above_floor=0 
max_residual=0.000bps candidates=0 fee_age=0ms
MICRO HEARTBEAT state=watching symbols=1 signal_source=demo books=1 
demo_books=1 Bquotes=9839 Mdepth=0 Ddepth=10999 above_floor=0 
max_residual=0.000bps candidates=0 fee_age=0ms
MICRO HEARTBEAT state=watching symbols=1 signal_source=demo books=1 
demo_books=1 Bquotes=9869 Mdepth=0 Ddepth=11095 above_floor=0 
max_residual=0.000bps candidates=0 fee_age=0ms
MICRO HEARTBEAT state=watching symbols=1 signal_source=demo books=1 
demo_books=1 Bquotes=9929 Mdepth=0 Ddepth=11199 above_floor=0 
max_residual=0.000bps candidates=0 fee_age=472ms
MICRO HEARTBEAT state=watching symbols=1 signal_source=demo books=1 
demo_books=1 Bquotes=9959 Mdepth=0 Ddepth=11295 above_floor=0 
max_residual=0.000bps candidates=0 fee_age=353ms
MICRO HEARTBEAT state=watching symbols=1 signal_source=demo books=1 
demo_books=1 Bquotes=9986 Mdepth=0 Ddepth=11404 above_floor=0 
max_residual=0.000bps candidates=0 fee_age=0ms
MICRO HEARTBEAT state=watching symbols=1 signal_source=demo books=1 
demo_books=1 Bquotes=10370 Mdepth=0 Ddepth=11514 above_floor=0 
max_residual=0.000bps candidates=0 fee_age=62ms
MICRO HEARTBEAT state=watching symbols=1 signal_source=demo books=1 
demo_books=1 Bquotes=10532 Mdepth=0 Ddepth=11618 above_floor=0 
max_residual=0.000bps candidates=0 fee_age=561ms
MICRO HEARTBEAT state=watching symbols=1 signal_source=demo books=1 
demo_books=1 Bquotes=10645 Mdepth=0 Ddepth=11712 above_floor=0 
max_residual=0.000bps candidates=0 fee_age=531ms
MICRO HEARTBEAT state=watching symbols=1 signal_source=demo books=1 
demo_books=1 Bquotes=10878 Mdepth=0 Ddepth=11815 above_floor=0 
max_residual=0.000bps candidates=0 fee_age=454ms
MICRO SIGNAL XAUT_USDT LONG residual=+1.273bps threshold=1.000 spread=0.229 
net=+0.273 B100=+1.273 M100=+0.000 Bage=8ms Mage=50ms DemoCross=1.0bps
DEMO ENTRY XAUT_USDT LONG qty=2.293 LIVEEntry=4360.3 residual=+1.273 
notional=9998.17USDT leverage=1000x requested_margin=10.0000USDT 
strategy_equity=60.4595USDT sizing=TARGET_NOTIONAL spread=0.229 
DemoFeeReported=0
MICRO POSITION XAUT_USDT mark=-0.229bps MFE=+0.000 MAE=-0.229 
DemoNetMark=-0.229300USDT DemoNet=-0.229bps DemoMFE=+0.000 DemoMAE=-0.229 
TRAIL=OFF residual=+0.000bps B100=+0.000
MICRO POSITION XAUT_USDT mark=-0.229bps MFE=+0.000 MAE=-0.229 
DemoNetMark=-0.229300USDT DemoNet=-0.229bps DemoMFE=+0.000 DemoMAE=-0.229 
TRAIL=OFF residual=+0.000bps B100=+0.000
MICRO POSITION XAUT_USDT mark=-0.229bps MFE=+0.000 MAE=-0.229 
DemoNetMark=-0.229300USDT DemoNet=-0.229bps DemoMFE=+0.000 DemoMAE=-0.229 
TRAIL=OFF residual=+0.000bps B100=+0.000
MICRO POSITION XAUT_USDT mark=-0.229bps MFE=+0.000 MAE=-0.229 
DemoNetMark=-0.229300USDT DemoNet=-0.229bps DemoMFE=+0.000 DemoMAE=-0.229 
TRAIL=OFF residual=+0.000bps B100=+0.000
MICRO POSITION XAUT_USDT mark=-0.229bps MFE=+0.000 MAE=-0.229 
DemoNetMark=-0.229300USDT DemoNet=-0.229bps DemoMFE=+0.000 DemoMAE=-0.229 
TRAIL=OFF residual=+0.000bps B100=+0.000
MICRO POSITION XAUT_USDT mark=-0.229bps MFE=+0.000 MAE=-0.229 
DemoNetMark=-0.229300USDT DemoNet=-0.229bps DemoMFE=+0.000 DemoMAE=-0.229 
TRAIL=OFF residual=+0.000bps B100=+0.000
MICRO POSITION XAUT_USDT mark=-0.229bps MFE=+0.000 MAE=-0.229 
DemoNetMark=-0.229300USDT DemoNet=-0.229bps DemoMFE=+0.000 DemoMAE=-0.229 
TRAIL=OFF residual=+0.000bps B100=+0.000
MICRO POSITION XAUT_USDT mark=-0.229bps MFE=+0.000 MAE=-0.229 
DemoNetMark=-0.229300USDT DemoNet=-0.229bps DemoMFE=+0.000 DemoMAE=-0.229 
TRAIL=OFF residual=+0.000bps B100=+0.000
MICRO POSITION XAUT_USDT mark=-0.229bps MFE=+0.000 MAE=-0.229 
DemoNetMark=-0.229300USDT DemoNet=-0.229bps DemoMFE=+0.000 DemoMAE=-0.229 
TRAIL=OFF residual=+0.000bps B100=+0.000
MICRO POSITION XAUT_USDT mark=-0.229bps MFE=+0.000 MAE=-0.229 
DemoNetMark=-0.229300USDT DemoNet=-0.229bps DemoMFE=+0.000 DemoMAE=-0.229 
TRAIL=OFF residual=+0.000bps B100=+0.000
MICRO POSITION XAUT_USDT mark=-0.229bps MFE=+0.000 MAE=-0.229 
DemoNetMark=-0.229300USDT DemoNet=-0.229bps DemoMFE=+0.000 DemoMAE=-0.229 
TRAIL=OFF residual=+0.000bps B100=+0.000
MICRO POSITION XAUT_USDT mark=-0.229bps MFE=+0.000 MAE=-0.229 
DemoNetMark=-0.229300USDT DemoNet=-0.229bps DemoMFE=+0.000 DemoMAE=-0.229 
TRAIL=OFF residual=+0.000bps B100=+0.000
MICRO POSITION XAUT_USDT mark=-0.229bps MFE=+0.000 MAE=-0.229 
DemoNetMark=-0.229300USDT DemoNet=-0.229bps DemoMFE=+0.000 DemoMAE=-0.229 
TRAIL=OFF residual=+0.000bps B100=+0.000
MICRO POSITION XAUT_USDT mark=-0.229bps MFE=+0.000 MAE=-0.229 
DemoNetMark=-0.229300USDT DemoNet=-0.229bps DemoMFE=+0.000 DemoMAE=-0.229 
TRAIL=OFF residual=+0.000bps B100=+0.000
MICRO POSITION XAUT_USDT mark=-0.229bps MFE=+0.000 MAE=-0.229 
DemoNetMark=-0.229300USDT DemoNet=-0.229bps DemoMFE=+0.000 DemoMAE=-0.229 
TRAIL=OFF residual=+0.000bps B100=+0.000
MICRO POSITION XAUT_USDT mark=-0.229bps MFE=+0.000 MAE=-0.229 
DemoNetMark=-0.229300USDT DemoNet=-0.229bps DemoMFE=+0.000 DemoMAE=-0.229 
TRAIL=OFF residual=+0.000bps B100=+0.000
MICRO POSITION XAUT_USDT mark=-0.229bps MFE=+0.000 MAE=-0.229 
DemoNetMark=-0.229300USDT DemoNet=-0.229bps DemoMFE=+0.000 DemoMAE=-0.229 
TRAIL=OFF residual=+0.000bps B100=+0.000
MICRO POSITION XAUT_USDT mark=-0.229bps MFE=+0.000 MAE=-0.229 
DemoNetMark=-0.229300USDT DemoNet=-0.229bps DemoMFE=+0.000 DemoMAE=-0.229 
TRAIL=OFF residual=+0.000bps B100=+0.000
MICRO POSITION XAUT_USDT mark=-0.229bps MFE=+0.000 MAE=-0.229 
DemoNetMark=-0.229300USDT DemoNet=-0.229bps DemoMFE=+0.000 DemoMAE=-0.229 
TRAIL=OFF residual=+0.000bps B100=+0.000
MICRO POSITION XAUT_USDT mark=-0.229bps MFE=+0.000 MAE=-0.229 
DemoNetMark=-0.229300USDT DemoNet=-0.229bps DemoMFE=+0.000 DemoMAE=-0.229 
TRAIL=OFF residual=+0.000bps B100=+0.000
MICRO POSITION XAUT_USDT mark=-0.229bps MFE=+0.000 MAE=-0.229 
DemoNetMark=-0.229300USDT DemoNet=-0.229bps DemoMFE=+0.000 DemoMAE=-0.229 
TRAIL=OFF residual=+0.000bps B100=+0.000
MICRO POSITION XAUT_USDT mark=-0.229bps MFE=+0.000 MAE=-0.229 
DemoNetMark=-0.229300USDT DemoNet=-0.229bps DemoMFE=+0.000 DemoMAE=-0.229 
TRAIL=OFF residual=+0.000bps B100=+0.000
MICRO POSITION XAUT_USDT mark=-0.229bps MFE=+0.000 MAE=-0.229 
DemoNetMark=-0.229300USDT DemoNet=-0.229bps DemoMFE=+0.000 DemoMAE=-0.229 
TRAIL=OFF residual=+0.000bps B100=+0.000
MICRO POSITION XAUT_USDT mark=-0.229bps MFE=+0.000 MAE=-0.229 
DemoNetMark=-0.229300USDT DemoNet=-0.229bps DemoMFE=+0.000 DemoMAE=-0.229 
TRAIL=OFF residual=+0.000bps B100=+0.000
MICRO POSITION XAUT_USDT mark=-0.229bps MFE=+0.000 MAE=-0.229 
DemoNetMark=-0.229300USDT DemoNet=-0.229bps DemoMFE=+0.000 DemoMAE=-0.229 
TRAIL=OFF residual=+0.000bps B100=+0.000
MICRO POSITION XAUT_USDT mark=-0.229bps MFE=+0.000 MAE=-0.229 
DemoNetMark=-0.229300USDT DemoNet=-0.229bps DemoMFE=+0.000 DemoMAE=-0.229 
TRAIL=OFF residual=+0.000bps B100=+0.000
MICRO EXIT XAUT_USDT reason=microspread_reversed LIVEpnl=+0.917200USDT 
move=+0.917bps MFE=+0.917 MAE=-0.229 hold=393480ms DemoExit=4360.7 
DemoGross=+0.917200 DemoNet=+0.917200 DemoFee=0
MICRO HEARTBEAT state=watching symbols=1 signal_source=demo books=1 
demo_books=1 Bquotes=12835 Mdepth=0 Ddepth=13608 above_floor=1 
max_residual=1.812bps candidates=0 fee_age=81ms
MICRO HEARTBEAT state=watching symbols=1 signal_source=demo books=1 
demo_books=1 Bquotes=12861 Mdepth=0 Ddepth=13712 above_floor=0 
max_residual=0.000bps candidates=0 fee_age=92ms
MICRO HEARTBEAT state=watching symbols=1 signal_source=demo books=1 
demo_books=1 Bquotes=12882 Mdepth=0 Ddepth=13816 above_floor=0 
max_residual=0.000bps candidates=0 fee_age=0ms
MICRO HEARTBEAT state=watching symbols=1 signal_source=demo books=1 
demo_books=1 Bquotes=12896 Mdepth=0 Ddepth=13922 above_floor=0 
max_residual=0.000bps candidates=0 fee_age=0ms
MICRO HEARTBEAT state=watching symbols=1 signal_source=demo books=1 
demo_books=1 Bquotes=12920 Mdepth=0 Ddepth=14028 above_floor=0 
max_residual=0.000bps candidates=0 fee_age=0ms
MICRO HEARTBEAT state=watching symbols=1 signal_source=demo books=1 
demo_books=1 Bquotes=12945 Mdepth=0 Ddepth=14129 above_floor=0 
max_residual=0.000bps candidates=0 fee_age=0ms
MICRO HEARTBEAT state=watching symbols=1 signal_source=demo books=1 
demo_books=1 Bquotes=13027 Mdepth=0 Ddepth=14230 above_floor=0 
max_residual=0.000bps candidates=0 fee_age=0ms
MICRO HEARTBEAT state=watching symbols=1 signal_source=demo books=1 
demo_books=1 Bquotes=13045 Mdepth=0 Ddepth=14338 above_floor=0 
max_residual=0.000bps candidates=0 fee_age=0ms
MICRO HEARTBEAT state=watching symbols=1 signal_source=demo books=1 
demo_books=1 Bquotes=13057 Mdepth=0 Ddepth=14441 above_floor=0 
max_residual=0.000bps candidates=0 fee_age=0ms
MICRO HEARTBEAT state=watching symbols=1 signal_source=demo books=1 
demo_books=1 Bquotes=13210 Mdepth=0 Ddepth=14543 above_floor=0 
max_residual=0.000bps candidates=0 fee_age=0ms
MICRO HEARTBEAT state=watching symbols=1 signal_source=demo books=1 
demo_books=1 Bquotes=13274 Mdepth=0 Ddepth=14650 above_floor=0 
max_residual=0.000bps candidates=0 fee_age=0ms
MICRO HEARTBEAT state=watching symbols=1 signal_source=demo books=1 
demo_books=1 Bquotes=13350 Mdepth=0 Ddepth=14759 above_floor=0 
max_residual=0.000bps candidates=0 fee_age=0ms
MICRO HEARTBEAT state=watching symbols=1 signal_source=demo books=1 
demo_books=1 Bquotes=13396 Mdepth=0 Ddepth=14871 above_floor=0 
max_residual=0.000bps candidates=0 fee_age=0ms
MICRO HEARTBEAT state=watching symbols=1 signal_source=demo books=1 
demo_books=1 Bquotes=13482 Mdepth=0 Ddepth=14974 above_floor=0 
max_residual=0.000bps candidates=0 fee_age=0ms
MICRO HEARTBEAT state=watching symbols=1 signal_source=demo books=1 
demo_books=1 Bquotes=13534 Mdepth=0 Ddepth=15077 above_floor=0 
max_residual=0.000bps candidates=0 fee_age=0ms
MICRO HEARTBEAT state=watching symbols=1 signal_source=demo books=1 
demo_books=1 Bquotes=13567 Mdepth=0 Ddepth=15176 above_floor=0 
max_residual=0.000bps candidates=0 fee_age=0ms
MICRO HEARTBEAT state=watching symbols=1 signal_source=demo books=1 
demo_books=1 Bquotes=13594 Mdepth=0 Ddepth=15274 above_floor=0 
max_residual=0.000bps candidates=0 fee_age=0ms
MICRO HEARTBEAT state=watching symbols=1 signal_source=demo books=1 
demo_books=1 Bquotes=13623 Mdepth=0 Ddepth=15355 above_floor=0 
max_residual=0.000bps candidates=0 fee_age=0ms
MICRO HEARTBEAT state=watching symbols=1 signal_source=demo books=1 
demo_books=1 Bquotes=13696 Mdepth=0 Ddepth=15392 above_floor=0 
max_residual=0.000bps candidates=0 fee_age=67ms
MICRO HEARTBEAT state=watching symbols=1 signal_source=demo books=1 
demo_books=1 Bquotes=13721 Mdepth=0 Ddepth=15412 above_floor=0 
max_residual=0.000bps candidates=0 fee_age=50ms
MICRO HEARTBEAT state=watching symbols=1 signal_source=demo books=1 
demo_books=1 Bquotes=13742 Mdepth=0 Ddepth=15435 above_floor=0 
max_residual=0.000bps candidates=0 fee_age=45ms
MICRO HEARTBEAT state=watching symbols=1 signal_source=demo books=1 
demo_books=1 Bquotes=13770 Mdepth=0 Ddepth=15462 above_floor=0 
max_residual=0.000bps candidates=0 fee_age=0ms
MICRO HEARTBEAT state=watching symbols=1 signal_source=demo books=1 
demo_books=1 Bquotes=13818 Mdepth=0 Ddepth=15487 above_floor=0 
max_residual=0.000bps candidates=0 fee_age=1ms
MICRO HEARTBEAT state=watching symbols=1 signal_source=demo books=1 
demo_books=1 Bquotes=13844 Mdepth=0 Ddepth=15524 above_floor=0 
max_residual=0.000bps candidates=0 fee_age=0ms
MICRO HEARTBEAT state=watching symbols=1 signal_source=demo books=1 
demo_books=1 Bquotes=13868 Mdepth=0 Ddepth=15597 above_floor=0 
max_residual=0.000bps candidates=0 fee_age=0ms
MICRO HEARTBEAT state=watching symbols=1 signal_source=demo books=1 
demo_books=1 Bquotes=14229 Mdepth=0 Ddepth=15699 above_floor=0 
max_residual=0.734bps candidates=0 fee_age=379ms
MICRO HEARTBEAT state=watching symbols=1 signal_source=demo books=1 
demo_books=1 Bquotes=14321 Mdepth=0 Ddepth=15800 above_floor=0 
max_residual=0.000bps candidates=0 fee_age=401ms
MICRO HEARTBEAT state=watching symbols=1 signal_source=demo books=1 
demo_books=1 Bquotes=14350 Mdepth=0 Ddepth=15896 above_floor=0 
max_residual=0.000bps candidates=0 fee_age=308ms
MICRO HEARTBEAT state=watching symbols=1 signal_source=demo books=1 
demo_books=1 Bquotes=14382 Mdepth=0 Ddepth=16004 above_floor=0 
max_residual=0.000bps candidates=0 fee_age=287ms
MICRO HEARTBEAT state=watching symbols=1 signal_source=demo books=1 
demo_books=1 Bquotes=14436 Mdepth=0 Ddepth=16108 above_floor=0 
max_residual=0.000bps candidates=0 fee_age=182ms
MICRO SIGNAL XAUT_USDT SHORT residual=-1.066bps threshold=1.000 spread=0.229 
net=+0.066 B100=-1.066 M100=+0.000 Bage=2ms Mage=84ms DemoCross=1.0bps
DEMO ENTRY XAUT_USDT SHORT qty=2.292 LIVEEntry=4361.8 residual=-1.066 
notional=9997.25USDT leverage=1000x requested_margin=10.0000USDT 
strategy_equity=61.3767USDT sizing=TARGET_NOTIONAL spread=0.229 
DemoFeeReported=0
MICRO POSITION XAUT_USDT mark=+0.229bps MFE=+0.229 MAE=+0.000 
DemoNetMark=+0.229200USDT DemoNet=+0.229bps DemoMFE=+0.229 DemoMAE=+0.000 
TRAIL=OFF residual=+0.000bps B100=+0.000
MICRO EXIT XAUT_USDT reason=microspread_converged LIVEpnl=+0.916800USDT 
move=+0.917bps MFE=+0.917 MAE=+0.000 hold=4906ms DemoExit=4361.4 
DemoGross=+0.916800 DemoNet=+0.916800 DemoFee=0
MICRO HEARTBEAT state=watching symbols=1 signal_source=demo books=1 
demo_books=1 Bquotes=14609 Mdepth=0 Ddepth=16317 above_floor=0 
max_residual=0.000bps candidates=0 fee_age=4153ms
MICRO HEARTBEAT state=watching symbols=1 signal_source=demo books=1 
demo_books=1 Bquotes=14617 Mdepth=0 Ddepth=16412 above_floor=0 
max_residual=0.000bps candidates=0 fee_age=4173ms
MICRO HEARTBEAT state=watching symbols=1 signal_source=demo books=1 
demo_books=1 Bquotes=14640 Mdepth=0 Ddepth=16508 above_floor=0 
max_residual=0.000bps candidates=0 fee_age=4157ms
MICRO HEARTBEAT state=watching symbols=1 signal_source=demo books=1 
demo_books=1 Bquotes=14682 Mdepth=0 Ddepth=16603 above_floor=0 
max_residual=0.000bps candidates=0 fee_age=4039ms
MICRO HEARTBEAT state=watching symbols=1 signal_source=demo books=1 
demo_books=1 Bquotes=14779 Mdepth=0 Ddepth=16706 above_floor=1 
max_residual=1.123bps candidates=0 fee_age=3994ms
MICRO HEARTBEAT state=watching symbols=1 signal_source=demo books=1 
demo_books=1 Bquotes=14836 Mdepth=0 Ddepth=16800 above_floor=0 
max_residual=0.000bps candidates=0 fee_age=3933ms
MICRO HEARTBEAT state=watching symbols=1 signal_source=demo books=1 
demo_books=1 Bquotes=14890 Mdepth=0 Ddepth=16861 above_floor=0 
max_residual=0.000bps candidates=0 fee_age=3873ms
MICRO HEARTBEAT state=watching symbols=1 signal_source=demo books=1 
demo_books=1 Bquotes=14994 Mdepth=0 Ddepth=16881 above_floor=0 
max_residual=0.000bps candidates=0 fee_age=3807ms
MICRO HEARTBEAT state=watching symbols=1 signal_source=demo books=1 
demo_books=1 Bquotes=15065 Mdepth=0 Ddepth=16915 above_floor=0 
max_residual=0.000bps candidates=0 fee_age=3713ms
MICRO HEARTBEAT state=watching symbols=1 signal_source=demo books=1 
demo_books=1 Bquotes=15177 Mdepth=0 Ddepth=16940 above_floor=0 
max_residual=0.000bps candidates=0 fee_age=3673ms
MICRO HEARTBEAT state=watching symbols=1 signal_source=demo books=1 
demo_books=1 Bquotes=15298 Mdepth=0 Ddepth=16965 above_floor=0 
max_residual=0.000bps candidates=0 fee_age=3520ms
MICRO HEARTBEAT state=watching symbols=1 signal_source=demo books=1 
demo_books=1 Bquotes=15391 Mdepth=0 Ddepth=16987 above_floor=0 
max_residual=0.000bps candidates=0 fee_age=3463ms
MICRO HEARTBEAT state=watching symbols=1 signal_source=demo books=1 
demo_books=1 Bquotes=15546 Mdepth=0 Ddepth=17035 above_floor=0 
max_residual=0.000bps candidates=0 fee_age=3518ms
MICRO HEARTBEAT state=watching symbols=1 signal_source=demo books=1 
demo_books=1 Bquotes=15632 Mdepth=0 Ddepth=17113 above_floor=0 
max_residual=0.000bps candidates=0 fee_age=3345ms
MICRO HEARTBEAT state=watching symbols=1 signal_source=demo books=1 
demo_books=1 Bquotes=15728 Mdepth=0 Ddepth=17208 above_floor=0 
max_residual=0.000bps candidates=0 fee_age=3281ms
MICRO HEARTBEAT state=watching symbols=1 signal_source=demo books=1 
demo_books=1 Bquotes=15838 Mdepth=0 Ddepth=17305 above_floor=0 
max_residual=0.000bps candidates=0 fee_age=3198ms
MICRO HEARTBEAT state=watching symbols=1 signal_source=demo books=1 
demo_books=1 Bquotes=15882 Mdepth=0 Ddepth=17412 above_floor=0 
max_residual=0.000bps candidates=0 fee_age=3188ms
MICRO HEARTBEAT state=watching symbols=1 signal_source=demo books=1 
demo_books=1 Bquotes=15944 Mdepth=0 Ddepth=17515 above_floor=0 
max_residual=0.000bps candidates=0 fee_age=3178ms
MICRO HEARTBEAT state=watching symbols=1 signal_source=demo books=1 
demo_books=1 Bquotes=16033 Mdepth=0 Ddepth=17617 above_floor=0 
max_residual=0.000bps candidates=0 fee_age=3007ms
MICRO HEARTBEAT state=watching symbols=1 signal_source=demo books=1 
demo_books=1 Bquotes=16104 Mdepth=0 Ddepth=17719 above_floor=0 
max_residual=0.000bps candidates=0 fee_age=2974ms
MICRO HEARTBEAT state=watching symbols=1 signal_source=demo books=1 
demo_books=1 Bquotes=16153 Mdepth=0 Ddepth=17823 above_floor=0 
max_residual=0.000bps candidates=0 fee_age=2795ms
MICRO HEARTBEAT state=watching symbols=1 signal_source=demo books=1 
demo_books=1 Bquotes=16196 Mdepth=0 Ddepth=17921 above_floor=0 
max_residual=0.000bps candidates=0 fee_age=2791ms
MICRO HEARTBEAT state=watching symbols=1 signal_source=demo books=1 
demo_books=1 Bquotes=16235 Mdepth=0 Ddepth=17994 above_floor=0 
max_residual=0.000bps candidates=0 fee_age=2789ms
MICRO HEARTBEAT state=watching symbols=1 signal_source=demo books=1 
demo_books=1 Bquotes=16268 Mdepth=0 Ddepth=18077 above_floor=0 
max_residual=0.000bps candidates=0 fee_age=2612ms
MICRO HEARTBEAT state=watching symbols=1 signal_source=demo books=1 
demo_books=1 Bquotes=16292 Mdepth=0 Ddepth=18174 above_floor=0 
max_residual=0.000bps candidates=0 fee_age=2555ms
MICRO HEARTBEAT state=watching symbols=1 signal_source=demo books=1 
demo_books=1 Bquotes=16358 Mdepth=0 Ddepth=18268 above_floor=0 
max_residual=0.000bps candidates=0 fee_age=2543ms
MICRO HEARTBEAT state=watching symbols=1 signal_source=demo books=1 
demo_books=1 Bquotes=16496 Mdepth=0 Ddepth=18324 above_floor=0 
max_residual=0.000bps candidates=0 fee_age=2485ms
MICRO HEARTBEAT state=watching symbols=1 signal_source=demo books=1 
demo_books=1 Bquotes=16615 Mdepth=0 Ddepth=18361 above_floor=0 
max_residual=0.000bps candidates=0 fee_age=2456ms
MICRO HEARTBEAT state=watching symbols=1 signal_source=demo books=1 
demo_books=1 Bquotes=16705 Mdepth=0 Ddepth=18389 above_floor=0 
max_residual=0.000bps candidates=0 fee_age=2381ms
MICRO HEARTBEAT state=watching symbols=1 signal_source=demo books=1 
demo_books=1 Bquotes=16741 Mdepth=0 Ddepth=18409 above_floor=0 
max_residual=0.000bps candidates=0 fee_age=2329ms
MICRO HEARTBEAT state=watching symbols=1 signal_source=demo books=1 
demo_books=1 Bquotes=16769 Mdepth=0 Ddepth=18431 above_floor=0 
max_residual=0.000bps candidates=0 fee_age=2203ms
MICRO HEARTBEAT state=watching symbols=1 signal_source=demo books=1 
demo_books=1 Bquotes=16801 Mdepth=0 Ddepth=18462 above_floor=0 
max_residual=0.000bps candidates=0 fee_age=2138ms
MICRO HEARTBEAT state=watching symbols=1 signal_source=demo books=1 
demo_books=1 Bquotes=16855 Mdepth=0 Ddepth=18490 above_floor=0 
max_residual=0.000bps candidates=0 fee_age=1972ms
MICRO HEARTBEAT state=watching symbols=1 signal_source=demo books=1 
demo_books=1 Bquotes=16884 Mdepth=0 Ddepth=18565 above_floor=0 
max_residual=0.000bps candidates=0 fee_age=1956ms
MICRO HEARTBEAT state=watching symbols=1 signal_source=demo books=1 
demo_books=1 Bquotes=16981 Mdepth=0 Ddepth=18660 above_floor=0 
max_residual=0.000bps candidates=0 fee_age=2040ms
MICRO HEARTBEAT state=watching symbols=1 signal_source=demo books=1 
demo_books=1 Bquotes=17045 Mdepth=0 Ddepth=18756 above_floor=0 
max_residual=0.000bps candidates=0 fee_age=1943ms
MICRO HEARTBEAT state=watching symbols=1 signal_source=demo books=1 
demo_books=1 Bquotes=17093 Mdepth=0 Ddepth=18848 above_floor=0 
max_residual=0.000bps candidates=0 fee_age=1934ms
MICRO HEARTBEAT state=watching symbols=1 signal_source=demo books=1 
demo_books=1 Bquotes=17216 Mdepth=0 Ddepth=18955 above_floor=0 
max_residual=0.000bps candidates=0 fee_age=1836ms
MICRO HEARTBEAT state=watching symbols=1 signal_source=demo books=1 
demo_books=1 Bquotes=17353 Mdepth=0 Ddepth=19062 above_floor=0 
max_residual=0.000bps candidates=0 fee_age=1685ms
MICRO HEARTBEAT state=watching symbols=1 signal_source=demo books=1 
demo_books=1 Bquotes=17367 Mdepth=0 Ddepth=19166 above_floor=0 
max_residual=0.000bps candidates=0 fee_age=1738ms
MICRO HEARTBEAT state=watching symbols=1 signal_source=demo books=1 
demo_books=1 Bquotes=17379 Mdepth=0 Ddepth=19273 above_floor=0 
max_residual=0.000bps candidates=0 fee_age=1766ms
MICRO HEARTBEAT state=watching symbols=1 signal_source=demo books=1 
demo_books=1 Bquotes=17417 Mdepth=0 Ddepth=19385 above_floor=0 
max_residual=0.000bps candidates=0 fee_age=1681ms
MICRO HEARTBEAT state=watching symbols=1 signal_source=demo books=1 
demo_books=1 Bquotes=17454 Mdepth=0 Ddepth=19490 above_floor=0 
max_residual=0.000bps candidates=0 fee_age=1233ms
MICRO HEARTBEAT state=watching symbols=1 signal_source=demo books=1 
demo_books=1 Bquotes=17476 Mdepth=0 Ddepth=19604 above_floor=0 
max_residual=0.000bps candidates=0 fee_age=1533ms
MICRO HEARTBEAT state=watching symbols=1 signal_source=demo books=1 
demo_books=1 Bquotes=17506 Mdepth=0 Ddepth=19708 above_floor=0 
max_residual=0.000bps candidates=0 fee_age=1453ms
MICRO HEARTBEAT state=watching symbols=1 signal_source=demo books=1 
demo_books=1 Bquotes=17525 Mdepth=0 Ddepth=19809 above_floor=0 
max_residual=0.000bps candidates=0 fee_age=1399ms
MICRO HEARTBEAT state=watching symbols=1 signal_source=demo books=1 
demo_books=1 Bquotes=17544 Mdepth=0 Ddepth=19887 above_floor=0 
max_residual=0.000bps candidates=0 fee_age=1316ms
