Traceback (most recent call last):
  File "D:\Mexc_tick_scalper\MEXC-Tick-scalper\.venv\Lib\site-packages\aiohttp\connector.py", line 1571, in _create_direct_connection
    hosts = await self._resolve_host(host, port, traces=traces)
            ^^^^^^^^^^^^^^^^^^^^^^^^^^^^^^^^^^^^^^^^^^^^^^^^^^^
  File "D:\Mexc_tick_scalper\MEXC-Tick-scalper\.venv\Lib\site-packages\aiohttp\connector.py", line 1181, in _resolve_host
    return await asyncio.shield(resolved_host_task)
           ^^^^^^^^^^^^^^^^^^^^^^^^^^^^^^^^^^^^^^^^
  File "D:\Mexc_tick_scalper\MEXC-Tick-scalper\.venv\Lib\site-packages\aiohttp\connector.py", line 1212, in _resolve_host_with_throttle
    addrs = await self._resolver.resolve(host, port, family=self._family)
            ^^^^^^^^^^^^^^^^^^^^^^^^^^^^^^^^^^^^^^^^^^^^^^^^^^^^^^^^^^^^^
  File "D:\Mexc_tick_scalper\MEXC-Tick-scalper\.venv\Lib\site-packages\aiohttp\resolver.py", line 47, in resolve
    infos = await self._loop.getaddrinfo(
            ^^^^^^^^^^^^^^^^^^^^^^^^^^^^^
    ...<5 lines>...
    )
    ^
  File "C:\Python314\Lib\asyncio\base_events.py", line 936, in getaddrinfo
    return await self.run_in_executor(
           ^^^^^^^^^^^^^^^^^^^^^^^^^^^
        None, getaddr_func, host, port, family, type, proto, flags)
        ^^^^^^^^^^^^^^^^^^^^^^^^^^^^^^^^^^^^^^^^^^^^^^^^^^^^^^^^^^^
  File "C:\Python314\Lib\concurrent\futures\thread.py", line 86, in run
    result = ctx.run(self.task)
  File "C:\Python314\Lib\concurrent\futures\thread.py", line 73, in run
    return fn(*args, **kwargs)
  File "C:\Python314\Lib\socket.py", line 983, in getaddrinfo
    for res in _socket.getaddrinfo(host, port, family, type, proto, flags):
               ~~~~~~~~~~~~~~~~~~~^^^^^^^^^^^^^^^^^^^^^^^^^^^^^^^^^^^^^^^^
socket.gaierror: [Errno 11001] getaddrinfo failed

The above exception was the direct cause of the following exception:

Traceback (most recent call last):
  File "<frozen runpy>", line 198, in _run_module_as_main
  File "<frozen runpy>", line 88, in _run_code
  File "D:\Mexc_tick_scalper\MEXC-Tick-scalper\src\mexc_tick_scalper\demo_microspread_test.py", line 1374, in <module>
    hybrid.console.print(f"[red]MICROSPREAD DEMO FAILED:[/red] {exc}")
    ^^
  File "D:\Mexc_tick_scalper\MEXC-Tick-scalper\src\mexc_tick_scalper\demo_microspread_test.py", line 1363, in main
  File "C:\Python314\Lib\asyncio\runners.py", line 204, in run
    return runner.run(main)
           ~~~~~~~~~~^^^^^^
  File "C:\Python314\Lib\asyncio\runners.py", line 127, in run
    return self._loop.run_until_complete(task)
           ~~~~~~~~~~~~~~~~~~~~~~~~~~~~~^^^^^^
  File "C:\Python314\Lib\asyncio\base_events.py", line 719, in run_until_complete
    return future.result()
           ~~~~~~~~~~~~~^^
  File "D:\Mexc_tick_scalper\MEXC-Tick-scalper\src\mexc_tick_scalper\demo_microspread_test.py", line 793, in run
    while time.monotonic() < deadline and cycles < int(args.max_cycles):
                                ^^^^^^^^^^^^^^^^^^^^^^^^^^^^^^^^^^^^^^^^
  File "D:\Mexc_tick_scalper\MEXC-Tick-scalper\src\mexc_tick_scalper\web_fee.py", line 67, in read_web_fee_provider
    payload = await adapter.get_fee_rates()
              ^^^^^^^^^^^^^^^^^^^^^^^^^^^^^
  File "D:\Mexc_tick_scalper\MEXC-Tick-scalper\src\mexc_tick_scalper\web_execution.py", line 210, in get_fee_rates
    return await self._request("GET", "/private/account/contract/fee_rate")
           ^^^^^^^^^^^^^^^^^^^^^^^^^^^^^^^^^^^^^^^^^^^^^^^^^^^^^^^^^^^^^^^^
  File "D:\Mexc_tick_scalper\MEXC-Tick-scalper\src\mexc_tick_scalper\web_execution.py", line 181, in _request
    async with session.request(method, url, **request_kwargs) as response:
               ~~~~~~~~~~~~~~~^^^^^^^^^^^^^^^^^^^^^^^^^^^^^^^
  File "D:\Mexc_tick_scalper\MEXC-Tick-scalper\.venv\Lib\site-packages\aiohttp\client.py", line 1693, in __aenter__
    self._resp: _RetType_co = await self._coro
                              ^^^^^^^^^^^^^^^^
  File "D:\Mexc_tick_scalper\MEXC-Tick-scalper\.venv\Lib\site-packages\aiohttp\client.py", line 858, in _request
    resp = await handler(req)
           ^^^^^^^^^^^^^^^^^^
  File "D:\Mexc_tick_scalper\MEXC-Tick-scalper\.venv\Lib\site-packages\aiohttp\client.py", line 812, in _connect_and_send_request
    conn = await self._connector.connect(
           ^^^^^^^^^^^^^^^^^^^^^^^^^^^^^^
        req, traces=traces, timeout=real_timeout
        ^^^^^^^^^^^^^^^^^^^^^^^^^^^^^^^^^^^^^^^^
    )
    ^
  File "D:\Mexc_tick_scalper\MEXC-Tick-scalper\.venv\Lib\site-packages\aiohttp\connector.py", line 657, in connect
    proto = await self._create_connection(req, traces, timeout)
            ^^^^^^^^^^^^^^^^^^^^^^^^^^^^^^^^^^^^^^^^^^^^^^^^^^^
  File "D:\Mexc_tick_scalper\MEXC-Tick-scalper\.venv\Lib\site-packages\aiohttp\connector.py", line 1242, in _create_connection
    _, proto = await self._create_direct_connection(req, traces, timeout)
               ^^^^^^^^^^^^^^^^^^^^^^^^^^^^^^^^^^^^^^^^^^^^^^^^^^^^^^^^^^
  File "D:\Mexc_tick_scalper\MEXC-Tick-scalper\.venv\Lib\site-packages\aiohttp\connector.py", line 1577, in _create_direct_connection
    raise ClientConnectorDNSError(req.connection_key, exc) from exc
aiohttp.client_exceptions.ClientConnectorDNSError: Cannot connect to host futures.mexc.com:443 ssl:default [getaddrinfo failed]
