LIVE MICROSPREAD -> DEMO: 1 symbol(s); event-driven Binance bookTicker + MEXC 
DEMO depth; all order writes TESTNET only.
Fee gate: Demo exact 0/0 + explicit Demo-only experiment
Excursion telemetry CSV: 
D:\Mexc_tick_scalper\MEXC-Tick-scalper\xaut_10k_bounded_100_excursions_20260815
.csv
Residual telemetry CSV: 
D:\Mexc_tick_scalper\MEXC-Tick-scalper\xaut_10k_bounded_100_residuals_20260815.
csv
Symbols: XAUT_USDT
Micro gate: residual >= max(0.50bps, LIVE spread+0.25bps, spread*1.05); Binance
micro-move >= 0.020bps; basis baseline=8s excluding newest 1000ms.
Demo sizing: available=47045.1USDT mode=10000USDT target IOC notional
MICRO HEARTBEAT state=warming symbols=1 signal_source=demo books=1 demo_books=1
Bquotes=0 Mdepth=0 Ddepth=5 above_floor=0 max_residual=0.000bps candidates=0 
fee_age=0ms
MICRO HEARTBEAT state=watching symbols=1 signal_source=demo books=1 
demo_books=1 Bquotes=101 Mdepth=0 Ddepth=113 above_floor=0 
max_residual=0.000bps candidates=0 fee_age=4312ms
MICRO HEARTBEAT state=watching symbols=1 signal_source=demo books=1 
demo_books=1 Bquotes=195 Mdepth=0 Ddepth=217 above_floor=0 
max_residual=0.000bps candidates=0 fee_age=4281ms
MICRO HEARTBEAT state=watching symbols=1 signal_source=demo books=1 
demo_books=1 Bquotes=214 Mdepth=0 Ddepth=323 above_floor=0 
max_residual=0.000bps candidates=0 fee_age=4265ms
MICRO HEARTBEAT state=watching symbols=1 signal_source=demo books=1 
demo_books=1 Bquotes=236 Mdepth=0 Ddepth=429 above_floor=0 
max_residual=0.000bps candidates=0 fee_age=4225ms
MICRO HEARTBEAT state=watching symbols=1 signal_source=demo books=1 
demo_books=1 Bquotes=290 Mdepth=0 Ddepth=538 above_floor=0 
max_residual=0.000bps candidates=0 fee_age=4124ms
MICRO HEARTBEAT state=watching symbols=1 signal_source=demo books=1 
demo_books=1 Bquotes=337 Mdepth=0 Ddepth=642 above_floor=0 
max_residual=0.000bps candidates=0 fee_age=4047ms
MICRO HEARTBEAT state=watching symbols=1 signal_source=demo books=1 
demo_books=1 Bquotes=362 Mdepth=0 Ddepth=741 above_floor=0 
max_residual=0.000bps candidates=0 fee_age=3998ms
MICRO HEARTBEAT state=watching symbols=1 signal_source=demo books=1 
demo_books=1 Bquotes=381 Mdepth=0 Ddepth=853 above_floor=0 
max_residual=0.000bps candidates=0 fee_age=3972ms
MICRO HEARTBEAT state=watching symbols=1 signal_source=demo books=1 
demo_books=1 Bquotes=468 Mdepth=0 Ddepth=935 above_floor=0 
max_residual=0.000bps candidates=0 fee_age=3843ms
MICRO SIGNAL XAUT_USDT LONG residual=+0.849bps threshold=0.500 spread=0.229 
net=+0.349 B100=+0.528 M100=+0.000 Bage=2ms Mage=30ms DemoCross=1.0bps
DEMO ENTRY XAUT_USDT LONG qty=2.293 LIVEEntry=4359 residual=+0.849 
notional=9995.19USDT leverage=1000x requested_margin=10.0000USDT 
strategy_equity=60.0000USDT sizing=TARGET_NOTIONAL spread=0.229 
DemoFeeReported=0
MICRO POSITION XAUT_USDT mark=-0.229bps MFE=+0.000 MAE=-0.229 
DemoNetMark=-0.229300USDT DemoNet=-0.229bps DemoMFE=+0.000 DemoMAE=-0.229 
TRAIL=OFF residual=+0.000bps B100=+0.000
MICRO POSITION XAUT_USDT mark=-0.229bps MFE=+0.000 MAE=-0.229 
DemoNetMark=-0.229300USDT DemoNet=-0.229bps DemoMFE=+0.000 DemoMAE=-0.229 
TRAIL=OFF residual=+0.000bps B100=+0.000
MICRO EXIT XAUT_USDT reason=nonpositive_timeout LIVEpnl=-0.229300USDT 
move=-0.229bps MFE=+0.000 MAE=-0.229 hold=30026ms DemoExit=4358.8 
DemoGross=-0.458600 DemoNet=-0.458600 DemoFee=0
MICRO HEARTBEAT state=watching symbols=1 signal_source=demo books=1 
demo_books=1 Bquotes=953 Mdepth=0 Ddepth=1022 above_floor=0 
max_residual=0.000bps candidates=0 fee_age=2787ms
MICRO HEARTBEAT state=watching symbols=1 signal_source=demo books=1 
demo_books=1 Bquotes=1348 Mdepth=0 Ddepth=1043 above_floor=0 
max_residual=0.000bps candidates=0 fee_age=2750ms
MICRO HEARTBEAT state=watching symbols=1 signal_source=demo books=1 
demo_books=1 Bquotes=1400 Mdepth=0 Ddepth=1079 above_floor=0 
max_residual=0.000bps candidates=0 fee_age=2608ms
MICRO HEARTBEAT state=watching symbols=1 signal_source=demo books=1 
demo_books=1 Bquotes=1445 Mdepth=0 Ddepth=1133 above_floor=0 
max_residual=0.000bps candidates=0 fee_age=2682ms
MICRO HEARTBEAT state=watching symbols=1 signal_source=demo books=1 
demo_books=1 Bquotes=1499 Mdepth=0 Ddepth=1216 above_floor=0 
max_residual=0.000bps candidates=0 fee_age=2571ms
MICRO HEARTBEAT state=watching symbols=1 signal_source=demo books=1 
demo_books=1 Bquotes=1550 Mdepth=0 Ddepth=1321 above_floor=0 
max_residual=0.000bps candidates=0 fee_age=2521ms
MICRO HEARTBEAT state=watching symbols=1 signal_source=demo books=1 
demo_books=1 Bquotes=1642 Mdepth=0 Ddepth=1415 above_floor=0 
max_residual=0.000bps candidates=0 fee_age=2504ms
MICRO HEARTBEAT state=watching symbols=1 signal_source=demo books=1 
demo_books=1 Bquotes=1934 Mdepth=0 Ddepth=1512 above_floor=0 
max_residual=0.000bps candidates=0 fee_age=2026ms
MICRO HEARTBEAT state=watching symbols=1 signal_source=demo books=1 
demo_books=1 Bquotes=1977 Mdepth=0 Ddepth=1603 above_floor=0 
max_residual=0.000bps candidates=0 fee_age=2322ms
MICRO HEARTBEAT state=watching symbols=1 signal_source=demo books=1 
demo_books=1 Bquotes=2016 Mdepth=0 Ddepth=1702 above_floor=0 
max_residual=0.000bps candidates=0 fee_age=2240ms
MICRO HEARTBEAT state=watching symbols=1 signal_source=demo books=1 
demo_books=1 Bquotes=2070 Mdepth=0 Ddepth=1791 above_floor=0 
max_residual=0.000bps candidates=0 fee_age=2213ms
MICRO SIGNAL XAUT_USDT SHORT residual=-0.768bps threshold=0.500 spread=0.229 
net=+0.268 B100=-0.768 M100=+0.000 Bage=1ms Mage=94ms DemoCross=1.0bps
DEMO ENTRY XAUT_USDT SHORT qty=2.293 LIVEEntry=4360 residual=-0.768 
notional=9997.48USDT leverage=1000x requested_margin=10.0000USDT 
strategy_equity=59.5414USDT sizing=TARGET_NOTIONAL spread=0.229 
DemoFeeReported=0
MICRO POSITION XAUT_USDT mark=-0.229bps MFE=+0.000 MAE=-0.229 
DemoNetMark=-0.458600USDT DemoNet=-0.459bps DemoMFE=+0.000 DemoMAE=-0.459 
TRAIL=OFF residual=+0.000bps B100=+0.000
MICRO POSITION XAUT_USDT mark=-0.229bps MFE=+0.000 MAE=-0.229 
DemoNetMark=-0.458600USDT DemoNet=-0.459bps DemoMFE=+0.000 DemoMAE=-0.459 
TRAIL=OFF residual=+0.000bps B100=+0.000
MICRO EXIT XAUT_USDT reason=nonpositive_timeout LIVEpnl=-0.229300USDT 
move=-0.229bps MFE=+0.000 MAE=-0.229 hold=30008ms DemoExit=4360.1 
DemoGross=-0.458600 DemoNet=-0.458600 DemoFee=0
MICRO HEARTBEAT state=watching symbols=1 signal_source=demo books=1 
demo_books=1 Bquotes=2346 Mdepth=0 Ddepth=2080 above_floor=0 
max_residual=0.000bps candidates=0 fee_age=2059ms
MICRO HEARTBEAT state=watching symbols=1 signal_source=demo books=1 
demo_books=1 Bquotes=2359 Mdepth=0 Ddepth=2186 above_floor=0 
max_residual=0.000bps candidates=0 fee_age=2042ms
MICRO HEARTBEAT state=watching symbols=1 signal_source=demo books=1 
demo_books=1 Bquotes=2381 Mdepth=0 Ddepth=2295 above_floor=0 
max_residual=0.000bps candidates=0 fee_age=2013ms
MICRO HEARTBEAT state=watching symbols=1 signal_source=demo books=1 
demo_books=1 Bquotes=2396 Mdepth=0 Ddepth=2397 above_floor=0 
max_residual=0.000bps candidates=0 fee_age=1888ms
MICRO HEARTBEAT state=watching symbols=1 signal_source=demo books=1 
demo_books=1 Bquotes=2425 Mdepth=0 Ddepth=2501 above_floor=0 
max_residual=0.000bps candidates=0 fee_age=1892ms
MICRO HEARTBEAT state=watching symbols=1 signal_source=demo books=1 
demo_books=1 Bquotes=2462 Mdepth=0 Ddepth=2605 above_floor=0 
max_residual=0.000bps candidates=0 fee_age=1867ms
MICRO HEARTBEAT state=watching symbols=1 signal_source=demo books=1 
demo_books=1 Bquotes=2486 Mdepth=0 Ddepth=2702 above_floor=0 
max_residual=0.000bps candidates=0 fee_age=1793ms
MICRO HEARTBEAT state=watching symbols=1 signal_source=demo books=1 
demo_books=1 Bquotes=2496 Mdepth=0 Ddepth=2792 above_floor=0 
max_residual=0.000bps candidates=0 fee_age=1876ms
MICRO HEARTBEAT state=watching symbols=1 signal_source=demo books=1 
demo_books=1 Bquotes=2520 Mdepth=0 Ddepth=2854 above_floor=0 
max_residual=0.000bps candidates=0 fee_age=1822ms
MICRO HEARTBEAT state=watching symbols=1 signal_source=demo books=1 
demo_books=1 Bquotes=2549 Mdepth=0 Ddepth=2888 above_floor=0 
max_residual=0.000bps candidates=0 fee_age=1784ms
MICRO HEARTBEAT state=watching symbols=1 signal_source=demo books=1 
demo_books=1 Bquotes=2570 Mdepth=0 Ddepth=2919 above_floor=0 
max_residual=0.000bps candidates=0 fee_age=1816ms
MICRO HEARTBEAT state=watching symbols=1 signal_source=demo books=1 
demo_books=1 Bquotes=2605 Mdepth=0 Ddepth=2946 above_floor=0 
max_residual=0.000bps candidates=0 fee_age=1742ms
MICRO HEARTBEAT state=watching symbols=1 signal_source=demo books=1 
demo_books=1 Bquotes=2657 Mdepth=0 Ddepth=2965 above_floor=0 
max_residual=0.000bps candidates=0 fee_age=1692ms
MICRO HEARTBEAT state=watching symbols=1 signal_source=demo books=1 
demo_books=1 Bquotes=2674 Mdepth=0 Ddepth=2987 above_floor=0 
max_residual=0.000bps candidates=0 fee_age=1694ms
MICRO HEARTBEAT state=watching symbols=1 signal_source=demo books=1 
demo_books=1 Bquotes=2691 Mdepth=0 Ddepth=3055 above_floor=0 
max_residual=0.000bps candidates=0 fee_age=1635ms
MICRO HEARTBEAT state=watching symbols=1 signal_source=demo books=1 
demo_books=1 Bquotes=2726 Mdepth=0 Ddepth=3155 above_floor=0 
max_residual=0.000bps candidates=0 fee_age=1548ms
MICRO HEARTBEAT state=watching symbols=1 signal_source=demo books=1 
demo_books=1 Bquotes=2810 Mdepth=0 Ddepth=3261 above_floor=0 
max_residual=0.000bps candidates=0 fee_age=1089ms
MICRO HEARTBEAT state=watching symbols=1 signal_source=demo books=1 
demo_books=1 Bquotes=2828 Mdepth=0 Ddepth=3365 above_floor=0 
max_residual=0.000bps candidates=0 fee_age=1491ms
MICRO HEARTBEAT state=watching symbols=1 signal_source=demo books=1 
demo_books=1 Bquotes=2858 Mdepth=0 Ddepth=3468 above_floor=0 
max_residual=0.000bps candidates=0 fee_age=1406ms
MICRO HEARTBEAT state=watching symbols=1 signal_source=demo books=1 
demo_books=1 Bquotes=2872 Mdepth=0 Ddepth=3562 above_floor=0 
max_residual=0.000bps candidates=0 fee_age=1290ms
MICRO HEARTBEAT state=watching symbols=1 signal_source=demo books=1 
demo_books=1 Bquotes=2895 Mdepth=0 Ddepth=3654 above_floor=0 
max_residual=0.000bps candidates=0 fee_age=787ms
MICRO HEARTBEAT state=watching symbols=1 signal_source=demo books=1 
demo_books=1 Bquotes=2908 Mdepth=0 Ddepth=3751 above_floor=0 
max_residual=0.000bps candidates=0 fee_age=1161ms
MICRO HEARTBEAT state=watching symbols=1 signal_source=demo books=1 
demo_books=1 Bquotes=2923 Mdepth=0 Ddepth=3858 above_floor=0 
max_residual=0.000bps candidates=0 fee_age=977ms
MICRO HEARTBEAT state=watching symbols=1 signal_source=demo books=1 
demo_books=1 Bquotes=2972 Mdepth=0 Ddepth=3953 above_floor=0 
max_residual=0.000bps candidates=0 fee_age=936ms
MICRO HEARTBEAT state=watching symbols=1 signal_source=demo books=1 
demo_books=1 Bquotes=2996 Mdepth=0 Ddepth=4045 above_floor=0 
max_residual=0.000bps candidates=0 fee_age=926ms
MICRO HEARTBEAT state=watching symbols=1 signal_source=demo books=1 
demo_books=1 Bquotes=3021 Mdepth=0 Ddepth=4138 above_floor=0 
max_residual=0.000bps candidates=0 fee_age=738ms
MICRO HEARTBEAT state=watching symbols=1 signal_source=demo books=1 
demo_books=1 Bquotes=3037 Mdepth=0 Ddepth=4233 above_floor=0 
max_residual=0.000bps candidates=0 fee_age=765ms
MICRO HEARTBEAT state=watching symbols=1 signal_source=demo books=1 
demo_books=1 Bquotes=3069 Mdepth=0 Ddepth=4326 above_floor=0 
max_residual=0.000bps candidates=0 fee_age=699ms
MICRO HEARTBEAT state=watching symbols=1 signal_source=demo books=1 
demo_books=1 Bquotes=3239 Mdepth=0 Ddepth=4381 above_floor=0 
max_residual=0.000bps candidates=0 fee_age=588ms
MICRO HEARTBEAT state=watching symbols=1 signal_source=demo books=1 
demo_books=1 Bquotes=3262 Mdepth=0 Ddepth=4408 above_floor=0 
max_residual=0.000bps candidates=0 fee_age=505ms
